Component: Arm Compiler for Embedded 6.19 Tool: armlink [5e73cb00]

==============================================================================

Section Cross References

    startup_stm32f103xe.o(STACK) refers (Special) to heapauxi.o(.text) for __use_two_region_memory
    startup_stm32f103xe.o(HEAP) refers (Special) to heapauxi.o(.text) for __use_two_region_memory
    startup_stm32f103xe.o(RESET) refers (Special) to heapauxi.o(.text) for __use_two_region_memory
    startup_stm32f103xe.o(RESET) refers to startup_stm32f103xe.o(STACK) for __initial_sp
    startup_stm32f103xe.o(RESET) refers to startup_stm32f103xe.o(.text) for Reset_Handler
    startup_stm32f103xe.o(RESET) refers to stm32f1xx_it.o(.text.NMI_Handler) for NMI_Handler
    startup_stm32f103xe.o(RESET) refers to stm32f1xx_it.o(.text.HardFault_Handler) for HardFault_Handler
    startup_stm32f103xe.o(RESET) refers to stm32f1xx_it.o(.text.MemManage_Handler) for MemManage_Handler
    startup_stm32f103xe.o(RESET) refers to stm32f1xx_it.o(.text.BusFault_Handler) for BusFault_Handler
    startup_stm32f103xe.o(RESET) refers to stm32f1xx_it.o(.text.UsageFault_Handler) for UsageFault_Handler
    startup_stm32f103xe.o(RESET) refers to stm32f1xx_it.o(.text.SVC_Handler) for SVC_Handler
    startup_stm32f103xe.o(RESET) refers to stm32f1xx_it.o(.text.DebugMon_Handler) for DebugMon_Handler
    startup_stm32f103xe.o(RESET) refers to stm32f1xx_it.o(.text.PendSV_Handler) for PendSV_Handler
    startup_stm32f103xe.o(RESET) refers to stm32f1xx_it.o(.text.SysTick_Handler) for SysTick_Handler
    startup_stm32f103xe.o(RESET) refers to stm32f1xx_it.o(.text.DMA1_Channel1_IRQHandler) for DMA1_Channel1_IRQHandler
    startup_stm32f103xe.o(RESET) refers to stm32f1xx_it.o(.text.TIM1_UP_IRQHandler) for TIM1_UP_IRQHandler
    startup_stm32f103xe.o(RESET) refers to stm32f1xx_it.o(.text.USART2_IRQHandler) for USART2_IRQHandler
    startup_stm32f103xe.o(RESET) refers to stm32f1xx_it.o(.text.USART3_IRQHandler) for USART3_IRQHandler
    startup_stm32f103xe.o(.text) refers (Special) to heapauxi.o(.text) for __use_two_region_memory
    startup_stm32f103xe.o(.text) refers to system_stm32f1xx.o(.text.SystemInit) for SystemInit
    startup_stm32f103xe.o(.text) refers to __main.o(!!!main) for __main
    startup_stm32f103xe.o(.text) refers to startup_stm32f103xe.o(HEAP) for Heap_Mem
    startup_stm32f103xe.o(.text) refers to startup_stm32f103xe.o(STACK) for Stack_Mem
    main.o(.text) refers (Special) to _printf_percent.o(.ARM.Collect$$_printf_percent$$00000000) for _printf_percent
    main.o(.text) refers (Special) to _printf_c.o(.ARM.Collect$$_printf_percent$$00000013) for _printf_c
    main.o(.text) refers (Special) to _printf_s.o(.ARM.Collect$$_printf_percent$$00000014) for _printf_s
    main.o(.text) refers (Special) to _printf_d.o(.ARM.Collect$$_printf_percent$$00000009) for _printf_d
    main.o(.text) refers (Special) to _printf_f.o(.ARM.Collect$$_printf_percent$$00000003) for _printf_f
    main.o(.text) refers (Special) to _printf_dec.o(.text) for _printf_int_dec
    main.o(.text) refers (Special) to printf1.o(x$fpl$printf1) for _printf_fp_dec
    main.o(.text) refers (Special) to _printf_str.o(.text) for _printf_str
    main.o(.text.main) refers (Special) to _printf_percent.o(.ARM.Collect$$_printf_percent$$00000000) for _printf_percent
    main.o(.text.main) refers (Special) to _printf_c.o(.ARM.Collect$$_printf_percent$$00000013) for _printf_c
    main.o(.text.main) refers (Special) to _printf_s.o(.ARM.Collect$$_printf_percent$$00000014) for _printf_s
    main.o(.text.main) refers (Special) to _printf_d.o(.ARM.Collect$$_printf_percent$$00000009) for _printf_d
    main.o(.text.main) refers (Special) to _printf_f.o(.ARM.Collect$$_printf_percent$$00000003) for _printf_f
    main.o(.text.main) refers (Special) to _printf_dec.o(.text) for _printf_int_dec
    main.o(.text.main) refers (Special) to printf1.o(x$fpl$printf1) for _printf_fp_dec
    main.o(.text.main) refers (Special) to _printf_str.o(.text) for _printf_str
    main.o(.text.main) refers to stm32f1xx_hal.o(.text.HAL_Init) for HAL_Init
    main.o(.text.main) refers to stm32f1xx_hal_rcc.o(.text.HAL_RCC_OscConfig) for HAL_RCC_OscConfig
    main.o(.text.main) refers to stm32f1xx_hal_rcc.o(.text.HAL_RCC_ClockConfig) for HAL_RCC_ClockConfig
    main.o(.text.main) refers to stm32f1xx_hal_rcc_ex.o(.text.HAL_RCCEx_PeriphCLKConfig) for HAL_RCCEx_PeriphCLKConfig
    main.o(.text.main) refers to gpio.o(.text.MX_GPIO_Init) for MX_GPIO_Init
    main.o(.text.main) refers to dma.o(.text.MX_DMA_Init) for MX_DMA_Init
    main.o(.text.main) refers to tim.o(.text.MX_TIM1_Init) for MX_TIM1_Init
    main.o(.text.main) refers to tim.o(.text.MX_TIM3_Init) for MX_TIM3_Init
    main.o(.text.main) refers to tim.o(.text.MX_TIM4_Init) for MX_TIM4_Init
    main.o(.text.main) refers to usart.o(.text.MX_USART1_UART_Init) for MX_USART1_UART_Init
    main.o(.text.main) refers to usart.o(.text.MX_USART2_UART_Init) for MX_USART2_UART_Init
[...]
    HAL_IncTick                              0x08002b19   Thumb Code    26  stm32f1xx_hal.o(.text.HAL_IncTick)
    HAL_Init                                 0x08002b35   Thumb Code    38  stm32f1xx_hal.o(.text.HAL_Init)
    HAL_InitTick                             0x08002b5d   Thumb Code    72  stm32f1xx_hal.o(.text.HAL_InitTick)
    HAL_MspInit                              0x08002ba5   Thumb Code    66  stm32f1xx_hal_msp.o(.text.HAL_MspInit)
    HAL_NVIC_EnableIRQ                       0x08002be9   Thumb Code    38  stm32f1xx_hal_cortex.o(.text.HAL_NVIC_EnableIRQ)
    HAL_NVIC_SetPriority                     0x08002c11   Thumb Code    86  stm32f1xx_hal_cortex.o(.text.HAL_NVIC_SetPriority)
    HAL_NVIC_SetPriorityGrouping             0x08002c69   Thumb Code    32  stm32f1xx_hal_cortex.o(.text.HAL_NVIC_SetPriorityGrouping)
    HAL_RCCEx_GetPeriphCLKFreq               0x08002c89   Thumb Code   252  stm32f1xx_hal_rcc_ex.o(.text.HAL_RCCEx_GetPeriphCLKFreq)
    HAL_RCCEx_PeriphCLKConfig                0x08002d99   Thumb Code   266  stm32f1xx_hal_rcc_ex.o(.text.HAL_RCCEx_PeriphCLKConfig)
    HAL_RCC_ClockConfig                      0x08002ea5   Thumb Code   446  stm32f1xx_hal_rcc.o(.text.HAL_RCC_ClockConfig)
    HAL_RCC_GetPCLK1Freq                     0x08003065   Thumb Code    38  stm32f1xx_hal_rcc.o(.text.HAL_RCC_GetPCLK1Freq)
    HAL_RCC_GetPCLK2Freq                     0x0800308d   Thumb Code    38  stm32f1xx_hal_rcc.o(.text.HAL_RCC_GetPCLK2Freq)
    HAL_RCC_GetSysClockFreq                  0x080030b5   Thumb Code    86  stm32f1xx_hal_rcc.o(.text.HAL_RCC_GetSysClockFreq)
    HAL_RCC_OscConfig                        0x0800310d   Thumb Code   948  stm32f1xx_hal_rcc.o(.text.HAL_RCC_OscConfig)
    HAL_SYSTICK_Config                       0x080034c1   Thumb Code    44  stm32f1xx_hal_cortex.o(.text.HAL_SYSTICK_Config)
    HAL_TIMEx_BreakCallback                  0x080034ed   Thumb Code     2  stm32f1xx_hal_tim_ex.o(.text.HAL_TIMEx_BreakCallback)
    HAL_TIMEx_CommutCallback                 0x080034f1   Thumb Code     2  stm32f1xx_hal_tim_ex.o(.text.HAL_TIMEx_CommutCallback)
    HAL_TIMEx_MasterConfigSynchronization    0x080034f5   Thumb Code   146  stm32f1xx_hal_tim_ex.o(.text.HAL_TIMEx_MasterConfigSynchronization)
    HAL_TIM_Base_Init                        0x08003589   Thumb Code   294  stm32f1xx_hal_tim.o(.text.HAL_TIM_Base_Init)
    HAL_TIM_Base_MspInit                     0x080036b1   Thumb Code   110  tim.o(.text.HAL_TIM_Base_MspInit)
    HAL_TIM_Base_Start_IT                    0x08003721   Thumb Code   134  stm32f1xx_hal_tim.o(.text.HAL_TIM_Base_Start_IT)
    HAL_TIM_ConfigClockSource                0x080037a9   Thumb Code   412  stm32f1xx_hal_tim.o(.text.HAL_TIM_ConfigClockSource)
    HAL_TIM_Encoder_Init                     0x08003945   Thumb Code   386  stm32f1xx_hal_tim.o(.text.HAL_TIM_Encoder_Init)
    HAL_TIM_Encoder_MspInit                  0x08003ac9   Thumb Code   162  tim.o(.text.HAL_TIM_Encoder_MspInit)
    HAL_TIM_Encoder_Start                    0x08003b6d   Thumb Code   188  stm32f1xx_hal_tim.o(.text.HAL_TIM_Encoder_Start)
    HAL_TIM_IC_CaptureCallback               0x08003c29   Thumb Code     2  stm32f1xx_hal_tim.o(.text.HAL_TIM_IC_CaptureCallback)
    HAL_TIM_IRQHandler                       0x08003c2d   Thumb Code   368  stm32f1xx_hal_tim.o(.text.HAL_TIM_IRQHandler)
    HAL_TIM_OC_DelayElapsedCallback          0x08003d9d   Thumb Code     2  stm32f1xx_hal_tim.o(.text.HAL_TIM_OC_DelayElapsedCallback)
    HAL_TIM_PWM_ConfigChannel                0x08003da1   Thumb Code   610  stm32f1xx_hal_tim.o(.text.HAL_TIM_PWM_ConfigChannel)
    HAL_TIM_PWM_Init                         0x08004005   Thumb Code   294  stm32f1xx_hal_tim.o(.text.HAL_TIM_PWM_Init)
    HAL_TIM_PWM_MspInit                      0x0800412d   Thumb Code     2  stm32f1xx_hal_tim.o(.text.HAL_TIM_PWM_MspInit)
    HAL_TIM_PWM_PulseFinishedCallback        0x08004131   Thumb Code     2  stm32f1xx_hal_tim.o(.text.HAL_TIM_PWM_PulseFinishedCallback)
    HAL_TIM_PWM_Start                        0x08004135   Thumb Code   226  stm32f1xx_hal_tim.o(.text.HAL_TIM_PWM_Start)
    HAL_TIM_PeriodElapsedCallback            0x08004219   Thumb Code   170  main.o(.text.HAL_TIM_PeriodElapsedCallback)
    HAL_TIM_TriggerCallback                  0x080042c5   Thumb Code     2  stm32f1xx_hal_tim.o(.text.HAL_TIM_TriggerCallback)
    HAL_UARTEx_RxEventCallback               0x080042c9   Thumb Code     2  stm32f1xx_hal_uart.o(.text.HAL_UARTEx_RxEventCallback)
    HAL_UART_ErrorCallback                   0x080042cd   Thumb Code     2  stm32f1xx_hal_uart.o(.text.HAL_UART_ErrorCallback)
    HAL_UART_IRQHandler                      0x080042d1   Thumb Code  1376  stm32f1xx_hal_uart.o(.text.HAL_UART_IRQHandler)
    HAL_UART_Init                            0x08004831   Thumb Code   226  stm32f1xx_hal_uart.o(.text.HAL_UART_Init)
    HAL_UART_MspInit                         0x08004915   Thumb Code   406  usart.o(.text.HAL_UART_MspInit)
    HAL_UART_Receive_IT                      0x08004aad   Thumb Code    82  stm32f1xx_hal_uart.o(.text.HAL_UART_Receive_IT)
    HAL_UART_RxCpltCallback                  0x08004b01   Thumb Code   100  stm32f1xx_it.o(.text.HAL_UART_RxCpltCallback)
    HAL_UART_Transmit                        0x08004b65   Thumb Code   632  stm32f1xx_hal_uart.o(.text.HAL_UART_Transmit)
    HAL_UART_TxCpltCallback                  0x08004ddd   Thumb Code     2  stm32f1xx_hal_uart.o(.text.HAL_UART_TxCpltCallback)
    HardFault_Handler                        0x08004de1   Thumb Code     2  stm32f1xx_it.o(.text.HardFault_Handler)
    IIC_GPIO_Init                            0x080052e1   Thumb Code   100  i2c_simulate.o(.text.IIC_GPIO_Init)
    IIC_Read_Byte                            0x08005345   Thumb Code   498  i2c_simulate.o(.text.IIC_Read_Byte)
    IIC_Send_Byte                            0x08005539   Thumb Code   330  i2c_simulate.o(.text.IIC_Send_Byte)
    IIC_Start                                0x08005685   Thumb Code    62  i2c_simulate.o(.text.IIC_Start)
    IIC_Stop                                 0x080056c5   Thumb Code    50  i2c_simulate.o(.text.IIC_Stop)
    IIC_Wait_Ack                             0x080056f9   Thumb Code    70  i2c_simulate.o(.text.IIC_Wait_Ack)
    MPU6050_Get_Accelerometer                0x08005741   Thumb Code    66  mpu_6050.o(.text.MPU6050_Get_Accelerometer)
    MPU6050_Get_Gyroscope                    0x08005785   Thumb Code    66  mpu_6050.o(.text.MPU6050_Get_Gyroscope)
    MPU6050_Get_Temperature                  0x080057c9   Thumb Code    84  mpu_6050.o(.text.MPU6050_Get_Temperature)
    MPU6050_Init                             0x0800581d   Thumb Code   334  mpu_6050.o(.text.MPU6050_Init)
    MPU6050_Read_Byte                        0x0800596d   Thumb Code    58  mpu_6050.o(.text.MPU6050_Read_Byte)
    MPU6050_Read_Len                         0x080059a9   Thumb Code   112  mpu_6050.o(.text.MPU6050_Read_Len)
    MPU6050_Set_AccelFsr                     0x08005a19   Thumb Code    10  mpu_6050.o(.text.MPU6050_Set_AccelFsr)
    MPU6050_Set_GyroFsr                      0x08005a25   Thumb Code    10  mpu_6050.o(.text.MPU6050_Set_GyroFsr)
    MPU6050_Set_LPF                          0x08005a31   Thumb Code    64  mpu_6050.o(.text.MPU6050_Set_LPF)
    MPU6050_Set_Rate                         0x08005a71   Thumb Code   122  mpu_6050.o(.text.MPU6050_Set_Rate)
    MPU6050_Write_Byte                       0x08005aed   Thumb Code    68  mpu_6050.o(.text.MPU6050_Write_Byte)
    MPU6050_Write_Len                        0x08005b31   Thumb Code    90  mpu_6050.o(.text.MPU6050_Write_Len)
    MX_ADC1_Init                             0x08005b8d   Thumb Code   124  adc.o(.text.MX_ADC1_Init)
    MX_DMA_Init                              0x08005c09   Thumb Code    52  dma.o(.text.MX_DMA_Init)
    MX_GPIO_Init                             0x08005c3d   Thumb Code   338  gpio.o(.text.MX_GPIO_Init)
    MX_I2C1_Init                             0x08005d91   Thumb Code    66  i2c.o(.text.MX_I2C1_Init)
    MX_I2C2_Init                             0x08005dd5   Thumb Code    66  i2c.o(.text.MX_I2C2_Init)
    MX_TIM1_Init                             0x08005e19   Thumb Code   124  tim.o(.text.MX_TIM1_Init)
    MX_TIM2_Init                             0x08005e95   Thumb Code   102  tim.o(.text.MX_TIM2_Init)
    MX_TIM3_Init                             0x08005efd   Thumb Code   108  tim.o(.text.MX_TIM3_Init)
    MX_TIM4_Init                             0x08005f69   Thumb Code   298  tim.o(.text.MX_TIM4_Init)
    MX_USART1_UART_Init                      0x08006095   Thumb Code    60  usart.o(.text.MX_USART1_UART_Init)
    MX_USART2_UART_Init                      0x080060d1   Thumb Code    60  usart.o(.text.MX_USART2_UART_Init)
    MX_USART3_UART_Init                      0x0800610d   Thumb Code    60  usart.o(.text.MX_USART3_UART_Init)
    MemManage_Handler                        0x08006149   Thumb Code     2  stm32f1xx_it.o(.text.MemManage_Handler)
    MotorControl                             0x0800614d   Thumb Code   366  motor.o(.text.MotorControl)
    NMI_Handler                              0x080062bd   Thumb Code     2  stm32f1xx_it.o(.text.NMI_Handler)
    OLEDShow                                 0x080062c1   Thumb Code   548  main.o(.text.OLEDShow)
    PendSV_Handler                           0x08006539   Thumb Code     2  stm32f1xx_it.o(.text.PendSV_Handler)
    SSD1306_Clear                            0x0800653d   Thumb Code   172  oled_ssd1306.o(.text.SSD1306_Clear)
    SSD1306_ColorInverse                     0x080065e9   Thumb Code    52  oled_ssd1306.o(.text.SSD1306_ColorInverse)
    SSD1306_Display_Off                      0x0800661d   Thumb Code   106  oled_ssd1306.o(.text.SSD1306_Display_Off)
    SSD1306_Display_On                       0x08006689   Thumb Code   106  oled_ssd1306.o(.text.SSD1306_Display_On)
    SSD1306_DrawBMP                          0x080066f5   Thumb Code   526  oled_ssd1306.o(.text.SSD1306_DrawBMP)
    SSD1306_HoriShift                        0x08006905   Thumb Code   270  oled_ssd1306.o(.text.SSD1306_HoriShift)
    SSD1306_Init                             0x08006a15   Thumb Code   866  oled_ssd1306.o(.text.SSD1306_Init)
    SSD1306_IntensityControl                 0x08006d79   Thumb Code    78  oled_ssd1306.o(.text.SSD1306_IntensityControl)
    SSD1306_PartHoriShift                    0x08006dc9   Thumb Code   272  oled_ssd1306.o(.text.SSD1306_PartHoriShift)
    SSD1306_SetPos                           0x08006ed9   Thumb Code   118  oled_ssd1306.o(.text.SSD1306_SetPos)
    SSD1306_ShowCHinese                      0x08006f51   Thumb Code  1086  oled_ssd1306.o(.text.SSD1306_ShowCHinese)
    SSD1306_ShowChar                         0x08007391   Thumb Code   982  oled_ssd1306.o(.text.SSD1306_ShowChar)
    SSD1306_ShowString                       0x08007769   Thumb Code    64  oled_ssd1306.o(.text.SSD1306_ShowString)
    SSD1306_TempStrCheck                     0x080077a9   Thumb Code    40  oled_ssd1306.o(.text.SSD1306_TempStrCheck)
    SSD1306_VerAndHoriShift                  0x080077d1   Thumb Code   296  oled_ssd1306.o(.text.SSD1306_VerAndHoriShift)
    SVC_Handler                              0x080078f9   Thumb Code     2  stm32f1xx_it.o(.text.SVC_Handler)
    Speed_PID                                0x080078fd   Thumb Code   234  pid.o(.text.Speed_PID)
    Speed_PID_Init                           0x080079e9   Thumb Code    54  pid.o(.text.Speed_PID_Init)
    SysTick_Handler                          0x08007a21   Thumb Code     4  stm32f1xx_it.o(.text.SysTick_Handler)
    SystemInit                               0x08007a25   Thumb Code     2  system_stm32f1xx.o(.text.SystemInit)
    TIM1_UP_IRQHandler                       0x08007a29   Thumb Code    12  stm32f1xx_it.o(.text.TIM1_UP_IRQHandler)
    Trail_PID_Init                           0x08007a35   Thumb Code    46  pid.o(.text.Trail_PID_Init)
    USART2_IRQHandler                        0x08007b71   Thumb Code    12  stm32f1xx_it.o(.text.USART2_IRQHandler)
    USART3_IRQHandler                        0x08007b7d   Thumb Code    12  stm32f1xx_it.o(.text.USART3_IRQHandler)
    UsageFault_Handler                       0x08007b89   Thumb Code     2  stm32f1xx_it.o(.text.UsageFault_Handler)
    adcGetBatteryVoltage                     0x08007b8d   Thumb Code    98  adc.o(.text.adcGetBatteryVoltage)
    dmp_enable_feature                       0x08007bf1   Thumb Code   670  inv_mpu_dmp_motion_driver.o(.text.dmp_enable_feature)
    dmp_load_motion_driver_firmware          0x08007e91   Thumb Code    22  inv_mpu_dmp_motion_driver.o(.text.dmp_load_motion_driver_firmware)
    dmp_read_fifo                            0x08007ea9   Thumb Code   468  inv_mpu_dmp_motion_driver.o(.text.dmp_read_fifo)
    dmp_set_accel_bias                       0x0800807d   Thumb Code   192  inv_mpu_dmp_motion_driver.o(.text.dmp_set_accel_bias)
    dmp_set_fifo_rate                        0x0800813d   Thumb Code   112  inv_mpu_dmp_motion_driver.o(.text.dmp_set_fifo_rate)
    dmp_set_gyro_bias                        0x080081ad   Thumb Code   224  inv_mpu_dmp_motion_driver.o(.text.dmp_set_gyro_bias)
    dmp_set_orientation                      0x0800828d   Thumb Code   232  inv_mpu_dmp_motion_driver.o(.text.dmp_set_orientation)
    dmp_set_tap_thresh                       0x08008375   Thumb Code   294  inv_mpu_dmp_motion_driver.o(.text.dmp_set_tap_thresh)
    fputc                                    0x0800849d   Thumb Code    32  usart.o(.text.fputc)
    inv_orientation_matrix_to_scalar         0x080087f1   Thumb Code   220  inv_mpu.o(.text.inv_orientation_matrix_to_scalar)
    main                                     0x080088cd   Thumb Code   614  main.o(.text.main)
    mget_ms                                  0x08008b35   Thumb Code     2  inv_mpu.o(.text.mget_ms)
    mpu_configure_fifo                       0x08008b39   Thumb Code   176  inv_mpu.o(.text.mpu_configure_fifo)
    mpu_dmp_get_data                         0x08008be9   Thumb Code   474  inv_mpu.o(.text.mpu_dmp_get_data)
    mpu_dmp_init                             0x08008dc5   Thumb Code   250  inv_mpu.o(.text.mpu_dmp_init)
    mpu_get_accel_fsr                        0x08008ec1   Thumb Code    60  inv_mpu.o(.text.mpu_get_accel_fsr)
    mpu_get_accel_sens                       0x08008efd   Thumb Code    52  inv_mpu.o(.text.mpu_get_accel_sens)
    mpu_init                                 0x08008f41   Thumb Code   384  inv_mpu.o(.text.mpu_init)
    mpu_load_firmware                        0x08009109   Thumb Code   326  inv_mpu.o(.text.mpu_load_firmware)
    mpu_lp_accel_mode                        0x08009251   Thumb Code   540  inv_mpu.o(.text.mpu_lp_accel_mode)
    mpu_read_fifo_stream                     0x0800946d   Thumb Code   190  inv_mpu.o(.text.mpu_read_fifo_stream)
    mpu_reset_fifo                           0x0800952d   Thumb Code   386  inv_mpu.o(.text.mpu_reset_fifo)
    mpu_run_self_test                        0x080096b1   Thumb Code  2328  inv_mpu.o(.text.mpu_run_self_test)
    mpu_set_accel_fsr                        0x08009fe9   Thumb Code   154  inv_mpu.o(.text.mpu_set_accel_fsr)
    mpu_set_bypass                           0x0800a085   Thumb Code   238  inv_mpu.o(.text.mpu_set_bypass)
    mpu_set_dmp_state                        0x0800a175   Thumb Code   224  inv_mpu.o(.text.mpu_set_dmp_state)
    mpu_set_lpf                              0x0800a255   Thumb Code   156  inv_mpu.o(.text.mpu_set_lpf)
    mpu_set_sample_rate                      0x0800a2f1   Thumb Code   326  inv_mpu.o(.text.mpu_set_sample_rate)
    mpu_set_sensors                          0x0800a439   Thumb Code   234  inv_mpu.o(.text.mpu_set_sensors)
    mpu_write_mem                            0x0800a525   Thumb Code   100  inv_mpu.o(.text.mpu_write_mem)
    run_self_test                            0x0800a589   Thumb Code   212  inv_mpu.o(.text.run_self_test)
    _btod_d2e                                0x0800a67d   Thumb Code    62  btod.o(CL$$btod_d2e)
    _d2e_denorm_low                          0x0800a6bb   Thumb Code    70  btod.o(CL$$btod_d2e_denorm_low)
    _d2e_norm_op1                            0x0800a701   Thumb Code    96  btod.o(CL$$btod_d2e_norm_op1)
    __btod_div_common                        0x0800a761   Thumb Code   696  btod.o(CL$$btod_div_common)
    _e2e                                     0x0800aa99   Thumb Code   220  btod.o(CL$$btod_e2e)
    _btod_ediv                               0x0800ab75   Thumb Code    42  btod.o(CL$$btod_ediv)
    _btod_emul                               0x0800ab9f   Thumb Code    42  btod.o(CL$$btod_emul)
    __btod_mult_common                       0x0800abc9   Thumb Code   580  btod.o(CL$$btod_mult_common)
    __ARM_fpclassify                         0x0800ae0d   Thumb Code    40  fpclassify.o(i.__ARM_fpclassify)
    __kernel_poly                            0x0800ae35   Thumb Code   170  poly.o(i.__kernel_poly)
    __mathlib_dbl_infnan                     0x0800aedf   Thumb Code     6  dunder.o(i.__mathlib_dbl_infnan)
    __mathlib_dbl_infnan2                    0x0800aee5   Thumb Code     4  dunder.o(i.__mathlib_dbl_infnan2)
    __mathlib_dbl_invalid                    0x0800aee9   Thumb Code    12  dunder.o(i.__mathlib_dbl_invalid)
    __mathlib_dbl_underflow                  0x0800aef5   Thumb Code    10  dunder.o(i.__mathlib_dbl_underflow)
    _is_digit                                0x0800af05   Thumb Code    14  __printf_wp.o(i._is_digit)
    asin                                     0x0800af15   Thumb Code   572  asin.o(i.asin)
    atan                                     0x0800b185   Thumb Code   474  atan.o(i.atan)
    atan2                                    0x0800b3a5   Thumb Code   374  atan2.o(i.atan2)
    sqrt                                     0x0800b541   Thumb Code    76  sqrt.o(i.sqrt)
    _get_lc_numeric                          0x0800b58d   Thumb Code    44  lc_numeric_c.o(locale$$code)
    __aeabi_d2f                              0x0800b5b9   Thumb Code     0  d2f.o(x$fpl$d2f)
    _d2f                                     0x0800b5b9   Thumb Code    98  d2f.o(x$fpl$d2f)
    __aeabi_dadd                             0x0800b61d   Thumb Code     0  daddsub_clz.o(x$fpl$dadd)
    _dadd                                    0x0800b61d   Thumb Code   332  daddsub_clz.o(x$fpl$dadd)
    __fpl_dcheck_NaN1                        0x0800b76d   Thumb Code    10  dcheck1.o(x$fpl$dcheck1)
    __fpl_dcmp_Inf                           0x0800b77d   Thumb Code    24  dcmpi.o(x$fpl$dcmpinf)
    __aeabi_ddiv                             0x0800b795   Thumb Code     0  ddiv.o(x$fpl$ddiv)
    _ddiv                                    0x0800b795   Thumb Code   556  ddiv.o(x$fpl$ddiv)
    __aeabi_cdcmpeq                          0x0800ba49   Thumb Code     0  deqf.o(x$fpl$deqf)
    _dcmpeq                                  0x0800ba49   Thumb Code   120  deqf.o(x$fpl$deqf)
    __aeabi_i2d                              0x0800bac1   Thumb Code     0  dflt_clz.o(x$fpl$dflt)
    _dflt                                    0x0800bac1   Thumb Code    46  dflt_clz.o(x$fpl$dflt)
    __aeabi_dmul                             0x0800baf1   Thumb Code     0  dmul.o(x$fpl$dmul)
    _dmul                                    0x0800baf1   Thumb Code   332  dmul.o(x$fpl$dmul)
    __fpl_dnaninf                            0x0800bc45   Thumb Code   156  dnaninf.o(x$fpl$dnaninf)
    __fpl_dretinf                            0x0800bce1   Thumb Code    12  dretinf.o(x$fpl$dretinf)
    __aeabi_drsub                            0x0800bced   Thumb Code     0  daddsub_clz.o(x$fpl$drsb)
    _drsb                                    0x0800bced   Thumb Code    22  daddsub_clz.o(x$fpl$drsb)
    _dsqrt                                   0x0800bd05   Thumb Code   456  dsqrt_noumaal.o(x$fpl$dsqrt)
    __aeabi_dsub                             0x0800bed1   Thumb Code     0  daddsub_clz.o(x$fpl$dsub)
    _dsub                                    0x0800bed1   Thumb Code   472  daddsub_clz.o(x$fpl$dsub)
    __aeabi_f2d                              0x0800c0ad   Thumb Code     0  f2d.o(x$fpl$f2d)
    _f2d                                     0x0800c0ad   Thumb Code    86  f2d.o(x$fpl$f2d)
    __aeabi_fadd                             0x0800c105   Thumb Code     0  faddsub_clz.o(x$fpl$fadd)
    _fadd                                    0x0800c105   Thumb Code   196  faddsub_clz.o(x$fpl$fadd)
    __aeabi_fcmpeq                           0x0800c1c9   Thumb Code     0  fcmp.o(x$fpl$fcmp)
    _feq                                     0x0800c1c9   Thumb Code    14  fcmp.o(x$fpl$fcmp)
    _fneq                                    0x0800c1d7   Thumb Code    14  fcmp.o(x$fpl$fcmp)
    __aeabi_fcmpgt                           0x0800c1e5   Thumb Code     0  fcmp.o(x$fpl$fcmp)
    _fgr                                     0x0800c1e5   Thumb Code    14  fcmp.o(x$fpl$fcmp)
    __aeabi_fcmpge                           0x0800c1f3   Thumb Code     0  fcmp.o(x$fpl$fcmp)
    _fgeq                                    0x0800c1f3   Thumb Code    14  fcmp.o(x$fpl$fcmp)
    __aeabi_fcmple                           0x0800c201   Thumb Code     0  fcmp.o(x$fpl$fcmp)
    _fleq                                    0x0800c201   Thumb Code    14  fcmp.o(x$fpl$fcmp)
    __aeabi_fcmplt                           0x0800c20f   Thumb Code     0  fcmp.o(x$fpl$fcmp)
    _fls                                     0x0800c20f   Thumb Code    14  fcmp.o(x$fpl$fcmp)
    __fpl_fcmp_Inf                           0x0800c21d   Thumb Code    24  fcmpi.o(x$fpl$fcmpinf)
    __aeabi_fdiv                             0x0800c235   Thumb Code     0  fdiv.o(x$fpl$fdiv)
    _fdiv                                    0x0800c235   Thumb Code   384  fdiv.o(x$fpl$fdiv)
    __aeabi_cfcmpeq                          0x0800c3b9   Thumb Code     0  feqf.o(x$fpl$feqf)
    _fcmpeq                                  0x0800c3b9   Thumb Code   104  feqf.o(x$fpl$feqf)
    __aeabi_f2iz                             0x0800c421   Thumb Code     0  ffix.o(x$fpl$ffix)
    _ffix                                    0x0800c421   Thumb Code    54  ffix.o(x$fpl$ffix)
    __aeabi_i2f                              0x0800c459   Thumb Code     0  fflt_clz.o(x$fpl$fflt)
    _fflt                                    0x0800c459   Thumb Code    48  fflt_clz.o(x$fpl$fflt)
    __aeabi_ui2f                             0x0800c489   Thumb Code     0  fflt_clz.o(x$fpl$ffltu)
    _ffltu                                   0x0800c489   Thumb Code    38  fflt_clz.o(x$fpl$ffltu)
    _fcmpge                                  0x0800c4b1   Thumb Code   104  fgeqf.o(x$fpl$fgeqf)
    __aeabi_cfcmple                          0x0800c519   Thumb Code     0  fleqf.o(x$fpl$fleqf)
    _fcmple                                  0x0800c519   Thumb Code   104  fleqf.o(x$fpl$fleqf)
    __fpl_fcmple_InfNaN                      0x0800c56b   Thumb Code     0  fleqf.o(x$fpl$fleqf)
    __aeabi_fmul                             0x0800c581   Thumb Code     0  fmul.o(x$fpl$fmul)
    _fmul                                    0x0800c581   Thumb Code   258  fmul.o(x$fpl$fmul)
    __fpl_fnaninf                            0x0800c683   Thumb Code   140  fnaninf.o(x$fpl$fnaninf)
    __fpl_fretinf                            0x0800c70f   Thumb Code    10  fretinf.o(x$fpl$fretinf)
    __aeabi_fsub                             0x0800c719   Thumb Code     0  faddsub_clz.o(x$fpl$fsub)
    _fsub                                    0x0800c719   Thumb Code   234  faddsub_clz.o(x$fpl$fsub)
    _printf_fp_dec                           0x0800c803   Thumb Code     4  printf1.o(x$fpl$printf1)
    __fpl_return_NaN                         0x0800c807   Thumb Code   100  retnan.o(x$fpl$retnan)
    __ARM_scalbn                             0x0800c86b   Thumb Code    92  scalbn.o(x$fpl$scalbn)
    __fpl_cmpreturn                          0x0800c8c7   Thumb Code    48  trapv.o(x$fpl$trapveneer)
    __I$use$fp                               0x0800c8f6   Number         0  usenofp.o(x$fpl$usenofp)
    __mathlib_zero                           0x0800ca18   Data           8  qnan.o(.constdata)
    __stdin_name                             0x0800cab4   Data           4  sys_io_names.o(.constdata)
    __stdout_name                            0x0800cab8   Data           4  sys_io_names.o(.constdata)
    __stderr_name                            0x0800cabc   Data           4  sys_io_names.o(.constdata)
    AHBPrescTable                            0x0800cac6   Data          16  system_stm32f1xx.o(.rodata.AHBPrescTable)
    APBPrescTable                            0x0800cad6   Data           8  system_stm32f1xx.o(.rodata.APBPrescTable)
    hw                                       0x0800df3e   Data          12  inv_mpu.o(.rodata.hw)
    reg                                      0x0800df4a   Data          27  inv_mpu.o(.rodata.reg)
    test                                     0x0800dfd4   Data          40  inv_mpu.o(.rodata.test)
    Region$$Table$$Base                      0x0800dffc   Number         0  anon$$obj.o(Region$$Table)
    Region$$Table$$Limit                     0x0800e01c   Number         0  anon$$obj.o(Region$$Table)
    __aeabi_stdin                            0x20000000   Data           4  stdio_streams.o(.data)
    __aeabi_stdout                           0x20000004   Data           4  stdio_streams.o(.data)
    __aeabi_stderr                           0x20000008   Data           4  stdio_streams.o(.data)
    uwTickFreq                               0x2000000c   Data           1  stm32f1xx_hal.o(.data..L_MergedGlobals)
    uwTickPrio                               0x20000010   Data           4  stm32f1xx_hal.o(.data..L_MergedGlobals)
    SystemCoreClock                          0x2000004c   Data           4  system_stm32f1xx.o(.data.SystemCoreClock)
    __stdin                                  0x20000050   Data          84  stdio_streams.o(.bss)
    __stdout                                 0x200000a4   Data          84  stdio_streams.o(.bss)
    __stderr                                 0x200000f8   Data          84  stdio_streams.o(.bss)
    __libspace_start                         0x2000014c   Data          96  libspace.o(.bss)
    MovementPara                             0x200001ac   Data           1  main.o(.bss..L_MergedGlobals)
    __temporary_stack_top$libspace           0x200001ac   Data           0  libspace.o(.bss)
    Uart2RxBuff                              0x200001ae   Data           2  main.o(.bss..L_MergedGlobals)
    tim1Count                                0x200001b0   Data           4  main.o(.bss..L_MergedGlobals)
    batteryVoltage                           0x200001b4   Data           4  main.o(.bss..L_MergedGlobals)
    encoderPulse                             0x200001b8   Data           4  main.o(.bss..L_MergedGlobals)
    leftSpeed                                0x200001bc   Data           4  main.o(.bss..L_MergedGlobals)
    rightSpeed                               0x200001c0   Data           4  main.o(.bss..L_MergedGlobals)
    leftTargetSpeed                          0x200001c4   Data           4  main.o(.bss..L_MergedGlobals)
    rightTargetSpeed                         0x200001c8   Data           4  main.o(.bss..L_MergedGlobals)
    TempStr                                  0x200001cc   Data          30  main.o(.bss..L_MergedGlobals)
    leftMotor_PID                            0x200001ec   Data          36  main.o(.bss..L_MergedGlobals)
    mpu_struct_init_flag                     0x20000220   Data           1  mpu_6050.o(.bss..L_MergedGlobals)
    mpu                                      0x20000224   Data          64  mpu_6050.o(.bss..L_MergedGlobals)
    oled_struct_init_flag                    0x20000264   Data           1  oled_ssd1306.o(.bss..L_MergedGlobals)
    oled                                     0x20000268   Data          64  oled_ssd1306.o(.bss..L_MergedGlobals)
    rightMotor_PID                           0x200002a8   Data          36  main.o(.bss..L_MergedGlobals.16)
    trailMotor_PID                           0x200002cc   Data          36  main.o(.bss..L_MergedGlobals.16)
    Uart2DataBuff                            0x200002f0   Data         100  main.o(.bss.Uart2DataBuff)
    Uart3RxBuff                              0x20000354   Data           1  main.o(.bss.Uart3RxBuff)
    hadc1                                    0x20000360   Data          48  adc.o(.bss.hadc1)
    hdma_adc1                                0x20000390   Data          68  adc.o(.bss.hdma_adc1)
    hi2c1                                    0x200003d4   Data          84  i2c.o(.bss.hi2c1)
    hi2c2                                    0x20000428   Data          84  i2c.o(.bss.hi2c2)
    htim1                                    0x2000047c   Data          72  tim.o(.bss.htim1)
    htim2                                    0x200004c4   Data          72  tim.o(.bss.htim2)
    htim3                                    0x2000050c   Data          72  tim.o(.bss.htim3)
    htim4                                    0x20000554   Data          72  tim.o(.bss.htim4)
    huart1                                   0x2000059c   Data          72  usart.o(.bss.huart1)
    huart2                                   0x200005e4   Data          72  usart.o(.bss.huart2)
    huart3                                   0x2000062c   Data          72  usart.o(.bss.huart3)
    uwTick                                   0x20000674   Data           4  stm32f1xx_hal.o(.bss.uwTick)



==============================================================================

Memory Map of the image

  Image Entry point : 0x08000131

  Load Region LR_IROM1 (Base: 0x08000000, Size: 0x0000e088, Max: 0x00080000, ABSOLUTE)

    Execution Region ER_IROM1 (Exec base: 0x08000000, Load base: 0x08000000, Size: 0x0000e038, Max: 0x00080000, ABSOLUTE)

    Exec Addr    Load Addr    Size         Type   Attr      Idx    E Section Name        Object

    0x08000000   0x08000000   0x00000130   Data   RO            3    RESET               startup_stm32f103xe.o
    0x08000130   0x08000130   0x00000008   Code   RO         1756  * !!!main             c_w.l(__main.o)
    0x08000138   0x08000138   0x00000034   Code   RO         2274    !!!scatter          c_w.l(__scatter.o)
    0x0800016c   0x0800016c   0x0000001a   Code   RO         2276    !!handler_copy      c_w.l(__scatter_copy.o)
    0x08000186   0x08000186   0x00000002   PAD
    0x08000188   0x08000188   0x0000001c   Code   RO         2278    !!handler_zi        c_w.l(__scatter_zi.o)
    0x080001a4   0x080001a4   0x00000000   Code   RO         1737    .ARM.Collect$$_printf_percent$$00000000  c_w.l(_printf_percent.o)
    0x080001a4   0x080001a4   0x00000006   Code   RO         1736    .ARM.Collect$$_printf_percent$$00000003  c_w.l(_printf_f.o)
    0x080001aa   0x080001aa   0x00000006   Code   RO         1735    .ARM.Collect$$_printf_percent$$00000009  c_w.l(_printf_d.o)
    0x080001b0   0x080001b0   0x00000006   Code   RO         1734    .ARM.Collect$$_printf_percent$$0000000C  c_w.l(_printf_x.o)
    0x080001b6   0x080001b6   0x00000006   Code   RO         1732    .ARM.Collect$$_printf_percent$$00000013  c_w.l(_printf_c.o)
    0x080001bc   0x080001bc   0x00000006   Code   RO         1733    .ARM.Collect$$_printf_percent$$00000014  c_w.l(_printf_s.o)
    0x080001c2   0x080001c2   0x00000004   Code   RO         1840    .ARM.Collect$$_printf_percent$$00000017  c_w.l(_printf_percent_end.o)
    0x080001c6   0x080001c6   0x00000002   Code   RO         2077    .ARM.Collect$$libinit$$00000000  c_w.l(libinit.o)
    0x080001c8   0x080001c8   0x00000000   Code   RO         2079    .ARM.Collect$$libinit$$00000002  c_w.l(libinit2.o)
    0x080001c8   0x080001c8   0x00000000   Code   RO         2081    .ARM.Collect$$libinit$$00000004  c_w.l(libinit2.o)
    0x080001c8   0x080001c8   0x00000000   Code   RO         2083    .ARM.Collect$$libinit$$00000006  c_w.l(libinit2.o)
    0x080001c8   0x080001c8   0x00000008   Code   RO         2084    .ARM.Collect$$libinit$$00000007  c_w.l(libinit2.o)
    0x080001d0   0x080001d0   0x00000000   Code   RO         2086    .ARM.Collect$$libinit$$0000000C  c_w.l(libinit2.o)
    0x080001d0   0x080001d0   0x00000000   Code   RO         2088    .ARM.Collect$$libinit$$0000000E  c_w.l(libinit2.o)
    0x080001d0   0x080001d0   0x00000000   Code   RO         2090    .ARM.Collect$$libinit$$00000010  c_w.l(libinit2.o)
    0x080001d0   0x080001d0   0x00000006   Code   RO         2091    .ARM.Collect$$libinit$$00000011  c_w.l(libinit2.o)
    0x080001d6   0x080001d6   0x00000000   Code   RO         2093    .ARM.Collect$$libinit$$00000013  c_w.l(libinit2.o)
    0x080001d6   0x080001d6   0x00000000   Code   RO         2095    .ARM.Collect$$libinit$$00000015  c_w.l(libinit2.o)
    0x080001d6   0x080001d6   0x00000000   Code   RO         2097    .ARM.Collect$$libinit$$00000017  c_w.l(libinit2.o)
    0x080001d6   0x080001d6   0x0000000a   Code   RO         2098    .ARM.Collect$$libinit$$00000018  c_w.l(libinit2.o)
    0x080001e0   0x080001e0   0x00000000   Code   RO         2099    .ARM.Collect$$libinit$$00000019  c_w.l(libinit2.o)
    0x080001e0   0x080001e0   0x00000000   Code   RO         2101    .ARM.Collect$$libinit$$0000001B  c_w.l(libinit2.o)
    0x080001e0   0x080001e0   0x00000000   Code   RO         2103    .ARM.Collect$$libinit$$0000001D  c_w.l(libinit2.o)
    0x080001e0   0x080001e0   0x00000000   Code   RO         2105    .ARM.Collect$$libinit$$0000001F  c_w.l(libinit2.o)
    0x080001e0   0x080001e0   0x00000000   Code   RO         2107    .ARM.Collect$$libinit$$00000021  c_w.l(libinit2.o)
    0x080001e0   0x080001e0   0x00000000   Code   RO         2109    .ARM.Collect$$libinit$$00000023  c_w.l(libinit2.o)
    0x080001e0   0x080001e0   0x00000000   Code   RO         2111    .ARM.Collect$$libinit$$00000025  c_w.l(libinit2.o)
    0x080001e0   0x080001e0   0x00000004   Code   RO         2112    .ARM.Collect$$libinit$$00000026  c_w.l(libinit2.o)
    0x080001e4   0x080001e4   0x00000000   Code   RO         2113    .ARM.Collect$$libinit$$00000027  c_w.l(libinit2.o)
    0x080001e4   0x080001e4   0x00000000   Code   RO         2117    .ARM.Collect$$libinit$$0000002E  c_w.l(libinit2.o)
    0x080001e4   0x080001e4   0x00000000   Code   RO         2119    .ARM.Collect$$libinit$$00000030  c_w.l(libinit2.o)
    0x080001e4   0x080001e4   0x00000000   Code   RO         2121    .ARM.Collect$$libinit$$00000032  c_w.l(libinit2.o)
    0x080001e4   0x080001e4   0x00000000   Code   RO         2123    .ARM.Collect$$libinit$$00000034  c_w.l(libinit2.o)
    0x080001e4   0x080001e4   0x00000002   Code   RO         2124    .ARM.Collect$$libinit$$00000035  c_w.l(libinit2.o)
    0x080001e6   0x080001e6   0x00000002   Code   RO         2255    .ARM.Collect$$libshutdown$$00000000  c_w.l(libshutdown.o)
    0x080001e8   0x080001e8   0x00000000   Code   RO         2126    .ARM.Collect$$libshutdown$$00000002  c_w.l(libshutdown2.o)
    0x080001e8   0x080001e8   0x00000004   Code   RO         2127    .ARM.Collect$$libshutdown$$00000003  c_w.l(libshutdown2.o)
    0x080001ec   0x080001ec   0x00000000   Code   RO         2128    .ARM.Collect$$libshutdown$$00000004  c_w.l(libshutdown2.o)
    0x080001ec   0x080001ec   0x00000000   Code   RO         2131    .ARM.Collect$$libshutdown$$00000007  c_w.l(libshutdown2.o)
    0x080001ec   0x080001ec   0x00000000   Code   RO         2134    .ARM.Collect$$libshutdown$$0000000A  c_w.l(libshutdown2.o)
    0x080001ec   0x080001ec   0x00000000   Code   RO         2136    .ARM.Collect$$libshutdown$$0000000C  c_w.l(libshutdown2.o)
    0x080001ec   0x080001ec   0x00000000   Code   RO         2139    .ARM.Collect$$libshutdown$$0000000F  c_w.l(libshutdown2.o)
    0x080001ec   0x080001ec   0x00000002   Code   RO         2140    .ARM.Collect$$libshutdown$$00000010  c_w.l(libshutdown2.o)
    0x080001ee   0x080001ee   0x00000000   Code   RO         1817    .ARM.Collect$$rtentry$$00000000  c_w.l(__rtentry.o)
    0x080001ee   0x080001ee   0x00000000   Code   RO         1901    .ARM.Collect$$rtentry$$00000002  c_w.l(__rtentry2.o)
    0x080001ee   0x080001ee   0x00000006   Code   RO         1913    .ARM.Collect$$rtentry$$00000004  c_w.l(__rtentry4.o)
    0x080001f4   0x080001f4   0x00000000   Code   RO         1903    .ARM.Collect$$rtentry$$00000009  c_w.l(__rtentry2.o)
    0x080001f4   0x080001f4   0x00000004   Code   RO         1904    .ARM.Collect$$rtentry$$0000000A  c_w.l(__rtentry2.o)
    0x080001f8   0x080001f8   0x00000000   Code   RO         1906    .ARM.Collect$$rtentry$$0000000C  c_w.l(__rtentry2.o)
    0x080001f8   0x080001f8   0x00000008   Code   RO         1907    .ARM.Collect$$rtentry$$0000000D  c_w.l(__rtentry2.o)
    0x08000200   0x08000200   0x00000002   Code   RO         2147    .ARM.Collect$$rtexit$$00000000  c_w.l(rtexit.o)
    0x08000202   0x08000202   0x00000000   Code   RO         2202    .ARM.Collect$$rtexit$$00000002  c_w.l(rtexit2.o)
    0x08000202   0x08000202   0x00000004   Code   RO         2203    .ARM.Collect$$rtexit$$00000003  c_w.l(rtexit2.o)
    0x08000206   0x08000206   0x00000006   Code   RO         2204    .ARM.Collect$$rtexit$$00000004  c_w.l(rtexit2.o)
    0x0800020c   0x0800020c   0x00000040   Code   RO            4    .text               startup_stm32f103xe.o
    0x0800024c   0x0800024c   0x00000074   Code   RO         1673    .text               c_w.l(llsdiv.o)
    0x080002c0   0x080002c0   0x00000018   Code   RO         1679    .text               c_w.l(noretval__2printf.o)
    0x080002d8   0x080002d8   0x00000028   Code   RO         1681    .text               c_w.l(noretval__2sprintf.o)
    0x08000300   0x08000300   0x0000004e   Code   RO         1685    .text               c_w.l(_printf_pad.o)
    0x0800034e   0x0800034e   0x00000052   Code   RO         1687    .text               c_w.l(_printf_str.o)
    0x080003a0   0x080003a0   0x00000078   Code   RO         1689    .text               c_w.l(_printf_dec.o)
    0x08000418   0x08000418   0x00000058   Code   RO         1694    .text               c_w.l(_printf_hex_int.o)
    0x08000470   0x08000470   0x00000138   Code   RO         1724    .text               c_w.l(__printf_flags_wp.o)
    0x080005a8   0x080005a8   0x0000002c   Code   RO         1738    .text               c_w.l(puts.o)
    0x080005d4   0x080005d4   0x00000058   Code   RO         1740    .text               c_w.l(memcmp.o)
    0x0800062c   0x0800062c   0x00000048   Code   RO         1742    .text               c_w.l(strcpy.o)
    0x08000674   0x08000674   0x0000003e   Code   RO         1744    .text               c_w.l(strlen.o)
    0x080006b2   0x080006b2   0x00000010   Code   RO         1750    .text               c_w.l(aeabi_memset.o)
    0x080006c2   0x080006c2   0x0000004e   Code   RO         1752    .text               c_w.l(rt_memclr_w.o)
    0x08000710   0x08000710   0x00000006   Code   RO         1754    .text               c_w.l(heapauxi.o)
    0x08000716   0x08000716   0x000000f0   Code   RO         1822    .text               c_w.l(lludivv7m.o)
    0x08000806   0x08000806   0x00000016   Code   RO         1824    .text               c_w.l(_rserrno.o)
    0x0800081c   0x0800081c   0x000000b2   Code   RO         1826    .text               c_w.l(_printf_intcommon.o)
    0x080008ce   0x080008ce   0x0000041c   Code   RO         1828    .text               c_w.l(_printf_fp_dec.o)
    0x08000cea   0x08000cea   0x00000002   PAD
    0x08000cec   0x08000cec   0x00000030   Code   RO         1832    .text               c_w.l(_printf_char_common.o)
    0x08000d1c   0x08000d1c   0x0000000a   Code   RO         1834    .text               c_w.l(_sputc.o)
    0x08000d26   0x08000d26   0x0000002c   Code   RO         1836    .text               c_w.l(_printf_char.o)
    0x08000d52   0x08000d52   0x00000002   PAD
    0x08000d54   0x08000d54   0x00000024   Code   RO         1838    .text               c_w.l(_printf_char_file.o)
    0x08000d78   0x08000d78   0x00000044   Code   RO         1847    .text               c_w.l(rt_memclr.o)
    0x08000dbc   0x08000dbc   0x00000008   Code   RO         1920    .text               c_w.l(rt_locale_intlibspace.o)
    0x08000dc4   0x08000dc4   0x00000008   Code   RO         1925    .text               c_w.l(rt_errno_addr_intlibspace.o)
    0x08000dcc   0x08000dcc   0x0000008a   Code   RO         1927    .text               c_w.l(lludiv10.o)
    0x08000e56   0x08000e56   0x00000002   PAD
    0x08000e58   0x08000e58   0x00000080   Code   RO         1929    .text               c_w.l(_printf_fp_infnan.o)
    0x08000ed8   0x08000ed8   0x000000e4   Code   RO         1933    .text               c_w.l(bigflt0.o)
    0x08000fbc   0x08000fbc   0x00000008   Code   RO         1960    .text               c_w.l(ferror.o)
    0x08000fc4   0x08000fc4   0x00000138   Code   RO         1962    .text               c_w.l(initio.o)
    0x080010fc   0x080010fc   0x00000008   Code   RO         1984    .text               c_w.l(libspace.o)
    0x08001104   0x08001104   0x0000004a   Code   RO         1989    .text               c_w.l(sys_stackheap_outer.o)
    0x0800114e   0x0800114e   0x0000004e   Code   RO         1993    .text               c_w.l(h1_free.o)
    0x0800119c   0x0800119c   0x00000046   Code   RO         2049    .text               c_w.l(setvbuf.o)
    0x080011e2   0x080011e2   0x00000002   PAD
    0x080011e4   0x080011e4   0x000000f0   Code   RO         2052    .text               c_w.l(fopen.o)
    0x080012d4   0x080012d4   0x0000004c   Code   RO         2054    .text               c_w.l(fclose.o)
    0x08001320   0x08001320   0x00000012   Code   RO         2060    .text               c_w.l(exit.o)
    0x08001332   0x08001332   0x0000000e   Code   RO         2066    .text               c_w.l(defsig_rtred_outer.o)
    0x08001340   0x08001340   0x00000080   Code   RO         2070    .text               c_w.l(strcmpv7m.o)
    0x080013c0   0x080013c0   0x00000066   Code   RO         2143    .text               c_w.l(sys_io.o)
    0x08001426   0x08001426   0x00000002   PAD
    0x08001428   0x08001428   0x00000008   Code   RO         2154    .text               c_w.l(rt_heap_descriptor_intlibspace.o)
    0x08001430   0x08001430   0x00000004   Code   RO         2156    .text               c_w.l(hguard.o)
    0x08001434   0x08001434   0x0000008a   Code   RO         2158    .text               c_w.l(init_alloc.o)
    0x080014be   0x080014be   0x0000005e   Code   RO         2164    .text               c_w.l(h1_alloc.o)
    0x0800151c   0x0800151c   0x000000f8   Code   RO         2178    .text               c_w.l(fseek.o)
    0x08001614   0x08001614   0x00000108   Code   RO         2180    .text               c_w.l(stdio.o)
    0x0800171c   0x0800171c   0x0000000a   Code   RO         2182    .text               c_w.l(defsig_exit.o)
    0x08001726   0x08001726   0x00000002   PAD
    0x08001728   0x08001728   0x00000034   Code   RO         2186    .text               c_w.l(defsig_rtred_inner.o)
    0x0800175c   0x0800175c   0x0000000c   Code   RO         2194    .text               c_w.l(sys_exit.o)
    0x08001768   0x08001768   0x00000002   Code   RO         2198    .text               c_w.l(use_no_semi.o)
    0x0800176a   0x0800176a   0x00000000   Code   RO         2200    .text               c_w.l(indicate_semi.o)
    0x0800176a   0x0800176a   0x00000000   Code   RO         2208    .text               c_w.l(maybetermalloc1.o)
    0x0800176a   0x0800176a   0x0000000e   Code   RO         2210    .text               c_w.l(h1_init.o)
    0x08001778   0x08001778   0x00000034   Code   RO         2212    .text               c_w.l(h1_extend.o)
    0x080017ac   0x080017ac   0x00000042   Code   RO         2218    .text               c_w.l(ftell.o)
    0x080017ee   0x080017ee   0x00000032   Code   RO         2222    .text               c_w.l(defsig_general.o)
    0x08001820   0x08001820   0x0000000e   Code   RO         2224    .text               c_w.l(defsig_rtmem_outer.o)
    0x0800182e   0x0800182e   0x0000000e   Code   RO         2237    .text               c_w.l(sys_wrch.o)
    0x0800183c   0x0800183c   0x00000050   Code   RO         2249    .text               c_w.l(defsig_rtmem_inner.o)
    0x0800188c   0x0800188c   0x000000b6   Code   RO          229    .text.ADC_Enable    stm32f1xx_hal_adc.o
    0x08001942   0x08001942   0x00000002   PAD
    0x08001944   0x08001944   0x00000002   Code   RO          162    .text.BusFault_Handler  stm32f1xx_it.o
    0x08001946   0x08001946   0x00000002   PAD
    0x08001948   0x08001948   0x00000020   Code   RO         1284    .text.CalActualSpeed  motor.o
    0x08001968   0x08001968   0x0000000c   Code   RO          174    .text.DMA1_Channel1_IRQHandler  stm32f1xx_it.o
    0x08001974   0x08001974   0x00000002   Code   RO          168    .text.DebugMon_Handler  stm32f1xx_it.o
    0x08001976   0x08001976   0x00000002   PAD
    0x08001978   0x08001978   0x0000000a   Code   RO           19    .text.Error_Handler  main.o
    0x08001982   0x08001982   0x00000002   PAD
    0x08001984   0x08001984   0x0000002c   Code   RO         1280    .text.GetEncoderPulse  motor.o
    0x080019b0   0x080019b0   0x0000018c   Code   RO          263    .text.HAL_ADC_ConfigChannel  stm32f1xx_hal_adc.o
    0x08001b3c   0x08001b3c   0x00000006   Code   RO          251    .text.HAL_ADC_GetValue  stm32f1xx_hal_adc.o
    0x08001b42   0x08001b42   0x00000002   PAD
    0x08001b44   0x08001b44   0x00000170   Code   RO          217    .text.HAL_ADC_Init  stm32f1xx_hal_adc.o
    0x08001cb4   0x08001cb4   0x000000a4   Code   RO           58    .text.HAL_ADC_MspInit  adc.o
    0x08001d58   0x08001d58   0x00000268   Code   RO          233    .text.HAL_ADC_PollForConversion  stm32f1xx_hal_adc.o
    0x08001fc0   0x08001fc0   0x000000cc   Code   RO          227    .text.HAL_ADC_Start  stm32f1xx_hal_adc.o
    0x0800208c   0x0800208c   0x00000046   Code   RO          457    .text.HAL_DMA_Abort  stm32f1xx_hal_dma.o
    0x080020d2   0x080020d2   0x00000002   PAD
    0x080020d4   0x080020d4   0x0000012e   Code   RO          459    .text.HAL_DMA_Abort_IT  stm32f1xx_hal_dma.o
    0x08002202   0x08002202   0x00000002   PAD
    0x08002204   0x08002204   0x0000029a   Code   RO          463    .text.HAL_DMA_IRQHandler  stm32f1xx_hal_dma.o
    0x0800249e   0x0800249e   0x00000002   PAD
    0x080024a0   0x080024a0   0x0000009e   Code   RO          449    .text.HAL_DMA_Init  stm32f1xx_hal_dma.o
    0x0800253e   0x0800253e   0x00000002   PAD
    0x08002540   0x08002540   0x00000028   Code   RO          333    .text.HAL_Delay     stm32f1xx_hal.o
    0x08002568   0x08002568   0x000001fa   Code   RO          425    .text.HAL_GPIO_Init  stm32f1xx_hal_gpio.o
    0x08002762   0x08002762   0x00000002   PAD
    0x08002764   0x08002764   0x0000000a   Code   RO          429    .text.HAL_GPIO_ReadPin  stm32f1xx_hal_gpio.o
    0x0800276e   0x0800276e   0x00000002   PAD
    0x08002770   0x08002770   0x0000000a   Code   RO          431    .text.HAL_GPIO_WritePin  stm32f1xx_hal_gpio.o
    0x0800277a   0x0800277a   0x00000002   PAD
    0x0800277c   0x0800277c   0x0000000c   Code   RO          325    .text.HAL_GetTick   stm32f1xx_hal.o
    0x08002788   0x08002788   0x00000176   Code   RO          646    .text.HAL_I2C_Init  stm32f1xx_hal_i2c.o
    0x080028fe   0x080028fe   0x00000002   PAD
    0x08002900   0x08002900   0x00000158   Code   RO          690    .text.HAL_I2C_Mem_Write  stm32f1xx_hal_i2c.o
    0x08002a58   0x08002a58   0x000000c0   Code   RO           87    .text.HAL_I2C_MspInit  i2c.o
    0x08002b18   0x08002b18   0x0000001a   Code   RO          323    .text.HAL_IncTick   stm32f1xx_hal.o
    0x08002b32   0x08002b32   0x00000002   PAD
    0x08002b34   0x08002b34   0x00000026   Code   RO          313    .text.HAL_Init      stm32f1xx_hal.o
    0x08002b5a   0x08002b5a   0x00000002   PAD
    0x08002b5c   0x08002b5c   0x00000048   Code   RO          315    .text.HAL_InitTick  stm32f1xx_hal.o
    0x08002ba4   0x08002ba4   0x00000042   Code   RO          194    .text.HAL_MspInit   stm32f1xx_hal_msp.o
    0x08002be6   0x08002be6   0x00000002   PAD
    0x08002be8   0x08002be8   0x00000026   Code   RO          485    .text.HAL_NVIC_EnableIRQ  stm32f1xx_hal_cortex.o
    0x08002c0e   0x08002c0e   0x00000002   PAD
    0x08002c10   0x08002c10   0x00000056   Code   RO          483    .text.HAL_NVIC_SetPriority  stm32f1xx_hal_cortex.o
    0x08002c66   0x08002c66   0x00000002   PAD
    0x08002c68   0x08002c68   0x00000020   Code   RO          481    .text.HAL_NVIC_SetPriorityGrouping  stm32f1xx_hal_cortex.o
    0x08002c88   0x08002c88   0x00000110   Code   RO          415    .text.HAL_RCCEx_GetPeriphCLKFreq  stm32f1xx_hal_rcc_ex.o
    0x08002d98   0x08002d98   0x0000010a   Code   RO          411    .text.HAL_RCCEx_PeriphCLKConfig  stm32f1xx_hal_rcc_ex.o
    0x08002ea2   0x08002ea2   0x00000002   PAD
    0x08002ea4   0x08002ea4   0x000001be   Code   RO          377    .text.HAL_RCC_ClockConfig  stm32f1xx_hal_rcc.o
    0x08003062   0x08003062   0x00000002   PAD
    0x08003064   0x08003064   0x00000026   Code   RO          389    .text.HAL_RCC_GetPCLK1Freq  stm32f1xx_hal_rcc.o
    0x0800308a   0x0800308a   0x00000002   PAD
    0x0800308c   0x0800308c   0x00000026   Code   RO          391    .text.HAL_RCC_GetPCLK2Freq  stm32f1xx_hal_rcc.o
    0x080030b2   0x080030b2   0x00000002   PAD
    0x080030b4   0x080030b4   0x00000056   Code   RO          379    .text.HAL_RCC_GetSysClockFreq  stm32f1xx_hal_rcc.o
    0x0800310a   0x0800310a   0x00000002   PAD
    0x0800310c   0x0800310c   0x000003b4   Code   RO          375    .text.HAL_RCC_OscConfig  stm32f1xx_hal_rcc.o
    0x080034c0   0x080034c0   0x0000002c   Code   RO          493    .text.HAL_SYSTICK_Config  stm32f1xx_hal_cortex.o
    0x080034ec   0x080034ec   0x00000002   Code   RO         1089    .text.HAL_TIMEx_BreakCallback  stm32f1xx_hal_tim_ex.o
    0x080034ee   0x080034ee   0x00000002   PAD
    0x080034f0   0x080034f0   0x00000002   Code   RO         1085    .text.HAL_TIMEx_CommutCallback  stm32f1xx_hal_tim_ex.o
    0x080034f2   0x080034f2   0x00000002   PAD
    0x080034f4   0x080034f4   0x00000092   Code   RO         1079    .text.HAL_TIMEx_MasterConfigSynchronization  stm32f1xx_hal_tim_ex.o
    0x08003586   0x08003586   0x00000002   PAD
    0x08003588   0x08003588   0x00000126   Code   RO          784    .text.HAL_TIM_Base_Init  stm32f1xx_hal_tim.o
    0x080036ae   0x080036ae   0x00000002   PAD
    0x080036b0   0x080036b0   0x0000006e   Code   RO          111    .text.HAL_TIM_Base_MspInit  tim.o
    0x0800371e   0x0800371e   0x00000002   PAD
    0x08003720   0x08003720   0x00000086   Code   RO          798    .text.HAL_TIM_Base_Start_IT  stm32f1xx_hal_tim.o
    0x080037a6   0x080037a6   0x00000002   PAD
    0x080037a8   0x080037a8   0x0000019c   Code   RO          964    .text.HAL_TIM_ConfigClockSource  stm32f1xx_hal_tim.o
    0x08003944   0x08003944   0x00000182   Code   RO          898    .text.HAL_TIM_Encoder_Init  stm32f1xx_hal_tim.o
    0x08003ac6   0x08003ac6   0x00000002   PAD
    0x08003ac8   0x08003ac8   0x000000a2   Code   RO          113    .text.HAL_TIM_Encoder_MspInit  tim.o
    0x08003b6a   0x08003b6a   0x00000002   PAD
    0x08003b6c   0x08003b6c   0x000000bc   Code   RO          906    .text.HAL_TIM_Encoder_Start  stm32f1xx_hal_tim.o
    0x08003c28   0x08003c28   0x00000002   Code   RO          920    .text.HAL_TIM_IC_CaptureCallback  stm32f1xx_hal_tim.o
    0x08003c2a   0x08003c2a   0x00000002   PAD
    0x08003c2c   0x08003c2c   0x00000170   Code   RO          918    .text.HAL_TIM_IRQHandler  stm32f1xx_hal_tim.o
    0x08003d9c   0x08003d9c   0x00000002   Code   RO          922    .text.HAL_TIM_OC_DelayElapsedCallback  stm32f1xx_hal_tim.o
    0x08003d9e   0x08003d9e   0x00000002   PAD
    0x08003da0   0x08003da0   0x00000262   Code   RO          938    .text.HAL_TIM_PWM_ConfigChannel  stm32f1xx_hal_tim.o
    0x08004002   0x08004002   0x00000002   PAD
    0x08004004   0x08004004   0x00000126   Code   RO          838    .text.HAL_TIM_PWM_Init  stm32f1xx_hal_tim.o
    0x0800412a   0x0800412a   0x00000002   PAD
    0x0800412c   0x0800412c   0x00000002   Code   RO          840    .text.HAL_TIM_PWM_MspInit  stm32f1xx_hal_tim.o
    0x0800412e   0x0800412e   0x00000002   PAD
    0x08004130   0x08004130   0x00000002   Code   RO          924    .text.HAL_TIM_PWM_PulseFinishedCallback  stm32f1xx_hal_tim.o
    0x08004132   0x08004132   0x00000002   PAD
    0x08004134   0x08004134   0x000000e2   Code   RO          846    .text.HAL_TIM_PWM_Start  stm32f1xx_hal_tim.o
    0x08004216   0x08004216   0x00000002   PAD
    0x08004218   0x08004218   0x000000aa   Code   RO           21    .text.HAL_TIM_PeriodElapsedCallback  main.o
    0x080042c2   0x080042c2   0x00000002   PAD
    0x080042c4   0x080042c4   0x00000002   Code   RO          928    .text.HAL_TIM_TriggerCallback  stm32f1xx_hal_tim.o
    0x080042c6   0x080042c6   0x00000002   PAD
    0x080042c8   0x080042c8   0x00000002   Code   RO         1187    .text.HAL_UARTEx_RxEventCallback  stm32f1xx_hal_uart.o
    0x080042ca   0x080042ca   0x00000002   PAD
    0x080042cc   0x080042cc   0x00000002   Code   RO         1185    .text.HAL_UART_ErrorCallback  stm32f1xx_hal_uart.o
    0x080042ce   0x080042ce   0x00000002   PAD
    0x080042d0   0x080042d0   0x00000560   Code   RO         1179    .text.HAL_UART_IRQHandler  stm32f1xx_hal_uart.o
    0x08004830   0x08004830   0x000000e2   Code   RO         1103    .text.HAL_UART_Init  stm32f1xx_hal_uart.o
    0x08004912   0x08004912   0x00000002   PAD
    0x08004914   0x08004914   0x00000196   Code   RO          141    .text.HAL_UART_MspInit  usart.o
    0x08004aaa   0x08004aaa   0x00000002   PAD
    0x08004aac   0x08004aac   0x00000052   Code   RO         1123    .text.HAL_UART_Receive_IT  stm32f1xx_hal_uart.o
    0x08004afe   0x08004afe   0x00000002   PAD
    0x08004b00   0x08004b00   0x00000064   Code   RO          182    .text.HAL_UART_RxCpltCallback  stm32f1xx_it.o
    0x08004b64   0x08004b64   0x00000278   Code   RO         1117    .text.HAL_UART_Transmit  stm32f1xx_hal_uart.o
    0x08004ddc   0x08004ddc   0x00000002   Code   RO         1189    .text.HAL_UART_TxCpltCallback  stm32f1xx_hal_uart.o
    0x08004dde   0x08004dde   0x00000002   PAD
    0x08004de0   0x08004de0   0x00000002   Code   RO          158    .text.HardFault_Handler  stm32f1xx_it.o
    0x08004de2   0x08004de2   0x00000002   PAD
    0x08004de4   0x08004de4   0x000000c8   Code   RO          692    .text.I2C_RequestMemoryWrite  stm32f1xx_hal_i2c.o
    0x08004eac   0x08004eac   0x000000be   Code   RO          660    .text.I2C_WaitOnBTFFlagUntilTimeout  stm32f1xx_hal_i2c.o
    0x08004f6a   0x08004f6a   0x00000002   PAD
    0x08004f6c   0x08004f6c   0x000001d2   Code   RO          656    .text.I2C_WaitOnFlagUntilTimeout  stm32f1xx_hal_i2c.o
    0x0800513e   0x0800513e   0x00000002   PAD
    0x08005140   0x08005140   0x000000e0   Code   RO          774    .text.I2C_WaitOnMasterAddressFlagUntilTimeout  stm32f1xx_hal_i2c.o
    0x08005220   0x08005220   0x000000be   Code   RO          658    .text.I2C_WaitOnTXEFlagUntilTimeout  stm32f1xx_hal_i2c.o
    0x080052de   0x080052de   0x00000002   PAD
    0x080052e0   0x080052e0   0x00000064   Code   RO         1328    .text.IIC_GPIO_Init  i2c_simulate.o
    0x08005344   0x08005344   0x000001f2   Code   RO         1320    .text.IIC_Read_Byte  i2c_simulate.o
    0x08005536   0x08005536   0x00000002   PAD
    0x08005538   0x08005538   0x0000014a   Code   RO         1318    .text.IIC_Send_Byte  i2c_simulate.o
    0x08005682   0x08005682   0x00000002   PAD
    0x08005684   0x08005684   0x0000003e   Code   RO         1314    .text.IIC_Start     i2c_simulate.o
    0x080056c2   0x080056c2   0x00000002   PAD
    0x080056c4   0x080056c4   0x00000032   Code   RO         1316    .text.IIC_Stop      i2c_simulate.o
    0x080056f6   0x080056f6   0x00000002   PAD
    0x080056f8   0x080056f8   0x00000046   Code   RO         1326    .text.IIC_Wait_Ack  i2c_simulate.o
    0x0800573e   0x0800573e   0x00000002   PAD
    0x08005740   0x08005740   0x00000042   Code   RO         1545    .text.MPU6050_Get_Accelerometer  mpu_6050.o
    0x08005782   0x08005782   0x00000002   PAD
    0x08005784   0x08005784   0x00000042   Code   RO         1543    .text.MPU6050_Get_Gyroscope  mpu_6050.o
    0x080057c6   0x080057c6   0x00000002   PAD
    0x080057c8   0x080057c8   0x00000054   Code   RO         1541    .text.MPU6050_Get_Temperature  mpu_6050.o
    0x0800581c   0x0800581c   0x0000014e   Code   RO         1547    .text.MPU6050_Init  mpu_6050.o
    0x0800596a   0x0800596a   0x00000002   PAD
    0x0800596c   0x0800596c   0x0000003a   Code   RO         1531    .text.MPU6050_Read_Byte  mpu_6050.o
    0x080059a6   0x080059a6   0x00000002   PAD
    0x080059a8   0x080059a8   0x00000070   Code   RO         1527    .text.MPU6050_Read_Len  mpu_6050.o
    0x08005a18   0x08005a18   0x0000000a   Code   RO         1535    .text.MPU6050_Set_AccelFsr  mpu_6050.o
    0x08005a22   0x08005a22   0x00000002   PAD
    0x08005a24   0x08005a24   0x0000000a   Code   RO         1533    .text.MPU6050_Set_GyroFsr  mpu_6050.o
    0x08005a2e   0x08005a2e   0x00000002   PAD
    0x08005a30   0x08005a30   0x00000040   Code   RO         1537    .text.MPU6050_Set_LPF  mpu_6050.o
    0x08005a70   0x08005a70   0x0000007a   Code   RO         1539    .text.MPU6050_Set_Rate  mpu_6050.o
    0x08005aea   0x08005aea   0x00000002   PAD
    0x08005aec   0x08005aec   0x00000044   Code   RO         1529    .text.MPU6050_Write_Byte  mpu_6050.o
    0x08005b30   0x08005b30   0x0000005a   Code   RO         1525    .text.MPU6050_Write_Len  mpu_6050.o
    0x08005b8a   0x08005b8a   0x00000002   PAD
    0x08005b8c   0x08005b8c   0x0000007c   Code   RO           56    .text.MX_ADC1_Init  adc.o
    0x08005c08   0x08005c08   0x00000034   Code   RO           74    .text.MX_DMA_Init   dma.o
    0x08005c3c   0x08005c3c   0x00000152   Code   RO           47    .text.MX_GPIO_Init  gpio.o
    0x08005d8e   0x08005d8e   0x00000002   PAD
    0x08005d90   0x08005d90   0x00000042   Code   RO           83    .text.MX_I2C1_Init  i2c.o
    0x08005dd2   0x08005dd2   0x00000002   PAD
    0x08005dd4   0x08005dd4   0x00000042   Code   RO           85    .text.MX_I2C2_Init  i2c.o
    0x08005e16   0x08005e16   0x00000002   PAD
    0x08005e18   0x08005e18   0x0000007c   Code   RO          101    .text.MX_TIM1_Init  tim.o
    0x08005e94   0x08005e94   0x00000066   Code   RO          103    .text.MX_TIM2_Init  tim.o
    0x08005efa   0x08005efa   0x00000002   PAD
    0x08005efc   0x08005efc   0x0000006c   Code   RO          105    .text.MX_TIM3_Init  tim.o
    0x08005f68   0x08005f68   0x0000012a   Code   RO          107    .text.MX_TIM4_Init  tim.o
    0x08006092   0x08006092   0x00000002   PAD
    0x08006094   0x08006094   0x0000003c   Code   RO          135    .text.MX_USART1_UART_Init  usart.o
    0x080060d0   0x080060d0   0x0000003c   Code   RO          137    .text.MX_USART2_UART_Init  usart.o
    0x0800610c   0x0800610c   0x0000003c   Code   RO          139    .text.MX_USART3_UART_Init  usart.o
    0x08006148   0x08006148   0x00000002   Code   RO          160    .text.MemManage_Handler  stm32f1xx_it.o
    0x0800614a   0x0800614a   0x00000002   PAD
    0x0800614c   0x0800614c   0x0000016e   Code   RO         1282    .text.MotorControl  motor.o
    0x080062ba   0x080062ba   0x00000002   PAD
    0x080062bc   0x080062bc   0x00000002   Code   RO          156    .text.NMI_Handler   stm32f1xx_it.o
    0x080062be   0x080062be   0x00000002   PAD
    0x080062c0   0x080062c0   0x00000278   Code   RO           15    .text.OLEDShow      main.o
    0x08006538   0x08006538   0x00000002   Code   RO          170    .text.PendSV_Handler  stm32f1xx_it.o
    0x0800653a   0x0800653a   0x00000002   PAD
    0x0800653c   0x0800653c   0x000000ac   Code   RO         1564    .text.SSD1306_Clear  oled_ssd1306.o
    0x080065e8   0x080065e8   0x00000034   Code   RO         1582    .text.SSD1306_ColorInverse  oled_ssd1306.o
    0x0800661c   0x0800661c   0x0000006a   Code   RO         1562    .text.SSD1306_Display_Off  oled_ssd1306.o
    0x08006686   0x08006686   0x00000002   PAD
    0x08006688   0x08006688   0x0000006a   Code   RO         1560    .text.SSD1306_Display_On  oled_ssd1306.o
    0x080066f2   0x080066f2   0x00000002   PAD
    0x080066f4   0x080066f4   0x0000020e   Code   RO         1574    .text.SSD1306_DrawBMP  oled_ssd1306.o
    0x08006902   0x08006902   0x00000002   PAD
    0x08006904   0x08006904   0x0000010e   Code   RO         1576    .text.SSD1306_HoriShift  oled_ssd1306.o
    0x08006a12   0x08006a12   0x00000002   PAD
    0x08006a14   0x08006a14   0x00000362   Code   RO         1592    .text.SSD1306_Init  oled_ssd1306.o
    0x08006d76   0x08006d76   0x00000002   PAD
    0x08006d78   0x08006d78   0x0000004e   Code   RO         1584    .text.SSD1306_IntensityControl  oled_ssd1306.o
    0x08006dc6   0x08006dc6   0x00000002   PAD
    0x08006dc8   0x08006dc8   0x00000110   Code   RO         1578    .text.SSD1306_PartHoriShift  oled_ssd1306.o
    0x08006ed8   0x08006ed8   0x00000076   Code   RO         1566    .text.SSD1306_SetPos  oled_ssd1306.o
    0x08006f4e   0x08006f4e   0x00000002   PAD
    0x08006f50   0x08006f50   0x0000043e   Code   RO         1572    .text.SSD1306_ShowCHinese  oled_ssd1306.o
    0x0800738e   0x0800738e   0x00000002   PAD
    0x08007390   0x08007390   0x000003d6   Code   RO         1568    .text.SSD1306_ShowChar  oled_ssd1306.o
    0x08007766   0x08007766   0x00000002   PAD
    0x08007768   0x08007768   0x00000040   Code   RO         1570    .text.SSD1306_ShowString  oled_ssd1306.o
    0x080077a8   0x080077a8   0x00000028   Code   RO         1586    .text.SSD1306_TempStrCheck  oled_ssd1306.o
    0x080077d0   0x080077d0   0x00000128   Code   RO         1580    .text.SSD1306_VerAndHoriShift  oled_ssd1306.o
    0x080078f8   0x080078f8   0x00000002   Code   RO          166    .text.SVC_Handler   stm32f1xx_it.o
    0x080078fa   0x080078fa   0x00000002   PAD
    0x080078fc   0x080078fc   0x000000ea   Code   RO         1300    .text.Speed_PID     pid.o
    0x080079e6   0x080079e6   0x00000002   PAD
    0x080079e8   0x080079e8   0x00000036   Code   RO         1298    .text.Speed_PID_Init  pid.o
    0x08007a1e   0x08007a1e   0x00000002   PAD
    0x08007a20   0x08007a20   0x00000004   Code   RO          172    .text.SysTick_Handler  stm32f1xx_it.o
    0x08007a24   0x08007a24   0x00000002   Code   RO         1223    .text.SystemInit    system_stm32f1xx.o
    0x08007a26   0x08007a26   0x00000002   PAD
    0x08007a28   0x08007a28   0x0000000c   Code   RO          176    .text.TIM1_UP_IRQHandler  stm32f1xx_it.o
    0x08007a34   0x08007a34   0x0000002e   Code   RO         1302    .text.Trail_PID_Init  pid.o
    0x08007a62   0x08007a62   0x00000002   PAD
    0x08007a64   0x08007a64   0x0000000c   Code   RO         1183    .text.UART_DMAAbortOnError  stm32f1xx_hal_uart.o
    0x08007a70   0x08007a70   0x000000fe   Code   RO         1181    .text.UART_Receive_IT  stm32f1xx_hal_uart.o
    0x08007b6e   0x08007b6e   0x00000002   PAD
    0x08007b70   0x08007b70   0x0000000c   Code   RO          178    .text.USART2_IRQHandler  stm32f1xx_it.o
    0x08007b7c   0x08007b7c   0x0000000c   Code   RO          180    .text.USART3_IRQHandler  stm32f1xx_it.o
    0x08007b88   0x08007b88   0x00000002   Code   RO          164    .text.UsageFault_Handler  stm32f1xx_it.o
    0x08007b8a   0x08007b8a   0x00000002   PAD
    0x08007b8c   0x08007b8c   0x00000062   Code   RO           62    .text.adcGetBatteryVoltage  adc.o
    0x08007bee   0x08007bee   0x00000002   PAD
    0x08007bf0   0x08007bf0   0x0000029e   Code   RO         1487    .text.dmp_enable_feature  inv_mpu_dmp_motion_driver.o
    0x08007e8e   0x08007e8e   0x00000002   PAD
    0x08007e90   0x08007e90   0x00000016   Code   RO         1451    .text.dmp_load_motion_driver_firmware  inv_mpu_dmp_motion_driver.o
    0x08007ea6   0x08007ea6   0x00000002   PAD
    0x08007ea8   0x08007ea8   0x000001d4   Code   RO         1499    .text.dmp_read_fifo  inv_mpu_dmp_motion_driver.o
    0x0800807c   0x0800807c   0x000000c0   Code   RO         1457    .text.dmp_set_accel_bias  inv_mpu_dmp_motion_driver.o
    0x0800813c   0x0800813c   0x00000070   Code   RO         1459    .text.dmp_set_fifo_rate  inv_mpu_dmp_motion_driver.o
    0x080081ac   0x080081ac   0x000000e0   Code   RO         1455    .text.dmp_set_gyro_bias  inv_mpu_dmp_motion_driver.o
    0x0800828c   0x0800828c   0x000000e8   Code   RO         1453    .text.dmp_set_orientation  inv_mpu_dmp_motion_driver.o
    0x08008374   0x08008374   0x00000126   Code   RO         1463    .text.dmp_set_tap_thresh  inv_mpu_dmp_motion_driver.o
    0x0800849a   0x0800849a   0x00000002   PAD
    0x0800849c   0x0800849c   0x00000020   Code   RO          131    .text.fputc         usart.o
    0x080084bc   0x080084bc   0x00000334   Code   RO         1408    .text.get_st_biases  inv_mpu.o
    0x080087f0   0x080087f0   0x000000dc   Code   RO         1428    .text.inv_orientation_matrix_to_scalar  inv_mpu.o
    0x080088cc   0x080088cc   0x00000266   Code   RO           11    .text.main          main.o
    0x08008b32   0x08008b32   0x00000002   PAD
    0x08008b34   0x08008b34   0x00000002   Code   RO         1366    .text.mget_ms       inv_mpu.o
    0x08008b36   0x08008b36   0x00000002   PAD
    0x08008b38   0x08008b38   0x000000b0   Code   RO         1354    .text.mpu_configure_fifo  inv_mpu.o
    0x08008be8   0x08008be8   0x000001da   Code   RO         1434    .text.mpu_dmp_get_data  inv_mpu.o
    0x08008dc2   0x08008dc2   0x00000002   PAD
    0x08008dc4   0x08008dc4   0x000000fa   Code   RO         1432    .text.mpu_dmp_init  inv_mpu.o
    0x08008ebe   0x08008ebe   0x00000002   PAD
    0x08008ec0   0x08008ec0   0x0000003c   Code   RO         1378    .text.mpu_get_accel_fsr  inv_mpu.o
    0x08008efc   0x08008efc   0x00000044   Code   RO         1390    .text.mpu_get_accel_sens  inv_mpu.o
    0x08008f40   0x08008f40   0x000001c8   Code   RO         1344    .text.mpu_init      inv_mpu.o
    0x08009108   0x08009108   0x00000146   Code   RO         1414    .text.mpu_load_firmware  inv_mpu.o
    0x0800924e   0x0800924e   0x00000002   PAD
    0x08009250   0x08009250   0x0000021c   Code   RO         1360    .text.mpu_lp_accel_mode  inv_mpu.o
    0x0800946c   0x0800946c   0x000000be   Code   RO         1400    .text.mpu_read_fifo_stream  inv_mpu.o
    0x0800952a   0x0800952a   0x00000002   PAD
    0x0800952c   0x0800952c   0x00000182   Code   RO         1374    .text.mpu_reset_fifo  inv_mpu.o
    0x080096ae   0x080096ae   0x00000002   PAD
    0x080096b0   0x080096b0   0x00000938   Code   RO         1404    .text.mpu_run_self_test  inv_mpu.o
    0x08009fe8   0x08009fe8   0x0000009a   Code   RO         1348    .text.mpu_set_accel_fsr  inv_mpu.o
    0x0800a082   0x0800a082   0x00000002   PAD
    0x0800a084   0x0800a084   0x000000ee   Code   RO         1356    .text.mpu_set_bypass  inv_mpu.o
    0x0800a172   0x0800a172   0x00000002   PAD
    0x0800a174   0x0800a174   0x000000e0   Code   RO         1406    .text.mpu_set_dmp_state  inv_mpu.o
    0x0800a254   0x0800a254   0x0000009c   Code   RO         1350    .text.mpu_set_lpf   inv_mpu.o
    0x0800a2f0   0x0800a2f0   0x00000146   Code   RO         1352    .text.mpu_set_sample_rate  inv_mpu.o
    0x0800a436   0x0800a436   0x00000002   PAD
    0x0800a438   0x0800a438   0x000000ea   Code   RO         1358    .text.mpu_set_sensors  inv_mpu.o
    0x0800a522   0x0800a522   0x00000002   PAD
    0x0800a524   0x0800a524   0x00000064   Code   RO         1410    .text.mpu_write_mem  inv_mpu.o
    0x0800a588   0x0800a588   0x000000f4   Code   RO         1426    .text.run_self_test  inv_mpu.o
    0x0800a67c   0x0800a67c   0x0000003e   Code   RO         1936    CL$$btod_d2e        c_w.l(btod.o)
    0x0800a6ba   0x0800a6ba   0x00000046   Code   RO         1938    CL$$btod_d2e_denorm_low  c_w.l(btod.o)
    0x0800a700   0x0800a700   0x00000060   Code   RO         1937    CL$$btod_d2e_norm_op1  c_w.l(btod.o)
    0x0800a760   0x0800a760   0x00000338   Code   RO         1946    CL$$btod_div_common  c_w.l(btod.o)
    0x0800aa98   0x0800aa98   0x000000dc   Code   RO         1943    CL$$btod_e2e        c_w.l(btod.o)
    0x0800ab74   0x0800ab74   0x0000002a   Code   RO         1940    CL$$btod_ediv       c_w.l(btod.o)
    0x0800ab9e   0x0800ab9e   0x0000002a   Code   RO         1939    CL$$btod_emul       c_w.l(btod.o)
    0x0800abc8   0x0800abc8   0x00000244   Code   RO         1945    CL$$btod_mult_common  c_w.l(btod.o)
    0x0800ae0c   0x0800ae0c   0x00000028   Code   RO         1891    i.__ARM_fpclassify  m_ws.l(fpclassify.o)
    0x0800ae34   0x0800ae34   0x000000aa   Code   RO         1893    i.__kernel_poly     m_ws.l(poly.o)
    0x0800aede   0x0800aede   0x00000006   Code   RO         1878    i.__mathlib_dbl_infnan  m_ws.l(dunder.o)
    0x0800aee4   0x0800aee4   0x00000004   Code   RO         1879    i.__mathlib_dbl_infnan2  m_ws.l(dunder.o)
    0x0800aee8   0x0800aee8   0x0000000c   Code   RO         1880    i.__mathlib_dbl_invalid  m_ws.l(dunder.o)
    0x0800aef4   0x0800aef4   0x00000010   Code   RO         1883    i.__mathlib_dbl_underflow  m_ws.l(dunder.o)
    0x0800af04   0x0800af04   0x0000000e   Code   RO         1722    i._is_digit         c_w.l(__printf_wp.o)
    0x0800af12   0x0800af12   0x00000002   PAD
    0x0800af14   0x0800af14   0x00000270   Code   RO         1809    i.asin              m_ws.l(asin.o)
    0x0800b184   0x0800b184   0x00000220   Code   RO         1873    i.atan              m_ws.l(atan.o)
    0x0800b3a4   0x0800b3a4   0x0000019c   Code   RO         1814    i.atan2             m_ws.l(atan2.o)
    0x0800b540   0x0800b540   0x0000004c   Code   RO         1897    i.sqrt              m_ws.l(sqrt.o)
    0x0800b58c   0x0800b58c   0x0000002c   Code   RO         1969    locale$$code        c_w.l(lc_numeric_c.o)
    0x0800b5b8   0x0800b5b8   0x00000062   Code   RO         1758    x$fpl$d2f           fz_ws.l(d2f.o)
    0x0800b61a   0x0800b61a   0x00000002   PAD
    0x0800b61c   0x0800b61c   0x00000150   Code   RO         1760    x$fpl$dadd          fz_ws.l(daddsub_clz.o)
    0x0800b76c   0x0800b76c   0x00000010   Code   RO         1971    x$fpl$dcheck1       fz_ws.l(dcheck1.o)
    0x0800b77c   0x0800b77c   0x00000018   Code   RO         1973    x$fpl$dcmpinf       fz_ws.l(dcmpi.o)
    0x0800b794   0x0800b794   0x000002b4   Code   RO         1769    x$fpl$ddiv          fz_ws.l(ddiv.o)
    0x0800ba48   0x0800ba48   0x00000078   Code   RO         1849    x$fpl$deqf          fz_ws.l(deqf.o)
    0x0800bac0   0x0800bac0   0x0000002e   Code   RO         1773    x$fpl$dflt          fz_ws.l(dflt_clz.o)
    0x0800baee   0x0800baee   0x00000002   PAD
    0x0800baf0   0x0800baf0   0x00000154   Code   RO         1778    x$fpl$dmul          fz_ws.l(dmul.o)
    0x0800bc44   0x0800bc44   0x0000009c   Code   RO         1855    x$fpl$dnaninf       fz_ws.l(dnaninf.o)
    0x0800bce0   0x0800bce0   0x0000000c   Code   RO         1857    x$fpl$dretinf       fz_ws.l(dretinf.o)
    0x0800bcec   0x0800bcec   0x00000016   Code   RO         1761    x$fpl$drsb          fz_ws.l(daddsub_clz.o)
    0x0800bd02   0x0800bd02   0x00000002   PAD
    0x0800bd04   0x0800bd04   0x000001cc   Code   RO         1975    x$fpl$dsqrt         fz_ws.l(dsqrt_noumaal.o)
    0x0800bed0   0x0800bed0   0x000001dc   Code   RO         1762    x$fpl$dsub          fz_ws.l(daddsub_clz.o)
    0x0800c0ac   0x0800c0ac   0x00000056   Code   RO         1780    x$fpl$f2d           fz_ws.l(f2d.o)
    0x0800c102   0x0800c102   0x00000002   PAD
    0x0800c104   0x0800c104   0x000000c4   Code   RO         1782    x$fpl$fadd          fz_ws.l(faddsub_clz.o)
    0x0800c1c8   0x0800c1c8   0x00000054   Code   RO         1788    x$fpl$fcmp          fz_ws.l(fcmp.o)
    0x0800c21c   0x0800c21c   0x00000018   Code   RO         1977    x$fpl$fcmpinf       fz_ws.l(fcmpi.o)
    0x0800c234   0x0800c234   0x00000184   Code   RO         1791    x$fpl$fdiv          fz_ws.l(fdiv.o)
    0x0800c3b8   0x0800c3b8   0x00000068   Code   RO         1859    x$fpl$feqf          fz_ws.l(feqf.o)
    0x0800c420   0x0800c420   0x00000036   Code   RO         1794    x$fpl$ffix          fz_ws.l(ffix.o)
    0x0800c456   0x0800c456   0x00000002   PAD
    0x0800c458   0x0800c458   0x00000030   Code   RO         1799    x$fpl$fflt          fz_ws.l(fflt_clz.o)
    0x0800c488   0x0800c488   0x00000026   Code   RO         1798    x$fpl$ffltu         fz_ws.l(fflt_clz.o)
    0x0800c4ae   0x0800c4ae   0x00000002   PAD
    0x0800c4b0   0x0800c4b0   0x00000068   Code   RO         1861    x$fpl$fgeqf         fz_ws.l(fgeqf.o)
    0x0800c518   0x0800c518   0x00000068   Code   RO         1863    x$fpl$fleqf         fz_ws.l(fleqf.o)
    0x0800c580   0x0800c580   0x00000102   Code   RO         1804    x$fpl$fmul          fz_ws.l(fmul.o)
    0x0800c682   0x0800c682   0x0000008c   Code   RO         1865    x$fpl$fnaninf       fz_ws.l(fnaninf.o)
    0x0800c70e   0x0800c70e   0x0000000a   Code   RO         1867    x$fpl$fretinf       fz_ws.l(fretinf.o)
    0x0800c718   0x0800c718   0x000000ea   Code   RO         1784    x$fpl$fsub          fz_ws.l(faddsub_clz.o)
    0x0800c802   0x0800c802   0x00000004   Code   RO         1806    x$fpl$printf1       fz_ws.l(printf1.o)
    0x0800c806   0x0800c806   0x00000064   Code   RO         2141    x$fpl$retnan        fz_ws.l(retnan.o)
    0x0800c86a   0x0800c86a   0x0000005c   Code   RO         1869    x$fpl$scalbn        fz_ws.l(scalbn.o)
    0x0800c8c6   0x0800c8c6   0x00000030   Code   RO         2192    x$fpl$trapveneer    fz_ws.l(trapv.o)
    0x0800c8f6   0x0800c8f6   0x00000000   Code   RO         1871    x$fpl$usenofp       fz_ws.l(usenofp.o)
    0x0800c8f6   0x0800c8f6   0x00000028   Data   RO         1695    .constdata          c_w.l(_printf_hex_int.o)
    0x0800c91e   0x0800c91e   0x00000011   Data   RO         1725    .constdata          c_w.l(__printf_flags_wp.o)
    0x0800c92f   0x0800c92f   0x00000001   PAD
    0x0800c930   0x0800c930   0x00000050   Data   RO         1810    .constdata          m_ws.l(asin.o)
    0x0800c980   0x0800c980   0x00000098   Data   RO         1874    .constdata          m_ws.l(atan.o)
    0x0800ca18   0x0800ca18   0x00000008   Data   RO         1895    .constdata          m_ws.l(qnan.o)
    0x0800ca20   0x0800ca20   0x00000094   Data   RO         1934    .constdata          c_w.l(bigflt0.o)
    0x0800cab4   0x0800cab4   0x00000004   Data   RO         1981    .constdata          c_w.l(sys_io_names.o)
    0x0800cab8   0x0800cab8   0x00000004   Data   RO         1982    .constdata          c_w.l(sys_io_names.o)
    0x0800cabc   0x0800cabc   0x00000004   Data   RO         1983    .constdata          c_w.l(sys_io_names.o)
    0x0800cac0   0x0800cac0   0x00000003   Data   RO         1507    .rodata..L__const.dmp_set_orientation.accel_axes  inv_mpu_dmp_motion_driver.o
    0x0800cac3   0x0800cac3   0x00000003   Data   RO         1506    .rodata..L__const.dmp_set_orientation.gyro_axes  inv_mpu_dmp_motion_driver.o
    0x0800cac6   0x0800cac6   0x00000010   Data   RO         1228    .rodata.AHBPrescTable  system_stm32f1xx.o
    0x0800cad6   0x0800cad6   0x00000008   Data   RO         1229    .rodata.APBPrescTable  system_stm32f1xx.o
    0x0800cade   0x0800cade   0x00000228   Data   RO         1594    .rodata.F6x8        oled_ssd1306.o
    0x0800cd06   0x0800cd06   0x000005f0   Data   RO         1596    .rodata.F8X16       oled_ssd1306.o
    0x0800d2f6   0x0800d2f6   0x00000002   Data   RO          402    .rodata.HAL_RCC_GetSysClockFreq.aPredivFactorTable  stm32f1xx_hal_rcc.o
    0x0800d2f8   0x0800d2f8   0x00000040   Data   RO         1595    .rodata.Hzk         oled_ssd1306.o
    0x0800d338   0x0800d338   0x00000010   Data   RO          401    .rodata.cst16       stm32f1xx_hal_rcc.o
    0x0800d348   0x0800d348   0x00000bf6   Data   RO         1505    .rodata.dmp_memory  inv_mpu_dmp_motion_driver.o
    0x0800df3e   0x0800df3e   0x0000000c   Data   RO         1437    .rodata.hw          inv_mpu.o
    0x0800df4a   0x0800df4a   0x0000001b   Data   RO         1436    .rodata.reg         inv_mpu.o
    0x0800df65   0x0800df65   0x00000022   Data   RO           31    .rodata.str1.1      main.o
    0x0800df87   0x0800df87   0x0000004c   Data   RO         1439    .rodata.str1.1      inv_mpu.o
    0x0800dfd3   0x0800dfd3   0x00000001   PAD
    0x0800dfd4   0x0800dfd4   0x00000028   Data   RO         1438    .rodata.test        inv_mpu.o
    0x0800dffc   0x0800dffc   0x00000020   Data   RO         2273    Region$$Table       anon$$obj.o
    0x0800e01c   0x0800e01c   0x0000001c   Data   RO         1968    locale$$data        c_w.l(lc_numeric_c.o)


    Execution Region RW_IRAM1 (Exec base: 0x20000000, Load base: 0x0800e038, Size: 0x00000c78, Max: 0x00010000, ABSOLUTE)

    Exec Addr    Load Addr    Size         Type   Attr      Idx    E Section Name        Object

    0x20000000   0x0800e038   0x00000004   Data   RW         1844    .data               c_w.l(stdio_streams.o)
    0x20000004   0x0800e03c   0x00000004   Data   RW         1845    .data               c_w.l(stdio_streams.o)
    0x20000008   0x0800e040   0x00000004   Data   RW         1846    .data               c_w.l(stdio_streams.o)
    0x2000000c   0x0800e044   0x00000008   Data   RW          364    .data..L_MergedGlobals  stm32f1xx_hal.o
    0x20000014   0x0800e04c   0x00000038   Data   RW         1442    .data..L_MergedGlobals  inv_mpu.o
    0x2000004c   0x0800e084   0x00000004   Data   RW         1227    .data.SystemCoreClock  system_stm32f1xx.o
    0x20000050        -       0x00000054   Zero   RW         1841    .bss                c_w.l(stdio_streams.o)
    0x200000a4        -       0x00000054   Zero   RW         1842    .bss                c_w.l(stdio_streams.o)
    0x200000f8        -       0x00000054   Zero   RW         1843    .bss                c_w.l(stdio_streams.o)
    0x2000014c        -       0x00000060   Zero   RW         1985    .bss                c_w.l(libspace.o)
    0x200001ac        -       0x00000064   Zero   RW           37    .bss..L_MergedGlobals  main.o
    0x20000210        -       0x00000010   Zero   RW         1514    .bss..L_MergedGlobals  inv_mpu_dmp_motion_driver.o
    0x20000220        -       0x00000044   Zero   RW         1549    .bss..L_MergedGlobals  mpu_6050.o
    0x20000264        -       0x00000044   Zero   RW         1597    .bss..L_MergedGlobals  oled_ssd1306.o
    0x200002a8        -       0x00000048   Zero   RW           38    .bss..L_MergedGlobals.16  main.o
    0x200002f0        -       0x00000064   Zero   RW           30    .bss.Uart2DataBuff  main.o
    0x20000354        -       0x00000001   Zero   RW           32    .bss.Uart3RxBuff    main.o
    0x20000355   0x0800e088   0x00000003   PAD
    0x20000358        -       0x00000002   Zero   RW         1508    .bss.dmp.2          inv_mpu_dmp_motion_driver.o
    0x2000035a   0x0800e088   0x00000002   PAD
    0x2000035c        -       0x00000002   Zero   RW         1509    .bss.dmp.4          inv_mpu_dmp_motion_driver.o
    0x2000035e   0x0800e088   0x00000002   PAD
    0x20000360        -       0x00000030   Zero   RW           64    .bss.hadc1          adc.o
    0x20000390        -       0x00000044   Zero   RW           65    .bss.hdma_adc1      adc.o
    0x200003d4        -       0x00000054   Zero   RW           91    .bss.hi2c1          i2c.o
    0x20000428        -       0x00000054   Zero   RW           92    .bss.hi2c2          i2c.o
    0x2000047c        -       0x00000048   Zero   RW          119    .bss.htim1          tim.o
    0x200004c4        -       0x00000048   Zero   RW          120    .bss.htim2          tim.o
    0x2000050c        -       0x00000048   Zero   RW          121    .bss.htim3          tim.o
    0x20000554        -       0x00000048   Zero   RW          122    .bss.htim4          tim.o
    0x2000059c        -       0x00000048   Zero   RW          146    .bss.huart1         usart.o
    0x200005e4        -       0x00000048   Zero   RW          145    .bss.huart2         usart.o
    0x2000062c        -       0x00000048   Zero   RW          147    .bss.huart3         usart.o
    0x20000674        -       0x00000004   Zero   RW          363    .bss.uwTick         stm32f1xx_hal.o
    0x20000678        -       0x00000200   Zero   RW            2    HEAP                startup_stm32f103xe.o
    0x20000878        -       0x00000400   Zero   RW            1    STACK               startup_stm32f103xe.o


==============================================================================

Image component sizes


      Code (inc. data)   RO Data    RW Data    ZI Data      Debug   Object Name

       386          0          0          0        116       4332   adc.o
        52          0          0          0          0       2493   dma.o
       338          0          0          0          0       1701   gpio.o
       324          0          0          0        168       4653   i2c.o
      1110          0          0          0          0       3806   i2c_simulate.o
      8004        174        155         56          0      32950   inv_mpu.o
      2214          8       3068          0         20      10899   inv_mpu_dmp_motion_driver.o
      1426         84         34          0        273      10793   main.o
       442          0          0          0          0       3271   motor.o
      1084          0          0          0         68       6282   mpu_6050.o
      5034          0       2136          0         68      22295   oled_ssd1306.o
       334          0          0          0          0       1982   pid.o
        64         26        304          0       1536        788   startup_stm32f103xe.o
       188          0          0          8          4       6067   stm32f1xx_hal.o
      1772          0          0          0          0      13213   stm32f1xx_hal_adc.o
       200          0          0          0          0       8825   stm32f1xx_hal_cortex.o
      1196          0          0          0          0       8552   stm32f1xx_hal_dma.o
       526         20          0          0          0       4535   stm32f1xx_hal_gpio.o
      1988          0          0          0          0      42547   stm32f1xx_hal_i2c.o
        66          0          0          0          0       1192   stm32f1xx_hal_msp.o
      1556          0         18          0          0       7667   stm32f1xx_hal_rcc.o
       538         36          0          0          0       3789   stm32f1xx_hal_rcc_ex.o
      2922          4          0          0          0      55872   stm32f1xx_hal_tim.o
       150          0          0          0          0      20884   stm32f1xx_hal_tim_ex.o
      2588          0          0          0          0      32326   stm32f1xx_hal_uart.o
       168          0          0          0          0       8226   stm32f1xx_it.o
         2          0         24          4          0       1617   system_stm32f1xx.o
       904          0          0          0        288       9103   tim.o
       618          0          0          0        216       7411   usart.o

    ----------------------------------------------------------------------
     36400        352       5772         68       2764     338071   Object Totals
         0          0         32          0          0          0   (incl. Generated)
       206          0          1          0          7          0   (incl. Padding)

    ----------------------------------------------------------------------

      Code (inc. data)   RO Data    RW Data    ZI Data      Debug   Library Member Name

         8          0          0          0          0         68   __main.o
       312          4         17          0          0         92   __printf_flags_wp.o
        14          0          0          0          0         68   __printf_wp.o
         0          0          0          0          0          0   __rtentry.o
        12          0          0          0          0          0   __rtentry2.o
         6          0          0          0          0          0   __rtentry4.o
        52          8          0          0          0          0   __scatter.o
        26          0          0          0          0          0   __scatter_copy.o
        28          0          0          0          0          0   __scatter_zi.o
         6          0          0          0          0          0   _printf_c.o
        44          0          0          0          0        108   _printf_char.o
        48          6          0          0          0         96   _printf_char_common.o
        36          4          0          0          0         80   _printf_char_file.o
         6          0          0          0          0          0   _printf_d.o
       120         16          0          0          0         92   _printf_dec.o
         6          0          0          0          0          0   _printf_f.o
      1052          0          0          0          0        148   _printf_fp_dec.o
       128         16          0          0          0         84   _printf_fp_infnan.o
        88          4         40          0          0         88   _printf_hex_int.o
       178          0          0          0          0         88   _printf_intcommon.o
        78          0          0          0          0        108   _printf_pad.o
         0          0          0          0          0          0   _printf_percent.o
         4          0          0          0          0          0   _printf_percent_end.o
         6          0          0          0          0          0   _printf_s.o
        82          0          0          0          0         80   _printf_str.o
         6          0          0          0          0          0   _printf_x.o
        22          0          0          0          0        100   _rserrno.o
        10          0          0          0          0         68   _sputc.o
        16          0          0          0          0         68   aeabi_memset.o
       228          4        148          0          0         96   bigflt0.o
      1936        128          0          0          0        668   btod.o
        10          0          0          0          0         68   defsig_exit.o
        50          0          0          0          0         88   defsig_general.o
        80         58          0          0          0         76   defsig_rtmem_inner.o
        14          0          0          0          0         80   defsig_rtmem_outer.o
        52         38          0          0          0         76   defsig_rtred_inner.o
        14          0          0          0          0         80   defsig_rtred_outer.o
        18          0          0          0          0         80   exit.o
        76          0          0          0          0         88   fclose.o
         8          0          0          0          0         68   ferror.o
       240          6          0          0          0        128   fopen.o
       248          6          0          0          0         84   fseek.o
        66          0          0          0          0         76   ftell.o
        94          0          0          0          0         80   h1_alloc.o
        52          0          0          0          0         68   h1_extend.o
        78          0          0          0          0         80   h1_free.o
        14          0          0          0          0         84   h1_init.o
         6          0          0          0          0        152   heapauxi.o
         4          0          0          0          0        136   hguard.o
         0          0          0          0          0          0   indicate_semi.o
       138          0          0          0          0        168   init_alloc.o
       312         46          0          0          0        112   initio.o
        44         10         28          0          0         76   lc_numeric_c.o
         2          0          0          0          0          0   libinit.o
        30          0          0          0          0          0   libinit2.o
         2          0          0          0          0          0   libshutdown.o
         6          0          0          0          0          0   libshutdown2.o
         8          4          0          0         96         68   libspace.o
       116          0          0          0          0         84   llsdiv.o
       138          0          0          0          0         80   lludiv10.o
       240          0          0          0          0        100   lludivv7m.o
         0          0          0          0          0          0   maybetermalloc1.o
        88          0          0          0          0         76   memcmp.o
        24          4          0          0          0         84   noretval__2printf.o
        40          6          0          0          0         84   noretval__2sprintf.o
        44          4          0          0          0         84   puts.o
         8          4          0          0          0         68   rt_errno_addr_intlibspace.o
         8          4          0          0          0         68   rt_heap_descriptor_intlibspace.o
         8          4          0          0          0         68   rt_locale_intlibspace.o
        68          0          0          0          0         68   rt_memclr.o
        78          0          0          0          0         80   rt_memclr_w.o
         2          0          0          0          0          0   rtexit.o
        10          0          0          0          0          0   rtexit2.o
        70          0          0          0          0         80   setvbuf.o
       264          6          0          0          0        160   stdio.o
         0          0          0         12        252          0   stdio_streams.o
       128          0          0          0          0         68   strcmpv7m.o
        72          0          0          0          0         80   strcpy.o
        62          0          0          0          0         76   strlen.o
        12          4          0          0          0         68   sys_exit.o
       102          0          0          0          0        240   sys_io.o
         0          0         12          0          0          0   sys_io_names.o
        74          0          0          0          0         80   sys_stackheap_outer.o
        14          0          0          0          0         76   sys_wrch.o
         2          0          0          0          0         68   use_no_semi.o
        98          4          0          0          0         92   d2f.o
       834         16          0          0          0        372   daddsub_clz.o
        16          4          0          0          0         68   dcheck1.o
        24          0          0          0          0         68   dcmpi.o
       692        140          0          0          0        216   ddiv.o
       120          4          0          0          0         92   deqf.o
        46          0          0          0          0         68   dflt_clz.o
       340         12          0          0          0        104   dmul.o
       156          4          0          0          0         92   dnaninf.o
        12          0          0          0          0         68   dretinf.o
       460         56          0          0          0        120   dsqrt_noumaal.o
        86          4          0          0          0         84   f2d.o
       430          8          0          0          0        168   faddsub_clz.o
        84          0          0          0          0        196   fcmp.o
        24          0          0          0          0         68   fcmpi.o
       388         76          0          0          0         96   fdiv.o
       104          4          0          0          0         84   feqf.o
        54          4          0          0          0         84   ffix.o
        86          0          0          0          0        136   fflt_clz.o
       104          4          0          0          0         84   fgeqf.o
       104          4          0          0          0         84   fleqf.o
       258          4          0          0          0         84   fmul.o
       140          4          0          0          0         84   fnaninf.o
        10          0          0          0          0         68   fretinf.o
         4          0          0          0          0         68   printf1.o
       100          0          0          0          0         68   retnan.o
        92          0          0          0          0         68   scalbn.o
        48          0          0          0          0         68   trapv.o
         0          0          0          0          0          0   usenofp.o
       624         52         80          0          0        168   asin.o
       544         70        152          0          0        124   atan.o
       412         38          0          0          0        144   atan2.o
        38          6          0          0          0        272   dunder.o
        40          0          0          0          0         68   fpclassify.o
       170          0          0          0          0         96   poly.o
         0          0          8          0          0          0   qnan.o
        76          0          0          0          0         84   sqrt.o

    ----------------------------------------------------------------------
     14742        912        486         12        348      10064   Library Totals
        28          0          1          0          0          0   (incl. Padding)

    ----------------------------------------------------------------------

      Code (inc. data)   RO Data    RW Data    ZI Data      Debug   Library Name

      7896        394        245         12        348       6156   c_w.l
      4914        352          0          0          0       2952   fz_ws.l
      1904        166        240          0          0        956   m_ws.l

    ----------------------------------------------------------------------
     14742        912        486         12        348      10064   Library Totals

    ----------------------------------------------------------------------

==============================================================================


      Code (inc. data)   RO Data    RW Data    ZI Data      Debug   

     51142       1264       6258         80       3112     342027   Grand Totals
     51142       1264       6258         80       3112     342027   ELF Image Totals
     51142       1264       6258         80          0          0   ROM Totals

==============================================================================

    Total RO  Size (Code + RO Data)                57400 (  56.05kB)
    Total RW  Size (RW Data + ZI Data)              3192 (   3.12kB)
    Total ROM Size (Code + RO Data + RW Data)      57480 (  56.13kB)

==============================================================================

