Component: Arm Compiler for Embedded 6.19 Tool: armlink [5e73cb00]

==============================================================================

Section Cross References

    startup_stm32f103xe.o(RESET) refers to startup_stm32f103xe.o(STACK) for __initial_sp
    startup_stm32f103xe.o(RESET) refers to startup_stm32f103xe.o(.text) for Reset_Handler
    startup_stm32f103xe.o(RESET) refers to stm32f1xx_it.o(.text.NMI_Handler) for NMI_Handler
    startup_stm32f103xe.o(RESET) refers to stm32f1xx_it.o(.text.HardFault_Handler) for HardFault_Handler
    startup_stm32f103xe.o(RESET) refers to stm32f1xx_it.o(.text.MemManage_Handler) for MemManage_Handler
    startup_stm32f103xe.o(RESET) refers to stm32f1xx_it.o(.text.BusFault_Handler) for BusFault_Handler
    startup_stm32f103xe.o(RESET) refers to stm32f1xx_it.o(.text.UsageFault_Handler) for UsageFault_Handler
    startup_stm32f103xe.o(RESET) refers to stm32f1xx_it.o(.text.SVC_Handler) for SVC_Handler
    startup_stm32f103xe.o(RESET) refers to stm32f1xx_it.o(.text.DebugMon_Handler) for DebugMon_Handler
    startup_stm32f103xe.o(RESET) refers to stm32f1xx_it.o(.text.PendSV_Handler) for PendSV_Handler
    startup_stm32f103xe.o(RESET) refers to stm32f1xx_it.o(.text.SysTick_Handler) for SysTick_Handler
    startup_stm32f103xe.o(RESET) refers to stm32f1xx_it.o(.text.TIM1_UP_IRQHandler) for TIM1_UP_IRQHandler
    startup_stm32f103xe.o(RESET) refers to stm32f1xx_it.o(.text.USART2_IRQHandler) for USART2_IRQHandler
    startup_stm32f103xe.o(RESET) refers to stm32f1xx_it.o(.text.USART3_IRQHandler) for USART3_IRQHandler
    startup_stm32f103xe.o(.text) refers to system_stm32f1xx.o(.text.SystemInit) for SystemInit
    startup_stm32f103xe.o(.text) refers to entry.o(.ARM.Collect$$$$00000000) for __main
    motor.o(.text.AMotor_Go) refers to stm32f1xx_hal_gpio.o(.text.HAL_GPIO_WritePin) for HAL_GPIO_WritePin
    motor.o(.ARM.exidx.text.AMotor_Go) refers to motor.o(.text.AMotor_Go) for [Anonymous Symbol]
    motor.o(.text.AMotor_Back) refers to stm32f1xx_hal_gpio.o(.text.HAL_GPIO_WritePin) for HAL_GPIO_WritePin
    motor.o(.ARM.exidx.text.AMotor_Back) refers to motor.o(.text.AMotor_Back) for [Anonymous Symbol]
    motor.o(.text.AMotor_Stop) refers to stm32f1xx_hal_gpio.o(.text.HAL_GPIO_WritePin) for HAL_GPIO_WritePin
    motor.o(.ARM.exidx.text.AMotor_Stop) refers to motor.o(.text.AMotor_Stop) for [Anonymous Symbol]
    motor.o(.text.BMotor_Go) refers to stm32f1xx_hal_gpio.o(.text.HAL_GPIO_WritePin) for HAL_GPIO_WritePin
    motor.o(.ARM.exidx.text.BMotor_Go) refers to motor.o(.text.BMotor_Go) for [Anonymous Symbol]
    motor.o(.text.BMotor_Back) refers to stm32f1xx_hal_gpio.o(.text.HAL_GPIO_WritePin) for HAL_GPIO_WritePin
    motor.o(.ARM.exidx.text.BMotor_Back) refers to motor.o(.text.BMotor_Back) for [Anonymous Symbol]
    motor.o(.text.BMotor_Stop) refers to stm32f1xx_hal_gpio.o(.text.HAL_GPIO_WritePin) for HAL_GPIO_WritePin
    motor.o(.ARM.exidx.text.BMotor_Stop) refers to motor.o(.text.BMotor_Stop) for [Anonymous Symbol]
    motor.o(.text.GetEncoderPulse) refers to tim.o(.bss.htim2) for htim2
    motor.o(.text.GetEncoderPulse) refers to tim.o(.bss.htim3) for htim3
    motor.o(.text.GetEncoderPulse) refers to main.o(.bss..L_MergedGlobals.8) for encoderPulse
    motor.o(.ARM.exidx.text.GetEncoderPulse) refers to motor.o(.text.GetEncoderPulse) for [Anonymous Symbol]
    motor.o(.text.MotorControl) refers to stm32f1xx_hal_gpio.o(.text.HAL_GPIO_WritePin) for HAL_GPIO_WritePin
    motor.o(.text.MotorControl) refers to tim.o(.bss.htim4) for htim4
    motor.o(.ARM.exidx.text.MotorControl) refers to motor.o(.text.MotorControl) for [Anonymous Symbol]
    motor.o(.text.CalActualSpeed) refers to dflti.o(.text) for __aeabi_i2d
    motor.o(.text.CalActualSpeed) refers to dmul.o(.text) for __aeabi_dmul
    motor.o(.text.CalActualSpeed) refers to d2f.o(.text) for __aeabi_d2f
    motor.o(.ARM.exidx.text.CalActualSpeed) refers to motor.o(.text.CalActualSpeed) for [Anonymous Symbol]
    motor.o(.text.LeftBend) refers to main.o(.bss..L_MergedGlobals.8) for pitch
    motor.o(.text.LeftBend) refers to fadd.o(.text) for __aeabi_fsub
    motor.o(.text.LeftBend) refers to fcmpge.o(.text) for __aeabi_fcmpge
    motor.o(.text.LeftBend) refers to main.o(.data..L_MergedGlobals) for leftTargetSpeed
    motor.o(.text.LeftBend) refers to main.o(.bss..L_MergedGlobals.10) for leftMotor_PID
    motor.o(.text.LeftBend) refers to motor.o(.text.MotorControl) for MotorControl
    motor.o(.text.LeftBend) refers to fcmplt.o(.text) for __aeabi_fcmplt
    motor.o(.text.LeftBend) refers to stm32f1xx_hal_gpio.o(.text.HAL_GPIO_WritePin) for HAL_GPIO_WritePin
    motor.o(.text.LeftBend) refers to tim.o(.bss.htim4) for htim4
    motor.o(.ARM.exidx.text.LeftBend) refers to motor.o(.text.LeftBend) for [Anonymous Symbol]
    motor.o(.text.RightBend) refers to main.o(.bss..L_MergedGlobals.8) for pitch
    motor.o(.text.RightBend) refers to fadd.o(.text) for __aeabi_fsub
[...]
    [Anonymous Symbol]                       0x08000f30   Section        0  stm32f1xx_hal_adc.o(.text.ADC_Enable)
    [Anonymous Symbol]                       0x08000fe8   Section        0  main.o(.text.Basic_1)
    [Anonymous Symbol]                       0x080010f0   Section        0  main.o(.text.Basic_2)
    [Anonymous Symbol]                       0x08001204   Section        0  stm32f1xx_it.o(.text.BusFault_Handler)
    [Anonymous Symbol]                       0x08001208   Section        0  motor.o(.text.CalActualSpeed)
    [Anonymous Symbol]                       0x08001228   Section        0  stm32f1xx_it.o(.text.DebugMon_Handler)
    [Anonymous Symbol]                       0x0800122c   Section        0  main.o(.text.Error_Handler)
    [Anonymous Symbol]                       0x08001238   Section        0  main.o(.text.Expand_1)
    [Anonymous Symbol]                       0x08001738   Section        0  motor.o(.text.GetEncoderPulse)
    [Anonymous Symbol]                       0x08001768   Section        0  main.o(.text.GirdsNumber)
    [Anonymous Symbol]                       0x08001804   Section        0  stm32f1xx_hal_adc.o(.text.HAL_ADC_ConfigChannel)
    [Anonymous Symbol]                       0x08001990   Section        0  stm32f1xx_hal_adc.o(.text.HAL_ADC_GetValue)
    [Anonymous Symbol]                       0x08001998   Section        0  stm32f1xx_hal_adc.o(.text.HAL_ADC_Init)
    [Anonymous Symbol]                       0x08001b08   Section        0  adc.o(.text.HAL_ADC_MspInit)
    [Anonymous Symbol]                       0x08001b6c   Section        0  stm32f1xx_hal_adc.o(.text.HAL_ADC_PollForConversion)
    [Anonymous Symbol]                       0x08001dd4   Section        0  stm32f1xx_hal_adc.o(.text.HAL_ADC_Start)
    [Anonymous Symbol]                       0x08001ea0   Section        0  stm32f1xx_hal_dma.o(.text.HAL_DMA_Abort)
    [Anonymous Symbol]                       0x08001ee8   Section        0  stm32f1xx_hal_dma.o(.text.HAL_DMA_Abort_IT)
    [Anonymous Symbol]                       0x08002018   Section        0  stm32f1xx_hal.o(.text.HAL_Delay)
    [Anonymous Symbol]                       0x08002040   Section        0  stm32f1xx_hal_gpio.o(.text.HAL_GPIO_Init)
    [Anonymous Symbol]                       0x0800223c   Section        0  stm32f1xx_hal_gpio.o(.text.HAL_GPIO_ReadPin)
    [Anonymous Symbol]                       0x08002248   Section        0  stm32f1xx_hal_gpio.o(.text.HAL_GPIO_TogglePin)
    [Anonymous Symbol]                       0x08002258   Section        0  stm32f1xx_hal_gpio.o(.text.HAL_GPIO_WritePin)
    [Anonymous Symbol]                       0x08002264   Section        0  stm32f1xx_hal.o(.text.HAL_GetTick)
    [Anonymous Symbol]                       0x08002270   Section        0  stm32f1xx_hal_i2c.o(.text.HAL_I2C_Init)
    [Anonymous Symbol]                       0x080023e8   Section        0  stm32f1xx_hal_i2c.o(.text.HAL_I2C_Mem_Read)
    [Anonymous Symbol]                       0x08002734   Section        0  stm32f1xx_hal_i2c.o(.text.HAL_I2C_Mem_Write)
    [Anonymous Symbol]                       0x0800288c   Section        0  i2c.o(.text.HAL_I2C_MspInit)
    [Anonymous Symbol]                       0x0800294c   Section        0  stm32f1xx_hal.o(.text.HAL_IncTick)
    [Anonymous Symbol]                       0x08002968   Section        0  stm32f1xx_hal.o(.text.HAL_Init)
    [Anonymous Symbol]                       0x08002990   Section        0  stm32f1xx_hal.o(.text.HAL_InitTick)
    [Anonymous Symbol]                       0x080029d8   Section        0  stm32f1xx_hal_msp.o(.text.HAL_MspInit)
    [Anonymous Symbol]                       0x08002a1c   Section        0  stm32f1xx_hal_cortex.o(.text.HAL_NVIC_EnableIRQ)
    [Anonymous Symbol]                       0x08002a44   Section        0  stm32f1xx_hal_cortex.o(.text.HAL_NVIC_SetPriority)
    [Anonymous Symbol]                       0x08002a9c   Section        0  stm32f1xx_hal_cortex.o(.text.HAL_NVIC_SetPriorityGrouping)
    [Anonymous Symbol]                       0x08002abc   Section        0  stm32f1xx_hal_rcc_ex.o(.text.HAL_RCCEx_GetPeriphCLKFreq)
    HAL_RCCEx_GetPeriphCLKFreq.aPLLMULFactorTable 0x08002bb8   Number         0  stm32f1xx_hal_rcc_ex.o(.text.HAL_RCCEx_GetPeriphCLKFreq)
    HAL_RCCEx_GetPeriphCLKFreq.aPredivFactorTable 0x08002bc8   Number         0  stm32f1xx_hal_rcc_ex.o(.text.HAL_RCCEx_GetPeriphCLKFreq)
    [Anonymous Symbol]                       0x08002bcc   Section        0  stm32f1xx_hal_rcc_ex.o(.text.HAL_RCCEx_PeriphCLKConfig)
    [Anonymous Symbol]                       0x08002cd8   Section        0  stm32f1xx_hal_rcc.o(.text.HAL_RCC_ClockConfig)
    [Anonymous Symbol]                       0x08002e98   Section        0  stm32f1xx_hal_rcc.o(.text.HAL_RCC_GetPCLK1Freq)
    [Anonymous Symbol]                       0x08002ec0   Section        0  stm32f1xx_hal_rcc.o(.text.HAL_RCC_GetPCLK2Freq)
    [Anonymous Symbol]                       0x08002ee8   Section        0  stm32f1xx_hal_rcc.o(.text.HAL_RCC_GetSysClockFreq)
    [Anonymous Symbol]                       0x08002f40   Section        0  stm32f1xx_hal_rcc.o(.text.HAL_RCC_OscConfig)
    [Anonymous Symbol]                       0x080032f4   Section        0  stm32f1xx_hal_cortex.o(.text.HAL_SYSTICK_Config)
    [Anonymous Symbol]                       0x08003320   Section        0  stm32f1xx_hal_tim_ex.o(.text.HAL_TIMEx_BreakCallback)
    [Anonymous Symbol]                       0x08003324   Section        0  stm32f1xx_hal_tim_ex.o(.text.HAL_TIMEx_CommutCallback)
    [Anonymous Symbol]                       0x08003328   Section        0  stm32f1xx_hal_tim_ex.o(.text.HAL_TIMEx_MasterConfigSynchronization)
    [Anonymous Symbol]                       0x080033bc   Section        0  stm32f1xx_hal_tim.o(.text.HAL_TIM_Base_Init)
    [Anonymous Symbol]                       0x080034e4   Section        0  tim.o(.text.HAL_TIM_Base_MspInit)
    [Anonymous Symbol]                       0x08003554   Section        0  stm32f1xx_hal_tim.o(.text.HAL_TIM_Base_Start_IT)
    [Anonymous Symbol]                       0x080035dc   Section        0  stm32f1xx_hal_tim.o(.text.HAL_TIM_ConfigClockSource)
    [Anonymous Symbol]                       0x08003778   Section        0  stm32f1xx_hal_tim.o(.text.HAL_TIM_Encoder_Init)
    [Anonymous Symbol]                       0x080038fc   Section        0  tim.o(.text.HAL_TIM_Encoder_MspInit)
    [Anonymous Symbol]                       0x080039a0   Section        0  stm32f1xx_hal_tim.o(.text.HAL_TIM_Encoder_Start)
    [Anonymous Symbol]                       0x08003a5c   Section        0  stm32f1xx_hal_tim.o(.text.HAL_TIM_IC_CaptureCallback)
    [Anonymous Symbol]                       0x08003a60   Section        0  stm32f1xx_hal_tim.o(.text.HAL_TIM_IRQHandler)
    [Anonymous Symbol]                       0x08003bd0   Section        0  stm32f1xx_hal_tim.o(.text.HAL_TIM_OC_DelayElapsedCallback)
    [Anonymous Symbol]                       0x08003bd4   Section        0  stm32f1xx_hal_tim.o(.text.HAL_TIM_PWM_ConfigChannel)
    [Anonymous Symbol]                       0x08003e38   Section        0  stm32f1xx_hal_tim.o(.text.HAL_TIM_PWM_Init)
    [Anonymous Symbol]                       0x08003f60   Section        0  stm32f1xx_hal_tim.o(.text.HAL_TIM_PWM_MspInit)
    [Anonymous Symbol]                       0x08003f64   Section        0  stm32f1xx_hal_tim.o(.text.HAL_TIM_PWM_PulseFinishedCallback)
    [Anonymous Symbol]                       0x08003f68   Section        0  stm32f1xx_hal_tim.o(.text.HAL_TIM_PWM_Start)
    [Anonymous Symbol]                       0x0800404c   Section        0  main.o(.text.HAL_TIM_PeriodElapsedCallback)
    [Anonymous Symbol]                       0x08004504   Section        0  stm32f1xx_hal_tim.o(.text.HAL_TIM_TriggerCallback)
    [Anonymous Symbol]                       0x08004508   Section        0  stm32f1xx_hal_uart.o(.text.HAL_UARTEx_RxEventCallback)
    [Anonymous Symbol]                       0x0800450c   Section        0  stm32f1xx_hal_uart.o(.text.HAL_UART_ErrorCallback)
    [Anonymous Symbol]                       0x08004510   Section        0  stm32f1xx_hal_uart.o(.text.HAL_UART_IRQHandler)
    [Anonymous Symbol]                       0x08004a70   Section        0  stm32f1xx_hal_uart.o(.text.HAL_UART_Init)
    [Anonymous Symbol]                       0x08004b54   Section        0  usart.o(.text.HAL_UART_MspInit)
    [Anonymous Symbol]                       0x08004cec   Section        0  stm32f1xx_hal_uart.o(.text.HAL_UART_Receive_IT)
    [Anonymous Symbol]                       0x08004d40   Section        0  stm32f1xx_it.o(.text.HAL_UART_RxCpltCallback)
    [Anonymous Symbol]                       0x08004ed8   Section        0  stm32f1xx_hal_uart.o(.text.HAL_UART_TxCpltCallback)
    [Anonymous Symbol]                       0x08004edc   Section        0  stm32f1xx_it.o(.text.HardFault_Handler)
    I2C_RequestMemoryRead                    0x08004ee1   Thumb Code   280  stm32f1xx_hal_i2c.o(.text.I2C_RequestMemoryRead)
    [Anonymous Symbol]                       0x08004ee0   Section        0  stm32f1xx_hal_i2c.o(.text.I2C_RequestMemoryRead)
    I2C_RequestMemoryWrite                   0x08004ff9   Thumb Code   200  stm32f1xx_hal_i2c.o(.text.I2C_RequestMemoryWrite)
    [Anonymous Symbol]                       0x08004ff8   Section        0  stm32f1xx_hal_i2c.o(.text.I2C_RequestMemoryWrite)
    I2C_WaitOnBTFFlagUntilTimeout            0x080050c1   Thumb Code   190  stm32f1xx_hal_i2c.o(.text.I2C_WaitOnBTFFlagUntilTimeout)
    [Anonymous Symbol]                       0x080050c0   Section        0  stm32f1xx_hal_i2c.o(.text.I2C_WaitOnBTFFlagUntilTimeout)
    I2C_WaitOnFlagUntilTimeout               0x08005181   Thumb Code   466  stm32f1xx_hal_i2c.o(.text.I2C_WaitOnFlagUntilTimeout)
    [Anonymous Symbol]                       0x08005180   Section        0  stm32f1xx_hal_i2c.o(.text.I2C_WaitOnFlagUntilTimeout)
    I2C_WaitOnMasterAddressFlagUntilTimeout  0x08005355   Thumb Code   224  stm32f1xx_hal_i2c.o(.text.I2C_WaitOnMasterAddressFlagUntilTimeout)
    [Anonymous Symbol]                       0x08005354   Section        0  stm32f1xx_hal_i2c.o(.text.I2C_WaitOnMasterAddressFlagUntilTimeout)
    I2C_WaitOnRXNEFlagUntilTimeout           0x08005435   Thumb Code   144  stm32f1xx_hal_i2c.o(.text.I2C_WaitOnRXNEFlagUntilTimeout)
    [Anonymous Symbol]                       0x08005434   Section        0  stm32f1xx_hal_i2c.o(.text.I2C_WaitOnRXNEFlagUntilTimeout)
    I2C_WaitOnTXEFlagUntilTimeout            0x080054c5   Thumb Code   190  stm32f1xx_hal_i2c.o(.text.I2C_WaitOnTXEFlagUntilTimeout)
    [Anonymous Symbol]                       0x080054c4   Section        0  stm32f1xx_hal_i2c.o(.text.I2C_WaitOnTXEFlagUntilTimeout)
    [Anonymous Symbol]                       0x08005584   Section        0  adc.o(.text.MX_ADC1_Init)
    [Anonymous Symbol]                       0x080055e0   Section        0  gpio.o(.text.MX_GPIO_Init)
    [Anonymous Symbol]                       0x08005724   Section        0  i2c.o(.text.MX_I2C1_Init)
    [Anonymous Symbol]                       0x08005768   Section        0  i2c.o(.text.MX_I2C2_Init)
    [Anonymous Symbol]                       0x080057ac   Section        0  tim.o(.text.MX_TIM1_Init)
    [Anonymous Symbol]                       0x08005828   Section        0  tim.o(.text.MX_TIM2_Init)
    [Anonymous Symbol]                       0x08005890   Section        0  tim.o(.text.MX_TIM3_Init)
    [Anonymous Symbol]                       0x080058fc   Section        0  tim.o(.text.MX_TIM4_Init)
    [Anonymous Symbol]                       0x08005a28   Section        0  usart.o(.text.MX_USART1_UART_Init)
    [Anonymous Symbol]                       0x08005a64   Section        0  usart.o(.text.MX_USART2_UART_Init)
    [Anonymous Symbol]                       0x08005aa0   Section        0  usart.o(.text.MX_USART3_UART_Init)
    [Anonymous Symbol]                       0x08005adc   Section        0  stm32f1xx_it.o(.text.MemManage_Handler)
    [Anonymous Symbol]                       0x08005ae0   Section        0  motor.o(.text.MotorControl)
    [Anonymous Symbol]                       0x08005c50   Section        0  stm32f1xx_it.o(.text.NMI_Handler)
    [Anonymous Symbol]                       0x08005c54   Section        0  main.o(.text.OLEDShow)
    [Anonymous Symbol]                       0x08005e04   Section        0  oled.o(.text.OLED_Clear)
    [Anonymous Symbol]                       0x08005eb0   Section        0  oled.o(.text.OLED_Init)
    [Anonymous Symbol]                       0x08006134   Section        0  oled.o(.text.OLED_ShowChar)
    [Anonymous Symbol]                       0x08006828   Section        0  oled.o(.text.OLED_ShowString)
    [Anonymous Symbol]                       0x080068b8   Section        0  stm32f1xx_it.o(.text.PendSV_Handler)
    [Anonymous Symbol]                       0x080068bc   Section        0  stm32f1xx_it.o(.text.SVC_Handler)
    [Anonymous Symbol]                       0x080068c0   Section        0  pid.o(.text.Speed_PID)
    [Anonymous Symbol]                       0x080069ac   Section        0  pid.o(.text.Speed_PID_Init)
    [Anonymous Symbol]                       0x080069e4   Section        0  stm32f1xx_it.o(.text.SysTick_Handler)
    [Anonymous Symbol]                       0x080069e8   Section        0  system_stm32f1xx.o(.text.SystemInit)
    [Anonymous Symbol]                       0x080069ec   Section        0  stm32f1xx_it.o(.text.TIM1_UP_IRQHandler)
    [Anonymous Symbol]                       0x080069f8   Section        0  pid.o(.text.Trail_PID)
    [Anonymous Symbol]                       0x08006ae8   Section        0  pid.o(.text.Trail_PID_Init)
    UART_DMAAbortOnError                     0x08006b19   Thumb Code    12  stm32f1xx_hal_uart.o(.text.UART_DMAAbortOnError)
    [Anonymous Symbol]                       0x08006b18   Section        0  stm32f1xx_hal_uart.o(.text.UART_DMAAbortOnError)
    UART_Receive_IT                          0x08006b25   Thumb Code   254  stm32f1xx_hal_uart.o(.text.UART_Receive_IT)
    [Anonymous Symbol]                       0x08006b24   Section        0  stm32f1xx_hal_uart.o(.text.UART_Receive_IT)
    [Anonymous Symbol]                       0x08006c24   Section        0  stm32f1xx_it.o(.text.USART2_IRQHandler)
    [Anonymous Symbol]                       0x08006c30   Section        0  stm32f1xx_it.o(.text.USART3_IRQHandler)
    [Anonymous Symbol]                       0x08006c3c   Section        0  stm32f1xx_it.o(.text.UsageFault_Handler)
    [Anonymous Symbol]                       0x08006c40   Section        0  adc.o(.text.adcGetBatteryVoltage)
    [Anonymous Symbol]                       0x08006ca4   Section        0  vl53l0x.o(.text.getMeasurementTimingBudget)
    [Anonymous Symbol]                       0x08006d5c   Section        0  vl53l0x.o(.text.getSequenceStepTimeouts)
    [Anonymous Symbol]                       0x08006ee0   Section        0  vl53l0x.o(.text.getSpadInfo)
    [Anonymous Symbol]                       0x080071fc   Section        0  vl53l0x.o(.text.initVL53L0X)
    [Anonymous Symbol]                       0x08008024   Section        0  main.o(.text.main)
    [Anonymous Symbol]                       0x080081f8   Section        0  vl53l0x.o(.text.performSingleRefCalibration)
    [Anonymous Symbol]                       0x08008304   Section        0  vl53l0x.o(.text.readRangeContinuousMillimeters)
    [Anonymous Symbol]                       0x0800842c   Section        0  vl53l0x.o(.text.readRangeSingleMillimeters)
    [Anonymous Symbol]                       0x080085c4   Section        0  vl53l0x.o(.text.setMeasurementTimingBudget)
    [Anonymous Symbol]                       0x0800876c   Section        0  vl53l0x.o(.text.setSignalRateLimit)
    [Anonymous Symbol]                       0x080087e0   Section        0  vl53l0x.o(.text.setVcselPulsePeriod)
    i.__0sprintf                             0x08008c80   Section        0  printfa.o(i.__0sprintf)
    i.__scatterload_copy                     0x08008ca8   Section       14  handlers.o(i.__scatterload_copy)
    i.__scatterload_null                     0x08008cb6   Section        2  handlers.o(i.__scatterload_null)
    i.__scatterload_zeroinit                 0x08008cb8   Section       14  handlers.o(i.__scatterload_zeroinit)
    _fp_digits                               0x08008cc9   Thumb Code   366  printfa.o(i._fp_digits)
    i._fp_digits                             0x08008cc8   Section        0  printfa.o(i._fp_digits)
    _printf_core                             0x08008e4d   Thumb Code  1744  printfa.o(i._printf_core)
    i._printf_core                           0x08008e4c   Section        0  printfa.o(i._printf_core)
    _printf_post_padding                     0x08009529   Thumb Code    36  printfa.o(i._printf_post_padding)
    i._printf_post_padding                   0x08009528   Section        0  printfa.o(i._printf_post_padding)
    _printf_pre_padding                      0x0800954d   Thumb Code    46  printfa.o(i._printf_pre_padding)
    i._printf_pre_padding                    0x0800954c   Section        0  printfa.o(i._printf_pre_padding)
    _sputc                                   0x0800957b   Thumb Code    10  printfa.o(i._sputc)
    i._sputc                                 0x0800957a   Section        0  printfa.o(i._sputc)
    .constdata                               0x08009584   Section       64  ctype_c.o(.constdata)
    HAL_RCC_GetSysClockFreq.aPredivFactorTable 0x08009de4   Data           2  stm32f1xx_hal_rcc.o(.rodata.HAL_RCC_GetSysClockFreq.aPredivFactorTable)
    [Anonymous Symbol]                       0x08009de4   Section        0  stm32f1xx_hal_rcc.o(.rodata.HAL_RCC_GetSysClockFreq.aPredivFactorTable)
    HAL_RCC_GetSysClockFreq.aPLLMULFactorTable 0x08009de6   Data          16  stm32f1xx_hal_rcc.o(.rodata.cst16)
    [Anonymous Symbol]                       0x08009de6   Section        0  stm32f1xx_hal_rcc.o(.rodata.cst16)
    .L.str                                   0x08009df6   Data          14  main.o(.rodata.str1.1)
    [Anonymous Symbol]                       0x08009df6   Section        0  main.o(.rodata.str1.1)
    .L_MergedGlobals                         0x20000000   Data          12  main.o(.data..L_MergedGlobals)
    [Anonymous Symbol]                       0x20000000   Section        0  main.o(.data..L_MergedGlobals)
    .L_MergedGlobals                         0x2000000c   Data           8  stm32f1xx_hal.o(.data..L_MergedGlobals)
    [Anonymous Symbol]                       0x2000000c   Section        0  stm32f1xx_hal.o(.data..L_MergedGlobals)
    .L_MergedGlobals                         0x20000038   Data         100  vl53l0x.o(.bss..L_MergedGlobals)
    [Anonymous Symbol]                       0x20000038   Section        0  vl53l0x.o(.bss..L_MergedGlobals)
    .L_MergedGlobals.10                      0x2000009c   Data         108  main.o(.bss..L_MergedGlobals.10)
    [Anonymous Symbol]                       0x2000009c   Section        0  main.o(.bss..L_MergedGlobals.10)
    .L_MergedGlobals.8                       0x20000108   Data         118  main.o(.bss..L_MergedGlobals.8)
    [Anonymous Symbol]                       0x20000108   Section        0  main.o(.bss..L_MergedGlobals.8)
    .L_MergedGlobals.9                       0x20000180   Data          92  main.o(.bss..L_MergedGlobals.9)
    [Anonymous Symbol]                       0x20000180   Section        0  main.o(.bss..L_MergedGlobals.9)
    STACK                                    0x20001978   Section     1024  startup_stm32f103xe.o(STACK)

    Global Symbols

    Symbol Name                              Value     Ov Type        Size  Object(Section)

    BuildAttributes$$THM_ISAv4$P$D$K$B$S$PE$A:L22UL41UL21$X:L11$S22US41US21$IEEE1$IW$~IW$USESV6$~STKCKD$USESV7$~SHL$OTIME$ROPI$IEEEX$EBA8$MICROLIB$REQ8$PRES8$EABIv2 0x00000000   Number         0  anon$$obj.o ABSOLUTE
    _printf_a                                0x00000000   Number         0  printfstubs.o ABSOLUTE
    _printf_c                                0x00000000   Number         0  printfstubs.o ABSOLUTE
    _printf_charcount                        0x00000000   Number         0  printfstubs.o ABSOLUTE
    _printf_d                                0x00000000   Number         0  printfstubs.o ABSOLUTE
    _printf_e                                0x00000000   Number         0  printfstubs.o ABSOLUTE
    _printf_f                                0x00000000   Number         0  printfstubs.o ABSOLUTE
    _printf_flags                            0x00000000   Number         0  printfstubs.o ABSOLUTE
    _printf_fp_dec                           0x00000000   Number         0  printfstubs.o ABSOLUTE
    _printf_fp_hex                           0x00000000   Number         0  printfstubs.o ABSOLUTE
    _printf_g                                0x00000000   Number         0  printfstubs.o ABSOLUTE
    _printf_i                                0x00000000   Number         0  printfstubs.o ABSOLUTE
    _printf_int_dec                          0x00000000   Number         0  printfstubs.o ABSOLUTE
    _printf_l                                0x00000000   Number         0  printfstubs.o ABSOLUTE
    _printf_lc                               0x00000000   Number         0  printfstubs.o ABSOLUTE
    _printf_ll                               0x00000000   Number         0  printfstubs.o ABSOLUTE
    _printf_lld                              0x00000000   Number         0  printfstubs.o ABSOLUTE
    _printf_lli                              0x00000000   Number         0  printfstubs.o ABSOLUTE
    _printf_llo                              0x00000000   Number         0  printfstubs.o ABSOLUTE
    _printf_llu                              0x00000000   Number         0  printfstubs.o ABSOLUTE
    _printf_llx                              0x00000000   Number         0  printfstubs.o ABSOLUTE
    _printf_longlong_dec                     0x00000000   Number         0  printfstubs.o ABSOLUTE
    _printf_longlong_hex                     0x00000000   Number         0  printfstubs.o ABSOLUTE
    _printf_longlong_oct                     0x00000000   Number         0  printfstubs.o ABSOLUTE
    _printf_ls                               0x00000000   Number         0  printfstubs.o ABSOLUTE
    _printf_mbtowc                           0x00000000   Number         0  printfstubs.o ABSOLUTE
    _printf_n                                0x00000000   Number         0  printfstubs.o ABSOLUTE
    _printf_o                                0x00000000   Number         0  printfstubs.o ABSOLUTE
    _printf_p                                0x00000000   Number         0  printfstubs.o ABSOLUTE
    _printf_percent                          0x00000000   Number         0  printfstubs.o ABSOLUTE
    _printf_pre_padding                      0x00000000   Number         0  printfstubs.o ABSOLUTE
    _printf_return_value                     0x00000000   Number         0  printfstubs.o ABSOLUTE
    _printf_s                                0x00000000   Number         0  printfstubs.o ABSOLUTE
    _printf_sizespec                         0x00000000   Number         0  printfstubs.o ABSOLUTE
    _printf_str                              0x00000000   Number         0  printfstubs.o ABSOLUTE
    _printf_truncate_signed                  0x00000000   Number         0  printfstubs.o ABSOLUTE
    _printf_truncate_unsigned                0x00000000   Number         0  printfstubs.o ABSOLUTE
    _printf_u                                0x00000000   Number         0  printfstubs.o ABSOLUTE
    _printf_wc                               0x00000000   Number         0  printfstubs.o ABSOLUTE
    _printf_wctomb                           0x00000000   Number         0  printfstubs.o ABSOLUTE
    _printf_widthprec                        0x00000000   Number         0  printfstubs.o ABSOLUTE
    _printf_x                                0x00000000   Number         0  printfstubs.o ABSOLUTE
    __cpp_initialize__aeabi_                  - Undefined Weak Reference
    __cxa_finalize                            - Undefined Weak Reference
    __decompress                              - Undefined Weak Reference
    _clock_init                               - Undefined Weak Reference
    _microlib_exit                            - Undefined Weak Reference
    _scanf_longlong                           - Undefined Weak Reference
    _scanf_real                               - Undefined Weak Reference
    _scanf_string                             - Undefined Weak Reference
    __Vectors_Size                           0x00000130   Number         0  startup_stm32f103xe.o ABSOLUTE
    __Vectors                                0x08000000   Data           4  startup_stm32f103xe.o(RESET)
    __Vectors_End                            0x08000130   Data           0  startup_stm32f103xe.o(RESET)
    __main                                   0x08000131   Thumb Code     0  entry.o(.ARM.Collect$$$$00000000)
    _main_stk                                0x08000131   Thumb Code     0  entry2.o(.ARM.Collect$$$$00000001)
    _main_scatterload                        0x08000135   Thumb Code     0  entry5.o(.ARM.Collect$$$$00000004)
    __main_after_scatterload                 0x08000139   Thumb Code     0  entry5.o(.ARM.Collect$$$$00000004)
    _main_clock                              0x08000139   Thumb Code     0  entry7b.o(.ARM.Collect$$$$00000008)
    _main_cpp_init                           0x08000139   Thumb Code     0  entry8b.o(.ARM.Collect$$$$0000000A)
    _main_init                               0x08000139   Thumb Code     0  entry9a.o(.ARM.Collect$$$$0000000B)
    __rt_final_cpp                           0x08000141   Thumb Code     0  entry10a.o(.ARM.Collect$$$$0000000D)
    __rt_final_exit                          0x08000141   Thumb Code     0  entry11a.o(.ARM.Collect$$$$0000000F)
    Reset_Handler                            0x08000145   Thumb Code     8  startup_stm32f103xe.o(.text)
    ADC1_2_IRQHandler                        0x0800015f   Thumb Code     0  startup_stm32f103xe.o(.text)
    ADC3_IRQHandler                          0x0800015f   Thumb Code     0  startup_stm32f103xe.o(.text)
    CAN1_RX1_IRQHandler                      0x0800015f   Thumb Code     0  startup_stm32f103xe.o(.text)
    CAN1_SCE_IRQHandler                      0x0800015f   Thumb Code     0  startup_stm32f103xe.o(.text)
    DMA1_Channel1_IRQHandler                 0x0800015f   Thumb Code     0  startup_stm32f103xe.o(.text)
    DMA1_Channel2_IRQHandler                 0x0800015f   Thumb Code     0  startup_stm32f103xe.o(.text)
    DMA1_Channel3_IRQHandler                 0x0800015f   Thumb Code     0  startup_stm32f103xe.o(.text)
    DMA1_Channel4_IRQHandler                 0x0800015f   Thumb Code     0  startup_stm32f103xe.o(.text)
    DMA1_Channel5_IRQHandler                 0x0800015f   Thumb Code     0  startup_stm32f103xe.o(.text)
    DMA1_Channel6_IRQHandler                 0x0800015f   Thumb Code     0  startup_stm32f103xe.o(.text)
    DMA1_Channel7_IRQHandler                 0x0800015f   Thumb Code     0  startup_stm32f103xe.o(.text)
    DMA2_Channel1_IRQHandler                 0x0800015f   Thumb Code     0  startup_stm32f103xe.o(.text)
    DMA2_Channel2_IRQHandler                 0x0800015f   Thumb Code     0  startup_stm32f103xe.o(.text)
    DMA2_Channel3_IRQHandler                 0x0800015f   Thumb Code     0  startup_stm32f103xe.o(.text)
    DMA2_Channel4_5_IRQHandler               0x0800015f   Thumb Code     0  startup_stm32f103xe.o(.text)
    EXTI0_IRQHandler                         0x0800015f   Thumb Code     0  startup_stm32f103xe.o(.text)
    EXTI15_10_IRQHandler                     0x0800015f   Thumb Code     0  startup_stm32f103xe.o(.text)
    EXTI1_IRQHandler                         0x0800015f   Thumb Code     0  startup_stm32f103xe.o(.text)
    EXTI2_IRQHandler                         0x0800015f   Thumb Code     0  startup_stm32f103xe.o(.text)
    EXTI3_IRQHandler                         0x0800015f   Thumb Code     0  startup_stm32f103xe.o(.text)
    EXTI4_IRQHandler                         0x0800015f   Thumb Code     0  startup_stm32f103xe.o(.text)
    EXTI9_5_IRQHandler                       0x0800015f   Thumb Code     0  startup_stm32f103xe.o(.text)
    FLASH_IRQHandler                         0x0800015f   Thumb Code     0  startup_stm32f103xe.o(.text)
    FSMC_IRQHandler                          0x0800015f   Thumb Code     0  startup_stm32f103xe.o(.text)
    I2C1_ER_IRQHandler                       0x0800015f   Thumb Code     0  startup_stm32f103xe.o(.text)
    I2C1_EV_IRQHandler                       0x0800015f   Thumb Code     0  startup_stm32f103xe.o(.text)
    I2C2_ER_IRQHandler                       0x0800015f   Thumb Code     0  startup_stm32f103xe.o(.text)
    I2C2_EV_IRQHandler                       0x0800015f   Thumb Code     0  startup_stm32f103xe.o(.text)
    PVD_IRQHandler                           0x0800015f   Thumb Code     0  startup_stm32f103xe.o(.text)
    RCC_IRQHandler                           0x0800015f   Thumb Code     0  startup_stm32f103xe.o(.text)
    RTC_Alarm_IRQHandler                     0x0800015f   Thumb Code     0  startup_stm32f103xe.o(.text)
    RTC_IRQHandler                           0x0800015f   Thumb Code     0  startup_stm32f103xe.o(.text)
    SDIO_IRQHandler                          0x0800015f   Thumb Code     0  startup_stm32f103xe.o(.text)
    SPI1_IRQHandler                          0x0800015f   Thumb Code     0  startup_stm32f103xe.o(.text)
    SPI2_IRQHandler                          0x0800015f   Thumb Code     0  startup_stm32f103xe.o(.text)
    SPI3_IRQHandler                          0x0800015f   Thumb Code     0  startup_stm32f103xe.o(.text)
    TAMPER_IRQHandler                        0x0800015f   Thumb Code     0  startup_stm32f103xe.o(.text)
    TIM1_BRK_IRQHandler                      0x0800015f   Thumb Code     0  startup_stm32f103xe.o(.text)
    TIM1_CC_IRQHandler                       0x0800015f   Thumb Code     0  startup_stm32f103xe.o(.text)
    TIM1_TRG_COM_IRQHandler                  0x0800015f   Thumb Code     0  startup_stm32f103xe.o(.text)
    TIM2_IRQHandler                          0x0800015f   Thumb Code     0  startup_stm32f103xe.o(.text)
    TIM3_IRQHandler                          0x0800015f   Thumb Code     0  startup_stm32f103xe.o(.text)
    TIM4_IRQHandler                          0x0800015f   Thumb Code     0  startup_stm32f103xe.o(.text)
    TIM5_IRQHandler                          0x0800015f   Thumb Code     0  startup_stm32f103xe.o(.text)
    TIM6_IRQHandler                          0x0800015f   Thumb Code     0  startup_stm32f103xe.o(.text)
    TIM7_IRQHandler                          0x0800015f   Thumb Code     0  startup_stm32f103xe.o(.text)
    TIM8_BRK_IRQHandler                      0x0800015f   Thumb Code     0  startup_stm32f103xe.o(.text)
    TIM8_CC_IRQHandler                       0x0800015f   Thumb Code     0  startup_stm32f103xe.o(.text)
    TIM8_TRG_COM_IRQHandler                  0x0800015f   Thumb Code     0  startup_stm32f103xe.o(.text)
    TIM8_UP_IRQHandler                       0x0800015f   Thumb Code     0  startup_stm32f103xe.o(.text)
    UART4_IRQHandler                         0x0800015f   Thumb Code     0  startup_stm32f103xe.o(.text)
    UART5_IRQHandler                         0x0800015f   Thumb Code     0  startup_stm32f103xe.o(.text)
    USART1_IRQHandler                        0x0800015f   Thumb Code     0  startup_stm32f103xe.o(.text)
    USBWakeUp_IRQHandler                     0x0800015f   Thumb Code     0  startup_stm32f103xe.o(.text)
    USB_HP_CAN1_TX_IRQHandler                0x0800015f   Thumb Code     0  startup_stm32f103xe.o(.text)
    USB_LP_CAN1_RX0_IRQHandler               0x0800015f   Thumb Code     0  startup_stm32f103xe.o(.text)
    WWDG_IRQHandler                          0x0800015f   Thumb Code     0  startup_stm32f103xe.o(.text)
    ___aeabi_memcpy$move                     0x08000169   Thumb Code    64  memmovea.o(.text)
    ___aeabi_memcpy8$move                    0x08000169   Thumb Code     0  memmovea.o(.text)
    __aeabi_memcpy4                          0x08000169   Thumb Code     0  memmovea.o(.text)
    __aeabi_memmove                          0x08000169   Thumb Code     0  memmovea.o(.text)
    __aeabi_memmove4                         0x08000169   Thumb Code     0  memmovea.o(.text)
    __aeabi_memmove8                         0x08000169   Thumb Code     0  memmovea.o(.text)
    __aeabi_memset                           0x080001a9   Thumb Code    14  memseta.o(.text)
    __aeabi_memset4                          0x080001a9   Thumb Code     0  memseta.o(.text)
    __aeabi_memset8                          0x080001a9   Thumb Code     0  memseta.o(.text)
    __aeabi_memclr                           0x080001b7   Thumb Code     4  memseta.o(.text)
    __aeabi_memclr4                          0x080001b7   Thumb Code     0  memseta.o(.text)
    __aeabi_memclr8                          0x080001b7   Thumb Code     0  memseta.o(.text)
    _memset$wrapper                          0x080001bb   Thumb Code    18  memseta.o(.text)
    __0sscanf                                0x080001cd   Thumb Code    48  __0sscanf.o(.text)
    _scanf_int                               0x08000205   Thumb Code   332  _scanf_int.o(.text)
    __aeabi_fadd                             0x08000351   Thumb Code   164  fadd.o(.text)
    __aeabi_fsub                             0x080003f5   Thumb Code     6  fadd.o(.text)
    __aeabi_frsub                            0x080003fb   Thumb Code     6  fadd.o(.text)
    __aeabi_fmul                             0x08000401   Thumb Code   100  fmul.o(.text)
    __aeabi_dadd                             0x08000465   Thumb Code   322  dadd.o(.text)
    __aeabi_dsub                             0x080005a7   Thumb Code     6  dadd.o(.text)
    __aeabi_drsub                            0x080005ad   Thumb Code     6  dadd.o(.text)
    __aeabi_dmul                             0x080005b3   Thumb Code   228  dmul.o(.text)
    __aeabi_ddiv                             0x08000697   Thumb Code   222  ddiv.o(.text)
    __aeabi_fcmplt                           0x08000775   Thumb Code    28  fcmplt.o(.text)
    __aeabi_fcmpge                           0x08000791   Thumb Code    28  fcmpge.o(.text)
    __aeabi_dcmpgt                           0x080007ad   Thumb Code    54  dcmpgt.o(.text)
    __aeabi_i2f                              0x080007e3   Thumb Code    18  fflti.o(.text)
    __aeabi_ui2f                             0x080007f5   Thumb Code    10  ffltui.o(.text)
    __aeabi_i2d                              0x080007ff   Thumb Code    34  dflti.o(.text)
    __aeabi_f2iz                             0x08000821   Thumb Code    50  ffixi.o(.text)
    __aeabi_f2d                              0x08000853   Thumb Code    38  f2d.o(.text)
    __aeabi_d2f                              0x08000879   Thumb Code    56  d2f.o(.text)
    __aeabi_uidiv                            0x080008b1   Thumb Code     0  uidiv.o(.text)
    __aeabi_uidivmod                         0x080008b1   Thumb Code    44  uidiv.o(.text)
    __aeabi_uldivmod                         0x080008dd   Thumb Code    98  uldiv.o(.text)
    __aeabi_llsl                             0x0800093f   Thumb Code    30  llshl.o(.text)
    _ll_shift_l                              0x0800093f   Thumb Code     0  llshl.o(.text)
    __aeabi_lasr                             0x0800095d   Thumb Code    36  llsshr.o(.text)
    _ll_sshift_r                             0x0800095d   Thumb Code     0  llsshr.o(.text)
    _chval                                   0x08000981   Thumb Code    28  _chval.o(.text)
    __vfscanf_char                           0x080009a9   Thumb Code    20  scanf_char.o(.text)
    _sgetc                                   0x080009c5   Thumb Code    30  _sgetc.o(.text)
    _sbackspace                              0x080009e3   Thumb Code    34  _sgetc.o(.text)
    __I$use$fp                               0x08000a05   Thumb Code     0  iusefp.o(.text)
    _float_round                             0x08000a05   Thumb Code    18  fepilogue.o(.text)
    _float_epilogue                          0x08000a17   Thumb Code    92  fepilogue.o(.text)
    _double_round                            0x08000a73   Thumb Code    30  depilogue.o(.text)
    _double_epilogue                         0x08000a91   Thumb Code   156  depilogue.o(.text)
    __aeabi_d2ulz                            0x08000b2d   Thumb Code    48  dfixul.o(.text)
    __aeabi_cdrcmple                         0x08000b5d   Thumb Code    48  cdrcmple.o(.text)
    __scatterload                            0x08000b8d   Thumb Code    28  init.o(.text)
    __scatterload_rt2                        0x08000b8d   Thumb Code     0  init.o(.text)
    __aeabi_llsr                             0x08000bb1   Thumb Code    32  llushr.o(.text)
    _ll_ushift_r                             0x08000bb1   Thumb Code     0  llushr.o(.text)
    isspace                                  0x08000bd1   Thumb Code    10  isspace_c.o(.text)
    __vfscanf                                0x08000bdd   Thumb Code   808  _scanf.o(.text)
    __ctype_lookup                           0x08000f09   Thumb Code    34  ctype_c.o(.text)
    ADC_Enable                               0x08000f31   Thumb Code   182  stm32f1xx_hal_adc.o(.text.ADC_Enable)
    Basic_1                                  0x08000fe9   Thumb Code   264  main.o(.text.Basic_1)
    Basic_2                                  0x080010f1   Thumb Code   276  main.o(.text.Basic_2)
    BusFault_Handler                         0x08001205   Thumb Code     2  stm32f1xx_it.o(.text.BusFault_Handler)
    CalActualSpeed                           0x08001209   Thumb Code    32  motor.o(.text.CalActualSpeed)
    DebugMon_Handler                         0x08001229   Thumb Code     2  stm32f1xx_it.o(.text.DebugMon_Handler)
    Error_Handler                            0x0800122d   Thumb Code    10  main.o(.text.Error_Handler)
    Expand_1                                 0x08001239   Thumb Code  1280  main.o(.text.Expand_1)
    GetEncoderPulse                          0x08001739   Thumb Code    46  motor.o(.text.GetEncoderPulse)
    GirdsNumber                              0x08001769   Thumb Code   156  main.o(.text.GirdsNumber)
    HAL_ADC_ConfigChannel                    0x08001805   Thumb Code   396  stm32f1xx_hal_adc.o(.text.HAL_ADC_ConfigChannel)
    HAL_ADC_GetValue                         0x08001991   Thumb Code     6  stm32f1xx_hal_adc.o(.text.HAL_ADC_GetValue)
    HAL_ADC_Init                             0x08001999   Thumb Code   368  stm32f1xx_hal_adc.o(.text.HAL_ADC_Init)
    HAL_ADC_MspInit                          0x08001b09   Thumb Code    98  adc.o(.text.HAL_ADC_MspInit)
    HAL_ADC_PollForConversion                0x08001b6d   Thumb Code   616  stm32f1xx_hal_adc.o(.text.HAL_ADC_PollForConversion)
    HAL_ADC_Start                            0x08001dd5   Thumb Code   204  stm32f1xx_hal_adc.o(.text.HAL_ADC_Start)
    HAL_DMA_Abort                            0x08001ea1   Thumb Code    70  stm32f1xx_hal_dma.o(.text.HAL_DMA_Abort)
    HAL_DMA_Abort_IT                         0x08001ee9   Thumb Code   302  stm32f1xx_hal_dma.o(.text.HAL_DMA_Abort_IT)
    HAL_Delay                                0x08002019   Thumb Code    40  stm32f1xx_hal.o(.text.HAL_Delay)
    HAL_GPIO_Init                            0x08002041   Thumb Code   506  stm32f1xx_hal_gpio.o(.text.HAL_GPIO_Init)
    HAL_GPIO_ReadPin                         0x0800223d   Thumb Code    10  stm32f1xx_hal_gpio.o(.text.HAL_GPIO_ReadPin)
    HAL_GPIO_TogglePin                       0x08002249   Thumb Code    16  stm32f1xx_hal_gpio.o(.text.HAL_GPIO_TogglePin)
    HAL_GPIO_WritePin                        0x08002259   Thumb Code    10  stm32f1xx_hal_gpio.o(.text.HAL_GPIO_WritePin)
    HAL_GetTick                              0x08002265   Thumb Code    12  stm32f1xx_hal.o(.text.HAL_GetTick)
    HAL_I2C_Init                             0x08002271   Thumb Code   374  stm32f1xx_hal_i2c.o(.text.HAL_I2C_Init)
    HAL_I2C_Mem_Read                         0x080023e9   Thumb Code   842  stm32f1xx_hal_i2c.o(.text.HAL_I2C_Mem_Read)
    HAL_I2C_Mem_Write                        0x08002735   Thumb Code   344  stm32f1xx_hal_i2c.o(.text.HAL_I2C_Mem_Write)
    HAL_I2C_MspInit                          0x0800288d   Thumb Code   192  i2c.o(.text.HAL_I2C_MspInit)
    HAL_IncTick                              0x0800294d   Thumb Code    26  stm32f1xx_hal.o(.text.HAL_IncTick)
    HAL_Init                                 0x08002969   Thumb Code    38  stm32f1xx_hal.o(.text.HAL_Init)
    HAL_InitTick                             0x08002991   Thumb Code    72  stm32f1xx_hal.o(.text.HAL_InitTick)
    HAL_MspInit                              0x080029d9   Thumb Code    66  stm32f1xx_hal_msp.o(.text.HAL_MspInit)
    HAL_NVIC_EnableIRQ                       0x08002a1d   Thumb Code    38  stm32f1xx_hal_cortex.o(.text.HAL_NVIC_EnableIRQ)
    HAL_NVIC_SetPriority                     0x08002a45   Thumb Code    86  stm32f1xx_hal_cortex.o(.text.HAL_NVIC_SetPriority)
    HAL_NVIC_SetPriorityGrouping             0x08002a9d   Thumb Code    32  stm32f1xx_hal_cortex.o(.text.HAL_NVIC_SetPriorityGrouping)
    HAL_RCCEx_GetPeriphCLKFreq               0x08002abd   Thumb Code   252  stm32f1xx_hal_rcc_ex.o(.text.HAL_RCCEx_GetPeriphCLKFreq)
    HAL_RCCEx_PeriphCLKConfig                0x08002bcd   Thumb Code   266  stm32f1xx_hal_rcc_ex.o(.text.HAL_RCCEx_PeriphCLKConfig)
    HAL_RCC_ClockConfig                      0x08002cd9   Thumb Code   446  stm32f1xx_hal_rcc.o(.text.HAL_RCC_ClockConfig)
    HAL_RCC_GetPCLK1Freq                     0x08002e99   Thumb Code    38  stm32f1xx_hal_rcc.o(.text.HAL_RCC_GetPCLK1Freq)
    HAL_RCC_GetPCLK2Freq                     0x08002ec1   Thumb Code    38  stm32f1xx_hal_rcc.o(.text.HAL_RCC_GetPCLK2Freq)
    HAL_RCC_GetSysClockFreq                  0x08002ee9   Thumb Code    86  stm32f1xx_hal_rcc.o(.text.HAL_RCC_GetSysClockFreq)
    HAL_RCC_OscConfig                        0x08002f41   Thumb Code   948  stm32f1xx_hal_rcc.o(.text.HAL_RCC_OscConfig)
    HAL_SYSTICK_Config                       0x080032f5   Thumb Code    44  stm32f1xx_hal_cortex.o(.text.HAL_SYSTICK_Config)
    HAL_TIMEx_BreakCallback                  0x08003321   Thumb Code     2  stm32f1xx_hal_tim_ex.o(.text.HAL_TIMEx_BreakCallback)
    HAL_TIMEx_CommutCallback                 0x08003325   Thumb Code     2  stm32f1xx_hal_tim_ex.o(.text.HAL_TIMEx_CommutCallback)
    HAL_TIMEx_MasterConfigSynchronization    0x08003329   Thumb Code   146  stm32f1xx_hal_tim_ex.o(.text.HAL_TIMEx_MasterConfigSynchronization)
    HAL_TIM_Base_Init                        0x080033bd   Thumb Code   294  stm32f1xx_hal_tim.o(.text.HAL_TIM_Base_Init)
    HAL_TIM_Base_MspInit                     0x080034e5   Thumb Code   110  tim.o(.text.HAL_TIM_Base_MspInit)
    HAL_TIM_Base_Start_IT                    0x08003555   Thumb Code   134  stm32f1xx_hal_tim.o(.text.HAL_TIM_Base_Start_IT)
    HAL_TIM_ConfigClockSource                0x080035dd   Thumb Code   412  stm32f1xx_hal_tim.o(.text.HAL_TIM_ConfigClockSource)
    HAL_TIM_Encoder_Init                     0x08003779   Thumb Code   386  stm32f1xx_hal_tim.o(.text.HAL_TIM_Encoder_Init)
    HAL_TIM_Encoder_MspInit                  0x080038fd   Thumb Code   162  tim.o(.text.HAL_TIM_Encoder_MspInit)
    HAL_TIM_Encoder_Start                    0x080039a1   Thumb Code   188  stm32f1xx_hal_tim.o(.text.HAL_TIM_Encoder_Start)
    HAL_TIM_IC_CaptureCallback               0x08003a5d   Thumb Code     2  stm32f1xx_hal_tim.o(.text.HAL_TIM_IC_CaptureCallback)
    HAL_TIM_IRQHandler                       0x08003a61   Thumb Code   368  stm32f1xx_hal_tim.o(.text.HAL_TIM_IRQHandler)
    HAL_TIM_OC_DelayElapsedCallback          0x08003bd1   Thumb Code     2  stm32f1xx_hal_tim.o(.text.HAL_TIM_OC_DelayElapsedCallback)
    HAL_TIM_PWM_ConfigChannel                0x08003bd5   Thumb Code   610  stm32f1xx_hal_tim.o(.text.HAL_TIM_PWM_ConfigChannel)
    HAL_TIM_PWM_Init                         0x08003e39   Thumb Code   294  stm32f1xx_hal_tim.o(.text.HAL_TIM_PWM_Init)
    HAL_TIM_PWM_MspInit                      0x08003f61   Thumb Code     2  stm32f1xx_hal_tim.o(.text.HAL_TIM_PWM_MspInit)
    HAL_TIM_PWM_PulseFinishedCallback        0x08003f65   Thumb Code     2  stm32f1xx_hal_tim.o(.text.HAL_TIM_PWM_PulseFinishedCallback)
    HAL_TIM_PWM_Start                        0x08003f69   Thumb Code   226  stm32f1xx_hal_tim.o(.text.HAL_TIM_PWM_Start)
    HAL_TIM_PeriodElapsedCallback            0x0800404d   Thumb Code  1206  main.o(.text.HAL_TIM_PeriodElapsedCallback)
    HAL_TIM_TriggerCallback                  0x08004505   Thumb Code     2  stm32f1xx_hal_tim.o(.text.HAL_TIM_TriggerCallback)
    HAL_UARTEx_RxEventCallback               0x08004509   Thumb Code     2  stm32f1xx_hal_uart.o(.text.HAL_UARTEx_RxEventCallback)
    HAL_UART_ErrorCallback                   0x0800450d   Thumb Code     2  stm32f1xx_hal_uart.o(.text.HAL_UART_ErrorCallback)
    HAL_UART_IRQHandler                      0x08004511   Thumb Code  1376  stm32f1xx_hal_uart.o(.text.HAL_UART_IRQHandler)
    HAL_UART_Init                            0x08004a71   Thumb Code   226  stm32f1xx_hal_uart.o(.text.HAL_UART_Init)
    HAL_UART_MspInit                         0x08004b55   Thumb Code   406  usart.o(.text.HAL_UART_MspInit)
    HAL_UART_Receive_IT                      0x08004ced   Thumb Code    82  stm32f1xx_hal_uart.o(.text.HAL_UART_Receive_IT)
    HAL_UART_RxCpltCallback                  0x08004d41   Thumb Code   396  stm32f1xx_it.o(.text.HAL_UART_RxCpltCallback)
    HAL_UART_TxCpltCallback                  0x08004ed9   Thumb Code     2  stm32f1xx_hal_uart.o(.text.HAL_UART_TxCpltCallback)
    HardFault_Handler                        0x08004edd   Thumb Code     2  stm32f1xx_it.o(.text.HardFault_Handler)
    MX_ADC1_Init                             0x08005585   Thumb Code    90  adc.o(.text.MX_ADC1_Init)
    MX_GPIO_Init                             0x080055e1   Thumb Code   322  gpio.o(.text.MX_GPIO_Init)
    MX_I2C1_Init                             0x08005725   Thumb Code    66  i2c.o(.text.MX_I2C1_Init)
    MX_I2C2_Init                             0x08005769   Thumb Code    66  i2c.o(.text.MX_I2C2_Init)
    MX_TIM1_Init                             0x080057ad   Thumb Code   124  tim.o(.text.MX_TIM1_Init)
    MX_TIM2_Init                             0x08005829   Thumb Code   102  tim.o(.text.MX_TIM2_Init)
    MX_TIM3_Init                             0x08005891   Thumb Code   108  tim.o(.text.MX_TIM3_Init)
    MX_TIM4_Init                             0x080058fd   Thumb Code   298  tim.o(.text.MX_TIM4_Init)
    MX_USART1_UART_Init                      0x08005a29   Thumb Code    60  usart.o(.text.MX_USART1_UART_Init)
    MX_USART2_UART_Init                      0x08005a65   Thumb Code    60  usart.o(.text.MX_USART2_UART_Init)
    MX_USART3_UART_Init                      0x08005aa1   Thumb Code    60  usart.o(.text.MX_USART3_UART_Init)
    MemManage_Handler                        0x08005add   Thumb Code     2  stm32f1xx_it.o(.text.MemManage_Handler)
    MotorControl                             0x08005ae1   Thumb Code   366  motor.o(.text.MotorControl)
    NMI_Handler                              0x08005c51   Thumb Code     2  stm32f1xx_it.o(.text.NMI_Handler)
    OLEDShow                                 0x08005c55   Thumb Code   292  main.o(.text.OLEDShow)
    OLED_Clear                               0x08005e05   Thumb Code   172  oled.o(.text.OLED_Clear)
    OLED_Init                                0x08005eb1   Thumb Code   642  oled.o(.text.OLED_Init)
    OLED_ShowChar                            0x08006135   Thumb Code  1780  oled.o(.text.OLED_ShowChar)
    OLED_ShowString                          0x08006829   Thumb Code   142  oled.o(.text.OLED_ShowString)
    PendSV_Handler                           0x080068b9   Thumb Code     2  stm32f1xx_it.o(.text.PendSV_Handler)
    SVC_Handler                              0x080068bd   Thumb Code     2  stm32f1xx_it.o(.text.SVC_Handler)
    Speed_PID                                0x080068c1   Thumb Code   234  pid.o(.text.Speed_PID)
    Speed_PID_Init                           0x080069ad   Thumb Code    54  pid.o(.text.Speed_PID_Init)
    SysTick_Handler                          0x080069e5   Thumb Code     4  stm32f1xx_it.o(.text.SysTick_Handler)
    SystemInit                               0x080069e9   Thumb Code     2  system_stm32f1xx.o(.text.SystemInit)
    TIM1_UP_IRQHandler                       0x080069ed   Thumb Code    12  stm32f1xx_it.o(.text.TIM1_UP_IRQHandler)
    Trail_PID                                0x080069f9   Thumb Code   238  pid.o(.text.Trail_PID)
    Trail_PID_Init                           0x08006ae9   Thumb Code    46  pid.o(.text.Trail_PID_Init)
    USART2_IRQHandler                        0x08006c25   Thumb Code    12  stm32f1xx_it.o(.text.USART2_IRQHandler)
    USART3_IRQHandler                        0x08006c31   Thumb Code    12  stm32f1xx_it.o(.text.USART3_IRQHandler)
    UsageFault_Handler                       0x08006c3d   Thumb Code     2  stm32f1xx_it.o(.text.UsageFault_Handler)
    adcGetBatteryVoltage                     0x08006c41   Thumb Code    98  adc.o(.text.adcGetBatteryVoltage)
    getMeasurementTimingBudget               0x08006ca5   Thumb Code   182  vl53l0x.o(.text.getMeasurementTimingBudget)
    getSequenceStepTimeouts                  0x08006d5d   Thumb Code   386  vl53l0x.o(.text.getSequenceStepTimeouts)
    getSpadInfo                              0x08006ee1   Thumb Code   794  vl53l0x.o(.text.getSpadInfo)
    initVL53L0X                              0x080071fd   Thumb Code  3624  vl53l0x.o(.text.initVL53L0X)
    main                                     0x08008025   Thumb Code   468  main.o(.text.main)
    performSingleRefCalibration              0x080081f9   Thumb Code   266  vl53l0x.o(.text.performSingleRefCalibration)
    readRangeContinuousMillimeters           0x08008305   Thumb Code   296  vl53l0x.o(.text.readRangeContinuousMillimeters)
    readRangeSingleMillimeters               0x0800842d   Thumb Code   408  vl53l0x.o(.text.readRangeSingleMillimeters)
    setMeasurementTimingBudget               0x080085c5   Thumb Code   422  vl53l0x.o(.text.setMeasurementTimingBudget)
    setSignalRateLimit                       0x0800876d   Thumb Code   116  vl53l0x.o(.text.setSignalRateLimit)
    setVcselPulsePeriod                      0x080087e1   Thumb Code  1144  vl53l0x.o(.text.setVcselPulsePeriod)
    __0sprintf                               0x08008c81   Thumb Code    34  printfa.o(i.__0sprintf)
    __1sprintf                               0x08008c81   Thumb Code     0  printfa.o(i.__0sprintf)
    __2sprintf                               0x08008c81   Thumb Code     0  printfa.o(i.__0sprintf)
    __c89sprintf                             0x08008c81   Thumb Code     0  printfa.o(i.__0sprintf)
    sprintf                                  0x08008c81   Thumb Code     0  printfa.o(i.__0sprintf)
    __scatterload_copy                       0x08008ca9   Thumb Code    14  handlers.o(i.__scatterload_copy)
    __scatterload_null                       0x08008cb7   Thumb Code     2  handlers.o(i.__scatterload_null)
    __scatterload_zeroinit                   0x08008cb9   Thumb Code    14  handlers.o(i.__scatterload_zeroinit)
    __ctype_categories                       0x08009584   Data          64  ctype_c.o(.constdata)
    AHBPrescTable                            0x080095c4   Data          16  system_stm32f1xx.o(.rodata.AHBPrescTable)
    APBPrescTable                            0x080095d4   Data           8  system_stm32f1xx.o(.rodata.APBPrescTable)
    F6x8                                     0x080095dc   Data         552  oledfont.o(.rodata.F6x8)
    F8X16                                    0x08009804   Data        1504  oledfont.o(.rodata.F8X16)
    Region$$Table$$Base                      0x08009e04   Number         0  anon$$obj.o(Region$$Table)
    Region$$Table$$Limit                     0x08009e24   Number         0  anon$$obj.o(Region$$Table)
    leftTargetSpeed                          0x20000000   Data           4  main.o(.data..L_MergedGlobals)
    rightTargetSpeed                         0x20000004   Data           4  main.o(.data..L_MergedGlobals)
    girdsNum                                 0x20000008   Data           4  main.o(.data..L_MergedGlobals)
    uwTickFreq                               0x2000000c   Data           1  stm32f1xx_hal.o(.data..L_MergedGlobals)
    uwTickPrio                               0x20000010   Data           4  stm32f1xx_hal.o(.data..L_MergedGlobals)
    CMD_Data                                 0x20000014   Data          23  oled.o(.data.CMD_Data)
    SystemCoreClock                          0x2000002c   Data           4  system_stm32f1xx.o(.data.SystemCoreClock)
    g_i2cAddr                                0x20000030   Data           1  vl53l0x.o(.data.g_i2cAddr)
    g_isTimeout                              0x20000038   Data           1  vl53l0x.o(.bss..L_MergedGlobals)
    i2cStat                                  0x20000039   Data           1  vl53l0x.o(.bss..L_MergedGlobals)
    g_stopVariable                           0x2000003a   Data           1  vl53l0x.o(.bss..L_MergedGlobals)
    g_ioTimeout                              0x2000003c   Data           2  vl53l0x.o(.bss..L_MergedGlobals)
    g_timeoutStartMs                         0x2000003e   Data           2  vl53l0x.o(.bss..L_MergedGlobals)
    msgBuffer                                0x20000040   Data           4  vl53l0x.o(.bss..L_MergedGlobals)
    g_measTimBudUs                           0x20000044   Data           4  vl53l0x.o(.bss..L_MergedGlobals)
    VL53L0X_I2C_Handler                      0x20000048   Data          84  vl53l0x.o(.bss..L_MergedGlobals)
    leftMotor_PID                            0x2000009c   Data          36  main.o(.bss..L_MergedGlobals.10)
    rightMotor_PID                           0x200000c0   Data          36  main.o(.bss..L_MergedGlobals.10)
    trailMotor_PID                           0x200000e4   Data          36  main.o(.bss..L_MergedGlobals.10)
    Uart2RxBuff                              0x20000108   Data           1  main.o(.bss..L_MergedGlobals.8)
    Uart3RxBuff                              0x20000109   Data           1  main.o(.bss..L_MergedGlobals.8)
    distance                                 0x2000010a   Data           2  main.o(.bss..L_MergedGlobals.8)
    gyrox                                    0x2000010c   Data           2  main.o(.bss..L_MergedGlobals.8)
    gyroy                                    0x2000010e   Data           2  main.o(.bss..L_MergedGlobals.8)
    gyroz                                    0x20000110   Data           2  main.o(.bss..L_MergedGlobals.8)
    tim1Count                                0x20000114   Data           4  main.o(.bss..L_MergedGlobals.8)
    batteryVoltage                           0x20000118   Data           4  main.o(.bss..L_MergedGlobals.8)
    encoderPulse                             0x2000011c   Data           4  main.o(.bss..L_MergedGlobals.8)
    leftSpeed                                0x20000120   Data           4  main.o(.bss..L_MergedGlobals.8)
    rightSpeed                               0x20000124   Data           4  main.o(.bss..L_MergedGlobals.8)
    direction                                0x20000128   Data           4  main.o(.bss..L_MergedGlobals.8)
    Uart3RxFlag                              0x2000012c   Data           4  main.o(.bss..L_MergedGlobals.8)
    RedX                                     0x20000130   Data           4  main.o(.bss..L_MergedGlobals.8)
    RedY                                     0x20000134   Data           4  main.o(.bss..L_MergedGlobals.8)
    Basic_1_Status                           0x20000138   Data           4  main.o(.bss..L_MergedGlobals.8)
    Basic_2_Status                           0x2000013c   Data           4  main.o(.bss..L_MergedGlobals.8)
    girdsNumStatus                           0x20000140   Data           4  main.o(.bss..L_MergedGlobals.8)
    backStatus                               0x20000144   Data           4  main.o(.bss..L_MergedGlobals.8)
    ledGreenCount                            0x20000148   Data           4  main.o(.bss..L_MergedGlobals.8)
    ledRedCount                              0x2000014c   Data           4  main.o(.bss..L_MergedGlobals.8)
    pitch                                    0x20000150   Data           4  main.o(.bss..L_MergedGlobals.8)
    roll                                     0x20000154   Data           4  main.o(.bss..L_MergedGlobals.8)
    yaw                                      0x20000158   Data           4  main.o(.bss..L_MergedGlobals.8)
    trianglePosition                         0x2000015c   Data           8  main.o(.bss..L_MergedGlobals.8)
    squarePosition                           0x20000164   Data           8  main.o(.bss..L_MergedGlobals.8)
    circlePosition                           0x2000016c   Data           8  main.o(.bss..L_MergedGlobals.8)
    distanceStr                              0x20000174   Data          10  main.o(.bss..L_MergedGlobals.8)
    mode                                     0x20000180   Data          20  main.o(.bss..L_MergedGlobals.9)
    voltage                                  0x20000194   Data          20  main.o(.bss..L_MergedGlobals.9)
    speedString                              0x200001a8   Data          22  main.o(.bss..L_MergedGlobals.9)
    colorPostion                             0x200001be   Data          30  main.o(.bss..L_MergedGlobals.9)
    Circle                                   0x200001dc   Data         104  main.o(.bss.Circle)
    RxLine                                   0x20000244   Data           4  main.o(.bss.RxLine)
    Square                                   0x20000248   Data         104  main.o(.bss.Square)
    Triangle                                 0x200002b0   Data         104  main.o(.bss.Triangle)
    Uart2DataBuff                            0x20000318   Data        5000  main.o(.bss.Uart2DataBuff)
    hadc1                                    0x200016a0   Data          48  adc.o(.bss.hadc1)
    hi2c1                                    0x200016d0   Data          84  i2c.o(.bss.hi2c1)
    hi2c2                                    0x20001724   Data          84  i2c.o(.bss.hi2c2)
    htim1                                    0x20001778   Data          72  tim.o(.bss.htim1)
    htim2                                    0x200017c0   Data          72  tim.o(.bss.htim2)
    htim3                                    0x20001808   Data          72  tim.o(.bss.htim3)
    htim4                                    0x20001850   Data          72  tim.o(.bss.htim4)
    huart1                                   0x20001898   Data          72  usart.o(.bss.huart1)
    huart2                                   0x200018e0   Data          72  usart.o(.bss.huart2)
    huart3                                   0x20001928   Data          72  usart.o(.bss.huart3)
    uwTick                                   0x20001970   Data           4  stm32f1xx_hal.o(.bss.uwTick)
    __initial_sp                             0x20001d78   Data           0  startup_stm32f103xe.o(STACK)



==============================================================================

Memory Map of the image

  Image Entry point : 0x08000131

  Load Region LR_IROM1 (Base: 0x08000000, Size: 0x00009e60, Max: 0x00080000, ABSOLUTE)

    Execution Region ER_IROM1 (Exec base: 0x08000000, Load base: 0x08000000, Size: 0x00009e24, Max: 0x00080000, ABSOLUTE)

    Exec Addr    Load Addr    Size         Type   Attr      Idx    E Section Name        Object

    0x08000000   0x08000000   0x00000130   Data   RO            3    RESET               startup_stm32f103xe.o
    0x08000130   0x08000130   0x00000000   Code   RO         1694  * .ARM.Collect$$$$00000000  mc_w.l(entry.o)
    0x08000130   0x08000130   0x00000004   Code   RO         2044    .ARM.Collect$$$$00000001  mc_w.l(entry2.o)
    0x08000134   0x08000134   0x00000004   Code   RO         2047    .ARM.Collect$$$$00000004  mc_w.l(entry5.o)
    0x08000138   0x08000138   0x00000000   Code   RO         2049    .ARM.Collect$$$$00000008  mc_w.l(entry7b.o)
    0x08000138   0x08000138   0x00000000   Code   RO         2051    .ARM.Collect$$$$0000000A  mc_w.l(entry8b.o)
    0x08000138   0x08000138   0x00000008   Code   RO         2052    .ARM.Collect$$$$0000000B  mc_w.l(entry9a.o)
    0x08000140   0x08000140   0x00000000   Code   RO         2054    .ARM.Collect$$$$0000000D  mc_w.l(entry10a.o)
    0x08000140   0x08000140   0x00000000   Code   RO         2056    .ARM.Collect$$$$0000000F  mc_w.l(entry11a.o)
    0x08000140   0x08000140   0x00000004   Code   RO         2045    .ARM.Collect$$$$00002712  mc_w.l(entry2.o)
    0x08000144   0x08000144   0x00000024   Code   RO            4    .text               startup_stm32f103xe.o
    0x08000168   0x08000168   0x00000040   Code   RO         1705    .text               mc_w.l(memmovea.o)
    0x080001a8   0x080001a8   0x00000024   Code   RO         1707    .text               mc_w.l(memseta.o)
    0x080001cc   0x080001cc   0x00000038   Code   RO         1976    .text               mc_w.l(__0sscanf.o)
    0x08000204   0x08000204   0x0000014c   Code   RO         1978    .text               mc_w.l(_scanf_int.o)
    0x08000350   0x08000350   0x000000b0   Code   RO         1980    .text               mf_w.l(fadd.o)
    0x08000400   0x08000400   0x00000064   Code   RO         1982    .text               mf_w.l(fmul.o)
    0x08000464   0x08000464   0x0000014e   Code   RO         1986    .text               mf_w.l(dadd.o)
    0x080005b2   0x080005b2   0x000000e4   Code   RO         1988    .text               mf_w.l(dmul.o)
    0x08000696   0x08000696   0x000000de   Code   RO         1990    .text               mf_w.l(ddiv.o)
    0x08000774   0x08000774   0x0000001c   Code   RO         1994    .text               mf_w.l(fcmplt.o)
    0x08000790   0x08000790   0x0000001c   Code   RO         1996    .text               mf_w.l(fcmpge.o)
    0x080007ac   0x080007ac   0x00000036   Code   RO         2002    .text               mf_w.l(dcmpgt.o)
    0x080007e2   0x080007e2   0x00000012   Code   RO         2004    .text               mf_w.l(fflti.o)
    0x080007f4   0x080007f4   0x0000000a   Code   RO         2006    .text               mf_w.l(ffltui.o)
    0x080007fe   0x080007fe   0x00000022   Code   RO         2008    .text               mf_w.l(dflti.o)
    0x08000820   0x08000820   0x00000032   Code   RO         2010    .text               mf_w.l(ffixi.o)
    0x08000852   0x08000852   0x00000026   Code   RO         2012    .text               mf_w.l(f2d.o)
    0x08000878   0x08000878   0x00000038   Code   RO         2014    .text               mf_w.l(d2f.o)
    0x080008b0   0x080008b0   0x0000002c   Code   RO         2068    .text               mc_w.l(uidiv.o)
    0x080008dc   0x080008dc   0x00000062   Code   RO         2070    .text               mc_w.l(uldiv.o)
    0x0800093e   0x0800093e   0x0000001e   Code   RO         2072    .text               mc_w.l(llshl.o)
    0x0800095c   0x0800095c   0x00000024   Code   RO         2074    .text               mc_w.l(llsshr.o)
    0x08000980   0x08000980   0x0000001c   Code   RO         2083    .text               mc_w.l(_chval.o)
    0x0800099c   0x0800099c   0x00000028   Code   RO         2085    .text               mc_w.l(scanf_char.o)
    0x080009c4   0x080009c4   0x00000040   Code   RO         2087    .text               mc_w.l(_sgetc.o)
    0x08000a04   0x08000a04   0x00000000   Code   RO         2089    .text               mc_w.l(iusefp.o)
    0x08000a04   0x08000a04   0x0000006e   Code   RO         2090    .text               mf_w.l(fepilogue.o)
    0x08000a72   0x08000a72   0x000000ba   Code   RO         2092    .text               mf_w.l(depilogue.o)
    0x08000b2c   0x08000b2c   0x00000030   Code   RO         2096    .text               mf_w.l(dfixul.o)
    0x08000b5c   0x08000b5c   0x00000030   Code   RO         2100    .text               mf_w.l(cdrcmple.o)
    0x08000b8c   0x08000b8c   0x00000024   Code   RO         2102    .text               mc_w.l(init.o)
    0x08000bb0   0x08000bb0   0x00000020   Code   RO         2104    .text               mc_w.l(llushr.o)
    0x08000bd0   0x08000bd0   0x0000000a   Code   RO         2106    .text               mc_w.l(isspace_c.o)
    0x08000bda   0x08000bda   0x00000002   PAD
    0x08000bdc   0x08000bdc   0x0000032c   Code   RO         2108    .text               mc_w.l(_scanf.o)
    0x08000f08   0x08000f08   0x00000028   Code   RO         2112    .text               mc_w.l(ctype_c.o)
    0x08000f30   0x08000f30   0x000000b6   Code   RO          285    .text.ADC_Enable    stm32f1xx_hal_adc.o
    0x08000fe6   0x08000fe6   0x00000002   PAD
    0x08000fe8   0x08000fe8   0x00000108   Code   RO           73    .text.Basic_1       main.o
    0x080010f0   0x080010f0   0x00000114   Code   RO           75    .text.Basic_2       main.o
    0x08001204   0x08001204   0x00000002   Code   RO          222    .text.BusFault_Handler  stm32f1xx_it.o
    0x08001206   0x08001206   0x00000002   PAD
    0x08001208   0x08001208   0x00000020   Code   RO           27    .text.CalActualSpeed  motor.o
    0x08001228   0x08001228   0x00000002   Code   RO          228    .text.DebugMon_Handler  stm32f1xx_it.o
    0x0800122a   0x0800122a   0x00000002   PAD
    0x0800122c   0x0800122c   0x0000000a   Code   RO           63    .text.Error_Handler  main.o
    0x08001236   0x08001236   0x00000002   PAD
    0x08001238   0x08001238   0x00000500   Code   RO           77    .text.Expand_1      main.o
    0x08001738   0x08001738   0x0000002e   Code   RO           23    .text.GetEncoderPulse  motor.o
    0x08001766   0x08001766   0x00000002   PAD
    0x08001768   0x08001768   0x0000009c   Code   RO           69    .text.GirdsNumber   main.o
    0x08001804   0x08001804   0x0000018c   Code   RO          319    .text.HAL_ADC_ConfigChannel  stm32f1xx_hal_adc.o
    0x08001990   0x08001990   0x00000006   Code   RO          307    .text.HAL_ADC_GetValue  stm32f1xx_hal_adc.o
    0x08001996   0x08001996   0x00000002   PAD
    0x08001998   0x08001998   0x00000170   Code   RO          273    .text.HAL_ADC_Init  stm32f1xx_hal_adc.o
    0x08001b08   0x08001b08   0x00000062   Code   RO          128    .text.HAL_ADC_MspInit  adc.o
    0x08001b6a   0x08001b6a   0x00000002   PAD
    0x08001b6c   0x08001b6c   0x00000268   Code   RO          289    .text.HAL_ADC_PollForConversion  stm32f1xx_hal_adc.o
    0x08001dd4   0x08001dd4   0x000000cc   Code   RO          283    .text.HAL_ADC_Start  stm32f1xx_hal_adc.o
    0x08001ea0   0x08001ea0   0x00000046   Code   RO          513    .text.HAL_DMA_Abort  stm32f1xx_hal_dma.o
    0x08001ee6   0x08001ee6   0x00000002   PAD
    0x08001ee8   0x08001ee8   0x0000012e   Code   RO          515    .text.HAL_DMA_Abort_IT  stm32f1xx_hal_dma.o
    0x08002016   0x08002016   0x00000002   PAD
    0x08002018   0x08002018   0x00000028   Code   RO          389    .text.HAL_Delay     stm32f1xx_hal.o
    0x08002040   0x08002040   0x000001fa   Code   RO          481    .text.HAL_GPIO_Init  stm32f1xx_hal_gpio.o
    0x0800223a   0x0800223a   0x00000002   PAD
    0x0800223c   0x0800223c   0x0000000a   Code   RO          485    .text.HAL_GPIO_ReadPin  stm32f1xx_hal_gpio.o
    0x08002246   0x08002246   0x00000002   PAD
    0x08002248   0x08002248   0x00000010   Code   RO          489    .text.HAL_GPIO_TogglePin  stm32f1xx_hal_gpio.o
    0x08002258   0x08002258   0x0000000a   Code   RO          487    .text.HAL_GPIO_WritePin  stm32f1xx_hal_gpio.o
    0x08002262   0x08002262   0x00000002   PAD
    0x08002264   0x08002264   0x0000000c   Code   RO          381    .text.HAL_GetTick   stm32f1xx_hal.o
    0x08002270   0x08002270   0x00000176   Code   RO          702    .text.HAL_I2C_Init  stm32f1xx_hal_i2c.o
    0x080023e6   0x080023e6   0x00000002   PAD
    0x080023e8   0x080023e8   0x0000034a   Code   RO          750    .text.HAL_I2C_Mem_Read  stm32f1xx_hal_i2c.o
    0x08002732   0x08002732   0x00000002   PAD
    0x08002734   0x08002734   0x00000158   Code   RO          746    .text.HAL_I2C_Mem_Write  stm32f1xx_hal_i2c.o
    0x0800288c   0x0800288c   0x000000c0   Code   RO          147    .text.HAL_I2C_MspInit  i2c.o
    0x0800294c   0x0800294c   0x0000001a   Code   RO          379    .text.HAL_IncTick   stm32f1xx_hal.o
    0x08002966   0x08002966   0x00000002   PAD
    0x08002968   0x08002968   0x00000026   Code   RO          369    .text.HAL_Init      stm32f1xx_hal.o
    0x0800298e   0x0800298e   0x00000002   PAD
    0x08002990   0x08002990   0x00000048   Code   RO          371    .text.HAL_InitTick  stm32f1xx_hal.o
    0x080029d8   0x080029d8   0x00000042   Code   RO          250    .text.HAL_MspInit   stm32f1xx_hal_msp.o
    0x08002a1a   0x08002a1a   0x00000002   PAD
    0x08002a1c   0x08002a1c   0x00000026   Code   RO          541    .text.HAL_NVIC_EnableIRQ  stm32f1xx_hal_cortex.o
    0x08002a42   0x08002a42   0x00000002   PAD
    0x08002a44   0x08002a44   0x00000056   Code   RO          539    .text.HAL_NVIC_SetPriority  stm32f1xx_hal_cortex.o
    0x08002a9a   0x08002a9a   0x00000002   PAD
    0x08002a9c   0x08002a9c   0x00000020   Code   RO          537    .text.HAL_NVIC_SetPriorityGrouping  stm32f1xx_hal_cortex.o
    0x08002abc   0x08002abc   0x00000110   Code   RO          471    .text.HAL_RCCEx_GetPeriphCLKFreq  stm32f1xx_hal_rcc_ex.o
    0x08002bcc   0x08002bcc   0x0000010a   Code   RO          467    .text.HAL_RCCEx_PeriphCLKConfig  stm32f1xx_hal_rcc_ex.o
    0x08002cd6   0x08002cd6   0x00000002   PAD
    0x08002cd8   0x08002cd8   0x000001be   Code   RO          433    .text.HAL_RCC_ClockConfig  stm32f1xx_hal_rcc.o
    0x08002e96   0x08002e96   0x00000002   PAD
    0x08002e98   0x08002e98   0x00000026   Code   RO          445    .text.HAL_RCC_GetPCLK1Freq  stm32f1xx_hal_rcc.o
    0x08002ebe   0x08002ebe   0x00000002   PAD
    0x08002ec0   0x08002ec0   0x00000026   Code   RO          447    .text.HAL_RCC_GetPCLK2Freq  stm32f1xx_hal_rcc.o
    0x08002ee6   0x08002ee6   0x00000002   PAD
    0x08002ee8   0x08002ee8   0x00000056   Code   RO          435    .text.HAL_RCC_GetSysClockFreq  stm32f1xx_hal_rcc.o
    0x08002f3e   0x08002f3e   0x00000002   PAD
    0x08002f40   0x08002f40   0x000003b4   Code   RO          431    .text.HAL_RCC_OscConfig  stm32f1xx_hal_rcc.o
    0x080032f4   0x080032f4   0x0000002c   Code   RO          549    .text.HAL_SYSTICK_Config  stm32f1xx_hal_cortex.o
    0x08003320   0x08003320   0x00000002   Code   RO         1145    .text.HAL_TIMEx_BreakCallback  stm32f1xx_hal_tim_ex.o
    0x08003322   0x08003322   0x00000002   PAD
    0x08003324   0x08003324   0x00000002   Code   RO         1141    .text.HAL_TIMEx_CommutCallback  stm32f1xx_hal_tim_ex.o
    0x08003326   0x08003326   0x00000002   PAD
    0x08003328   0x08003328   0x00000092   Code   RO         1135    .text.HAL_TIMEx_MasterConfigSynchronization  stm32f1xx_hal_tim_ex.o
    0x080033ba   0x080033ba   0x00000002   PAD
    0x080033bc   0x080033bc   0x00000126   Code   RO          840    .text.HAL_TIM_Base_Init  stm32f1xx_hal_tim.o
    0x080034e2   0x080034e2   0x00000002   PAD
    0x080034e4   0x080034e4   0x0000006e   Code   RO          171    .text.HAL_TIM_Base_MspInit  tim.o
    0x08003552   0x08003552   0x00000002   PAD
    0x08003554   0x08003554   0x00000086   Code   RO          854    .text.HAL_TIM_Base_Start_IT  stm32f1xx_hal_tim.o
    0x080035da   0x080035da   0x00000002   PAD
    0x080035dc   0x080035dc   0x0000019c   Code   RO         1020    .text.HAL_TIM_ConfigClockSource  stm32f1xx_hal_tim.o
    0x08003778   0x08003778   0x00000182   Code   RO          954    .text.HAL_TIM_Encoder_Init  stm32f1xx_hal_tim.o
    0x080038fa   0x080038fa   0x00000002   PAD
    0x080038fc   0x080038fc   0x000000a2   Code   RO          173    .text.HAL_TIM_Encoder_MspInit  tim.o
    0x0800399e   0x0800399e   0x00000002   PAD
    0x080039a0   0x080039a0   0x000000bc   Code   RO          962    .text.HAL_TIM_Encoder_Start  stm32f1xx_hal_tim.o
    0x08003a5c   0x08003a5c   0x00000002   Code   RO          976    .text.HAL_TIM_IC_CaptureCallback  stm32f1xx_hal_tim.o
    0x08003a5e   0x08003a5e   0x00000002   PAD
    0x08003a60   0x08003a60   0x00000170   Code   RO          974    .text.HAL_TIM_IRQHandler  stm32f1xx_hal_tim.o
    0x08003bd0   0x08003bd0   0x00000002   Code   RO          978    .text.HAL_TIM_OC_DelayElapsedCallback  stm32f1xx_hal_tim.o
    0x08003bd2   0x08003bd2   0x00000002   PAD
    0x08003bd4   0x08003bd4   0x00000262   Code   RO          994    .text.HAL_TIM_PWM_ConfigChannel  stm32f1xx_hal_tim.o
    0x08003e36   0x08003e36   0x00000002   PAD
    0x08003e38   0x08003e38   0x00000126   Code   RO          894    .text.HAL_TIM_PWM_Init  stm32f1xx_hal_tim.o
    0x08003f5e   0x08003f5e   0x00000002   PAD
    0x08003f60   0x08003f60   0x00000002   Code   RO          896    .text.HAL_TIM_PWM_MspInit  stm32f1xx_hal_tim.o
    0x08003f62   0x08003f62   0x00000002   PAD
    0x08003f64   0x08003f64   0x00000002   Code   RO          980    .text.HAL_TIM_PWM_PulseFinishedCallback  stm32f1xx_hal_tim.o
    0x08003f66   0x08003f66   0x00000002   PAD
    0x08003f68   0x08003f68   0x000000e2   Code   RO          902    .text.HAL_TIM_PWM_Start  stm32f1xx_hal_tim.o
    0x0800404a   0x0800404a   0x00000002   PAD
    0x0800404c   0x0800404c   0x000004b6   Code   RO           65    .text.HAL_TIM_PeriodElapsedCallback  main.o
    0x08004502   0x08004502   0x00000002   PAD
    0x08004504   0x08004504   0x00000002   Code   RO          984    .text.HAL_TIM_TriggerCallback  stm32f1xx_hal_tim.o
    0x08004506   0x08004506   0x00000002   PAD
    0x08004508   0x08004508   0x00000002   Code   RO         1243    .text.HAL_UARTEx_RxEventCallback  stm32f1xx_hal_uart.o
    0x0800450a   0x0800450a   0x00000002   PAD
    0x0800450c   0x0800450c   0x00000002   Code   RO         1241    .text.HAL_UART_ErrorCallback  stm32f1xx_hal_uart.o
    0x0800450e   0x0800450e   0x00000002   PAD
    0x08004510   0x08004510   0x00000560   Code   RO         1235    .text.HAL_UART_IRQHandler  stm32f1xx_hal_uart.o
    0x08004a70   0x08004a70   0x000000e2   Code   RO         1159    .text.HAL_UART_Init  stm32f1xx_hal_uart.o
    0x08004b52   0x08004b52   0x00000002   PAD
    0x08004b54   0x08004b54   0x00000196   Code   RO          201    .text.HAL_UART_MspInit  usart.o
    0x08004cea   0x08004cea   0x00000002   PAD
    0x08004cec   0x08004cec   0x00000052   Code   RO         1179    .text.HAL_UART_Receive_IT  stm32f1xx_hal_uart.o
    0x08004d3e   0x08004d3e   0x00000002   PAD
    0x08004d40   0x08004d40   0x00000198   Code   RO          240    .text.HAL_UART_RxCpltCallback  stm32f1xx_it.o
    0x08004ed8   0x08004ed8   0x00000002   Code   RO         1245    .text.HAL_UART_TxCpltCallback  stm32f1xx_hal_uart.o
    0x08004eda   0x08004eda   0x00000002   PAD
    0x08004edc   0x08004edc   0x00000002   Code   RO          218    .text.HardFault_Handler  stm32f1xx_it.o
    0x08004ede   0x08004ede   0x00000002   PAD
    0x08004ee0   0x08004ee0   0x00000118   Code   RO          752    .text.I2C_RequestMemoryRead  stm32f1xx_hal_i2c.o
    0x08004ff8   0x08004ff8   0x000000c8   Code   RO          748    .text.I2C_RequestMemoryWrite  stm32f1xx_hal_i2c.o
    0x080050c0   0x080050c0   0x000000be   Code   RO          716    .text.I2C_WaitOnBTFFlagUntilTimeout  stm32f1xx_hal_i2c.o
    0x0800517e   0x0800517e   0x00000002   PAD
    0x08005180   0x08005180   0x000001d2   Code   RO          712    .text.I2C_WaitOnFlagUntilTimeout  stm32f1xx_hal_i2c.o
    0x08005352   0x08005352   0x00000002   PAD
    0x08005354   0x08005354   0x000000e0   Code   RO          830    .text.I2C_WaitOnMasterAddressFlagUntilTimeout  stm32f1xx_hal_i2c.o
    0x08005434   0x08005434   0x00000090   Code   RO          720    .text.I2C_WaitOnRXNEFlagUntilTimeout  stm32f1xx_hal_i2c.o
    0x080054c4   0x080054c4   0x000000be   Code   RO          714    .text.I2C_WaitOnTXEFlagUntilTimeout  stm32f1xx_hal_i2c.o
    0x08005582   0x08005582   0x00000002   PAD
    0x08005584   0x08005584   0x0000005a   Code   RO          126    .text.MX_ADC1_Init  adc.o
    0x080055de   0x080055de   0x00000002   PAD
    0x080055e0   0x080055e0   0x00000142   Code   RO          117    .text.MX_GPIO_Init  gpio.o
    0x08005722   0x08005722   0x00000002   PAD
    0x08005724   0x08005724   0x00000042   Code   RO          143    .text.MX_I2C1_Init  i2c.o
    0x08005766   0x08005766   0x00000002   PAD
    0x08005768   0x08005768   0x00000042   Code   RO          145    .text.MX_I2C2_Init  i2c.o
    0x080057aa   0x080057aa   0x00000002   PAD
    0x080057ac   0x080057ac   0x0000007c   Code   RO          161    .text.MX_TIM1_Init  tim.o
    0x08005828   0x08005828   0x00000066   Code   RO          163    .text.MX_TIM2_Init  tim.o
    0x0800588e   0x0800588e   0x00000002   PAD
    0x08005890   0x08005890   0x0000006c   Code   RO          165    .text.MX_TIM3_Init  tim.o
    0x080058fc   0x080058fc   0x0000012a   Code   RO          167    .text.MX_TIM4_Init  tim.o
    0x08005a26   0x08005a26   0x00000002   PAD
    0x08005a28   0x08005a28   0x0000003c   Code   RO          195    .text.MX_USART1_UART_Init  usart.o
    0x08005a64   0x08005a64   0x0000003c   Code   RO          197    .text.MX_USART2_UART_Init  usart.o
    0x08005aa0   0x08005aa0   0x0000003c   Code   RO          199    .text.MX_USART3_UART_Init  usart.o
    0x08005adc   0x08005adc   0x00000002   Code   RO          220    .text.MemManage_Handler  stm32f1xx_it.o
    0x08005ade   0x08005ade   0x00000002   PAD
    0x08005ae0   0x08005ae0   0x0000016e   Code   RO           25    .text.MotorControl  motor.o
    0x08005c4e   0x08005c4e   0x00000002   PAD
    0x08005c50   0x08005c50   0x00000002   Code   RO          216    .text.NMI_Handler   stm32f1xx_it.o
    0x08005c52   0x08005c52   0x00000002   PAD
    0x08005c54   0x08005c54   0x000001b0   Code   RO           71    .text.OLEDShow      main.o
    0x08005e04   0x08005e04   0x000000ac   Code   RO         1302    .text.OLED_Clear    oled.o
    0x08005eb0   0x08005eb0   0x00000282   Code   RO         1294    .text.OLED_Init     oled.o
    0x08006132   0x08006132   0x00000002   PAD
    0x08006134   0x08006134   0x000006f4   Code   RO         1312    .text.OLED_ShowChar  oled.o
    0x08006828   0x08006828   0x0000008e   Code   RO         1314    .text.OLED_ShowString  oled.o
    0x080068b6   0x080068b6   0x00000002   PAD
    0x080068b8   0x080068b8   0x00000002   Code   RO          230    .text.PendSV_Handler  stm32f1xx_it.o
    0x080068ba   0x080068ba   0x00000002   PAD
    0x080068bc   0x080068bc   0x00000002   Code   RO          226    .text.SVC_Handler   stm32f1xx_it.o
    0x080068be   0x080068be   0x00000002   PAD
    0x080068c0   0x080068c0   0x000000ea   Code   RO           45    .text.Speed_PID     pid.o
    0x080069aa   0x080069aa   0x00000002   PAD
    0x080069ac   0x080069ac   0x00000036   Code   RO           41    .text.Speed_PID_Init  pid.o
    0x080069e2   0x080069e2   0x00000002   PAD
    0x080069e4   0x080069e4   0x00000004   Code   RO          232    .text.SysTick_Handler  stm32f1xx_it.o
    0x080069e8   0x080069e8   0x00000002   Code   RO         1279    .text.SystemInit    system_stm32f1xx.o
    0x080069ea   0x080069ea   0x00000002   PAD
    0x080069ec   0x080069ec   0x0000000c   Code   RO          234    .text.TIM1_UP_IRQHandler  stm32f1xx_it.o
    0x080069f8   0x080069f8   0x000000ee   Code   RO           47    .text.Trail_PID     pid.o
    0x08006ae6   0x08006ae6   0x00000002   PAD
    0x08006ae8   0x08006ae8   0x0000002e   Code   RO           43    .text.Trail_PID_Init  pid.o
    0x08006b16   0x08006b16   0x00000002   PAD
    0x08006b18   0x08006b18   0x0000000c   Code   RO         1239    .text.UART_DMAAbortOnError  stm32f1xx_hal_uart.o
    0x08006b24   0x08006b24   0x000000fe   Code   RO         1237    .text.UART_Receive_IT  stm32f1xx_hal_uart.o
    0x08006c22   0x08006c22   0x00000002   PAD
    0x08006c24   0x08006c24   0x0000000c   Code   RO          236    .text.USART2_IRQHandler  stm32f1xx_it.o
    0x08006c30   0x08006c30   0x0000000c   Code   RO          238    .text.USART3_IRQHandler  stm32f1xx_it.o
    0x08006c3c   0x08006c3c   0x00000002   Code   RO          224    .text.UsageFault_Handler  stm32f1xx_it.o
    0x08006c3e   0x08006c3e   0x00000002   PAD
    0x08006c40   0x08006c40   0x00000062   Code   RO          132    .text.adcGetBatteryVoltage  adc.o
    0x08006ca2   0x08006ca2   0x00000002   PAD
    0x08006ca4   0x08006ca4   0x000000b6   Code   RO         1646    .text.getMeasurementTimingBudget  vl53l0x.o
    0x08006d5a   0x08006d5a   0x00000002   PAD
    0x08006d5c   0x08006d5c   0x00000182   Code   RO         1656    .text.getSequenceStepTimeouts  vl53l0x.o
    0x08006ede   0x08006ede   0x00000002   PAD
    0x08006ee0   0x08006ee0   0x0000031a   Code   RO         1644    .text.getSpadInfo   vl53l0x.o
    0x080071fa   0x080071fa   0x00000002   PAD
    0x080071fc   0x080071fc   0x00000e28   Code   RO         1640    .text.initVL53L0X   vl53l0x.o
    0x08008024   0x08008024   0x000001d4   Code   RO           57    .text.main          main.o
    0x080081f8   0x080081f8   0x0000010a   Code   RO         1650    .text.performSingleRefCalibration  vl53l0x.o
    0x08008302   0x08008302   0x00000002   PAD
    0x08008304   0x08008304   0x00000128   Code   RO         1666    .text.readRangeContinuousMillimeters  vl53l0x.o
    0x0800842c   0x0800842c   0x00000198   Code   RO         1668    .text.readRangeSingleMillimeters  vl53l0x.o
    0x080085c4   0x080085c4   0x000001a6   Code   RO         1648    .text.setMeasurementTimingBudget  vl53l0x.o
    0x0800876a   0x0800876a   0x00000002   PAD
    0x0800876c   0x0800876c   0x00000074   Code   RO         1642    .text.setSignalRateLimit  vl53l0x.o
    0x080087e0   0x080087e0   0x000004a0   Code   RO         1658    .text.setVcselPulsePeriod  vl53l0x.o
    0x08008c80   0x08008c80   0x00000028   Code   RO         1950    i.__0sprintf        mc_w.l(printfa.o)
    0x08008ca8   0x08008ca8   0x0000000e   Code   RO         2117    i.__scatterload_copy  mc_w.l(handlers.o)
    0x08008cb6   0x08008cb6   0x00000002   Code   RO         2118    i.__scatterload_null  mc_w.l(handlers.o)
    0x08008cb8   0x08008cb8   0x0000000e   Code   RO         2119    i.__scatterload_zeroinit  mc_w.l(handlers.o)
    0x08008cc6   0x08008cc6   0x00000002   PAD
    0x08008cc8   0x08008cc8   0x00000184   Code   RO         1955    i._fp_digits        mc_w.l(printfa.o)
    0x08008e4c   0x08008e4c   0x000006dc   Code   RO         1956    i._printf_core      mc_w.l(printfa.o)
    0x08009528   0x08009528   0x00000024   Code   RO         1957    i._printf_post_padding  mc_w.l(printfa.o)
    0x0800954c   0x0800954c   0x0000002e   Code   RO         1958    i._printf_pre_padding  mc_w.l(printfa.o)
    0x0800957a   0x0800957a   0x0000000a   Code   RO         1960    i._sputc            mc_w.l(printfa.o)
    0x08009584   0x08009584   0x00000040   Data   RO         2113    .constdata          mc_w.l(ctype_c.o)
    0x080095c4   0x080095c4   0x00000010   Data   RO         1284    .rodata.AHBPrescTable  system_stm32f1xx.o
    0x080095d4   0x080095d4   0x00000008   Data   RO         1285    .rodata.APBPrescTable  system_stm32f1xx.o
    0x080095dc   0x080095dc   0x00000228   Data   RO         1343    .rodata.F6x8        oledfont.o
    0x08009804   0x08009804   0x000005e0   Data   RO         1344    .rodata.F8X16       oledfont.o
    0x08009de4   0x08009de4   0x00000002   Data   RO          458    .rodata.HAL_RCC_GetSysClockFreq.aPredivFactorTable  stm32f1xx_hal_rcc.o
    0x08009de6   0x08009de6   0x00000010   Data   RO          457    .rodata.cst16       stm32f1xx_hal_rcc.o
    0x08009df6   0x08009df6   0x0000000e   Data   RO           99    .rodata.str1.1      main.o
    0x08009e04   0x08009e04   0x00000020   Data   RO         2116    Region$$Table       anon$$obj.o


    Execution Region RW_IRAM1 (Exec base: 0x20000000, Load base: 0x08009e28, Size: 0x00001d78, Max: 0x00010000, ABSOLUTE)

    Exec Addr    Load Addr    Size         Type   Attr      Idx    E Section Name        Object

    0x20000000   0x08009e28   0x0000000c   Data   RW          105    .data..L_MergedGlobals  main.o
    0x2000000c   0x08009e34   0x00000008   Data   RW          420    .data..L_MergedGlobals  stm32f1xx_hal.o
    0x20000014   0x08009e3c   0x00000017   Data   RW         1334    .data.CMD_Data      oled.o
    0x2000002b   0x08009e53   0x00000001   PAD
    0x2000002c   0x08009e54   0x00000004   Data   RW         1283    .data.SystemCoreClock  system_stm32f1xx.o
    0x20000030   0x08009e58   0x00000001   Data   RW         1676    .data.g_i2cAddr     vl53l0x.o
    0x20000031   0x08009e59   0x00000007   PAD
    0x20000038        -       0x00000064   Zero   RW         1677    .bss..L_MergedGlobals  vl53l0x.o
    0x2000009c        -       0x0000006c   Zero   RW          108    .bss..L_MergedGlobals.10  main.o
    0x20000108        -       0x00000076   Zero   RW          106    .bss..L_MergedGlobals.8  main.o
    0x2000017e   0x08009e59   0x00000002   PAD
    0x20000180        -       0x0000005c   Zero   RW          107    .bss..L_MergedGlobals.9  main.o
    0x200001dc        -       0x00000068   Zero   RW           98    .bss.Circle         main.o
    0x20000244        -       0x00000004   Zero   RW           94    .bss.RxLine         main.o
    0x20000248        -       0x00000068   Zero   RW           97    .bss.Square         main.o
    0x200002b0        -       0x00000068   Zero   RW           96    .bss.Triangle       main.o
    0x20000318        -       0x00001388   Zero   RW          103    .bss.Uart2DataBuff  main.o
    0x200016a0        -       0x00000030   Zero   RW          134    .bss.hadc1          adc.o
    0x200016d0        -       0x00000054   Zero   RW          151    .bss.hi2c1          i2c.o
    0x20001724        -       0x00000054   Zero   RW          152    .bss.hi2c2          i2c.o
    0x20001778        -       0x00000048   Zero   RW          179    .bss.htim1          tim.o
    0x200017c0        -       0x00000048   Zero   RW          180    .bss.htim2          tim.o
    0x20001808        -       0x00000048   Zero   RW          181    .bss.htim3          tim.o
    0x20001850        -       0x00000048   Zero   RW          182    .bss.htim4          tim.o
    0x20001898        -       0x00000048   Zero   RW          205    .bss.huart1         usart.o
    0x200018e0        -       0x00000048   Zero   RW          206    .bss.huart2         usart.o
    0x20001928        -       0x00000048   Zero   RW          207    .bss.huart3         usart.o
    0x20001970        -       0x00000004   Zero   RW          419    .bss.uwTick         stm32f1xx_hal.o
    0x20001974   0x08009e59   0x00000004   PAD
    0x20001978        -       0x00000400   Zero   RW            1    STACK               startup_stm32f103xe.o


==============================================================================

Image component sizes


      Code (inc. data)   RO Data    RW Data    ZI Data      Debug   Object Name

       286          0          0          0         48       4231   adc.o
       322          0          0          0          0       1712   gpio.o
       324          0          0          0        168       4671   i2c.o
      4092        140         14         12       5634      13986   main.o
       444          0          0          0          0       3260   motor.o
      2736          0          0         23          0      23580   oled.o
         0          0       2056          0          0        540   oledfont.o
       572          0          0          0          0       1944   pid.o
        36          8        304          0       1024        800   startup_stm32f103xe.o
       188          0          0          8          4       6085   stm32f1xx_hal.o
      1772          0          0          0          0      13231   stm32f1xx_hal_adc.o
       200          0          0          0          0       8843   stm32f1xx_hal_cortex.o
       372          0          0          0          0       8570   stm32f1xx_hal_dma.o
       542         20          0          0          0       4553   stm32f1xx_hal_gpio.o
      3254          0          0          0          0      42565   stm32f1xx_hal_i2c.o
        66          0          0          0          0       1209   stm32f1xx_hal_msp.o
      1556          0         18          0          0       7685   stm32f1xx_hal_rcc.o
       538         36          0          0          0       3807   stm32f1xx_hal_rcc_ex.o
      2922          4          0          0          0      55890   stm32f1xx_hal_tim.o
       150          0          0          0          0      20902   stm32f1xx_hal_tim_ex.o
      1956          0          0          0          0      32344   stm32f1xx_hal_uart.o
       464         12          0          0          0       6516   stm32f1xx_it.o
         2          0         24          4          0       1635   system_stm32f1xx.o
       904          0          0          0        288       9121   tim.o
       586          0          0          0        216       7429   usart.o
      7678         40          0          1        100      39677   vl53l0x.o

    ----------------------------------------------------------------------
     32116        260       2448         52       7492     324786   Object Totals
         0          0         32          0          0          0   (incl. Generated)
       154          0          0          4         10          0   (incl. Padding)

    ----------------------------------------------------------------------

      Code (inc. data)   RO Data    RW Data    ZI Data      Debug   Library Member Name

        56          8          0          0          0         84   __0sscanf.o
        28          0          0          0          0         68   _chval.o
       812          4          0          0          0        112   _scanf.o
       332          0          0          0          0         96   _scanf_int.o
        64          0          0          0          0         84   _sgetc.o
        40          6         64          0          0         68   ctype_c.o
         0          0          0          0          0          0   entry.o
         0          0          0          0          0          0   entry10a.o
         0          0          0          0          0          0   entry11a.o
         8          4          0          0          0          0   entry2.o
         4          0          0          0          0          0   entry5.o
         0          0          0          0          0          0   entry7b.o
         0          0          0          0          0          0   entry8b.o
         8          4          0          0          0          0   entry9a.o
        30          0          0          0          0          0   handlers.o
        36          8          0          0          0         68   init.o
        10          0          0          0          0         68   isspace_c.o
         0          0          0          0          0          0   iusefp.o
        30          0          0          0          0         68   llshl.o
        36          0          0          0          0         68   llsshr.o
        32          0          0          0          0         68   llushr.o
        64          0          0          0          0         76   memmovea.o
        36          0          0          0          0        108   memseta.o
      2276         86          0          0          0        520   printfa.o
        40          8          0          0          0         84   scanf_char.o
        44          0          0          0          0         80   uidiv.o
        98          0          0          0          0         92   uldiv.o
        48          0          0          0          0         68   cdrcmple.o
        56          0          0          0          0         88   d2f.o
       334          0          0          0          0        148   dadd.o
        54          0          0          0          0         80   dcmpgt.o
       222          0          0          0          0        100   ddiv.o
       186          0          0          0          0        176   depilogue.o
        48          0          0          0          0         68   dfixul.o
        34          0          0          0          0         76   dflti.o
       228          0          0          0          0         96   dmul.o
        38          0          0          0          0         68   f2d.o
       176          0          0          0          0        140   fadd.o
        28          0          0          0          0         68   fcmpge.o
        28          0          0          0          0         68   fcmplt.o
       110          0          0          0          0        168   fepilogue.o
        50          0          0          0          0         68   ffixi.o
        18          0          0          0          0         68   fflti.o
        10          0          0          0          0         68   ffltui.o
       100          0          0          0          0         76   fmul.o

    ----------------------------------------------------------------------
      5856        128         64          0          0       3504   Library Totals
         4          0          0          0          0          0   (incl. Padding)

    ----------------------------------------------------------------------

      Code (inc. data)   RO Data    RW Data    ZI Data      Debug   Library Name

      4084        128         64          0          0       1812   mc_w.l
      1768          0          0          0          0       1692   mf_w.l

    ----------------------------------------------------------------------
      5856        128         64          0          0       3504   Library Totals

    ----------------------------------------------------------------------

==============================================================================


      Code (inc. data)   RO Data    RW Data    ZI Data      Debug   

     37972        388       2512         52       7492     326058   Grand Totals
     37972        388       2512         52       7492     326058   ELF Image Totals
     37972        388       2512         52          0          0   ROM Totals

==============================================================================

    Total RO  Size (Code + RO Data)                40484 (  39.54kB)
    Total RW  Size (RW Data + ZI Data)              7544 (   7.37kB)
    Total ROM Size (Code + RO Data + RW Data)      40536 (  39.59kB)

==============================================================================

